******************************************************************************
                  TI ARM Linker Unix v20.2.2                   
******************************************************************************
>> Linked Wed May  4 00:21:04 2022

OUTPUT FILE NAME:   <blinky.out>
ENTRY POINT SYMBOL: "_c_int00_noargs"  address: 00000775


MEMORY CONFIGURATION

         name            origin    length      used     unused   attr    fill
----------------------  --------  ---------  --------  --------  ----  --------
  FLASH                 00000000   00040000  00000986  0003f67a  R  X
  SRAM                  20000000   00008000  00000478  00007b88  RW X


SEGMENT ALLOCATION MAP

run origin  load origin   length   init length attrs members
----------  ----------- ---------- ----------- ----- -------
00000000    00000000    00000988   00000988    r-x
  00000000    00000000    0000026c   0000026c    r-- .intvecs
  0000026c    0000026c    0000067e   0000067e    r-x .text
  000008ec    000008ec    0000006c   0000006c    r-- .const
  00000958    00000958    00000030   00000030    r-- .cinit
20000000    20000000    0000047c   00000000    rw-
  20000000    20000000    0000026c   00000000    rw- .vtable
  20000270    20000270    00000200   00000000    rw- .stack
  20000470    20000470    0000000c   00000000    rw- .data


SECTION ALLOCATION MAP

 output                                  attributes/
section   page    origin      length       input sections
--------  ----  ----------  ----------   ----------------
.intvecs   0    00000000    0000026c     
                  00000000    0000026c     startup_ccs.obj (.intvecs)

.text      0    0000026c    0000067e     
                  0000026c    00000132     driverlib.lib : gpio.obj (.text:GPIOPadConfigSet)
                  0000039e    00000002     startup_ccs.obj (.text:FaultISR)
                  000003a0    00000110     driverlib.lib : sysctl.obj (.text:SysCtlClockGet)
                  000004b0    000000f4                   : sysctl.obj (.text:SysCtlClockSet)
                  000005a4    0000009c     rtsv7M4_T_le_v4SPD16_eabi.lib : memcpy_t2.asm.obj (.text)
                  00000640    00000068                                   : copy_decompress_lzss.c.obj (.text:decompress:lzss:__TI_decompress_lzss)
                  000006a8    00000054     blinky.obj (.text:Systick_Handler)
                  000006fc    00000044     rtsv7M4_T_le_v4SPD16_eabi.lib : autoinit.c.obj (.text:__TI_auto_init_nobinit_nopinit:__TI_auto_init_nobinit_nopinit)
                  00000740    00000034     driverlib.lib : interrupt.obj (.text:IntRegister)
                  00000774    00000034     rtsv7M4_T_le_v4SPD16_eabi.lib : boot_cortex_m.c.obj (.text:_c_int00_noargs:_c_int00_noargs)
                  000007a8    0000002c     blinky.obj (.text:main)
                  000007d4    0000002a     driverlib.lib : gpio.obj (.text:GPIODirModeSet)
                  000007fe    00000002     startup_ccs.obj (.text:IntDefaultHandler)
                  00000800    0000001c     driverlib.lib : systick.obj (.text:SysTickIntRegister)
                  0000081c    0000001c     startup.obj (.text:Systick_Init)
                  00000838    0000001c     rtsv7M4_T_le_v4SPD16_eabi.lib : copy_zero_init.c.obj (.text:decompress:ZI:__TI_zero_init_nomemset:__TI_zero_init_nomemset)
                  00000854    00000018     driverlib.lib : gpio.obj (.text:GPIOPinTypeGPIOOutput)
                  0000086c    00000014                   : systick.obj (.text:SysTickEnable)
                  00000880    00000014                   : systick.obj (.text:SysTickIntEnable)
                  00000894    00000010                   : interrupt.obj (.text:IntMasterEnable)
                  000008a4    00000010                   : systick.obj (.text:SysTickPeriodSet)
                  000008b4    0000000e     rtsv7M4_T_le_v4SPD16_eabi.lib : copy_decompress_none.c.obj (.text:decompress:none:__TI_decompress_none)
                  000008c2    0000000c     driverlib.lib : cpu.obj (.text:CPUcpsie)
                  000008ce    00000006                   : gpio.obj (.text:GPIOPinWrite)
                  000008d4    00000006     startup_ccs.obj (.text:ResetISR)
                  000008da    00000006     driverlib.lib : sysctl.obj (.text:SysCtlDelay)
                  000008e0    00000004     rtsv7M4_T_le_v4SPD16_eabi.lib : pre_init.c.obj (.text:_system_pre_init)
                  000008e4    00000004                                   : exit.c.obj (.text:abort:abort)
                  000008e8    00000002     startup_ccs.obj (.text:NmiSR)

.const     0    000008ec    0000006c     
                  000008ec    0000006c     driverlib.lib : sysctl.obj (.const:g_pui32Xtals)

.cinit     0    00000958    00000030     
                  00000958    0000000c     (__TI_handler_table)
                  00000964    00000008     (.cinit..data.load) [load image, compression = lzss]
                  0000096c    00000004     --HOLE-- [fill = 0]
                  00000970    00000008     (.cinit..vtable.load) [load image, compression = zero_init]
                  00000978    00000010     (__TI_cinit_table)

.init_array 
*          0    00000000    00000000     UNINITIALIZED

.vtable    0    20000000    0000026c     UNINITIALIZED
                  20000000    0000026c     driverlib.lib : interrupt.obj (.vtable)

.data      0    20000470    0000000c     UNINITIALIZED
                  20000470    0000000c     blinky.obj (.data)

.stack     0    20000270    00000200     UNINITIALIZED
                  20000270    00000004     rtsv7M4_T_le_v4SPD16_eabi.lib : boot_cortex_m.c.obj (.stack)
                  20000274    000001fc     --HOLE--

__llvm_prf_cnts 
*          0    20000000    00000000     UNINITIALIZED

MODULE SUMMARY

       Module                       code   ro data   rw data
       ------                       ----   -------   -------
    ./
       startup_ccs.obj              12     620       0      
       blinky.obj                   128    0         12     
    +--+----------------------------+------+---------+---------+
       Total:                       140    620       12     
                                                            
    ./driver/
       startup.obj                  28     0         0      
    +--+----------------------------+------+---------+---------+
       Total:                       28     0         0      
                                                            
    /home/nghia/ti/SW-TM4C-2.1.4.178/driverlib/ccs/Debug/driverlib.lib
       interrupt.obj                68     0         620    
       sysctl.obj                   522    108       0      
       gpio.obj                     378    0         0      
       systick.obj                  84     0         0      
       cpu.obj                      12     0         0      
    +--+----------------------------+------+---------+---------+
       Total:                       1064   108       620    
                                                            
    /home/nghia/ti/ccs1020/ccs/tools/compiler/ti-cgt-arm_20.2.2.LTS/lib/rtsv7M4_T_le_v4SPD16_eabi.lib
       memcpy_t2.asm.obj            156    0         0      
       copy_decompress_lzss.c.obj   104    0         0      
       autoinit.c.obj               68     0         0      
       boot_cortex_m.c.obj          52     0         0      
       copy_zero_init.c.obj         28     0         0      
       copy_decompress_none.c.obj   14     0         0      
       exit.c.obj                   4      0         0      
       pre_init.c.obj               4      0         0      
    +--+----------------------------+------+---------+---------+
       Total:                       430    0         0      
                                                            
       Stack:                       0      0         512    
       Linker Generated:            0      44        0      
    +--+----------------------------+------+---------+---------+
       Grand Total:                 1662   772       1144   


LINKER GENERATED COPY TABLES

__TI_cinit_table @ 00000978 records: 2, size/record: 8, table size: 16
	.data: load addr=00000964, load size=00000008 bytes, run addr=20000470, run size=0000000c bytes, compression=lzss
	.vtable: load addr=00000970, load size=00000008 bytes, run addr=20000000, run size=0000026c bytes, compression=zero_init


LINKER GENERATED HANDLER TABLE

__TI_handler_table @ 00000958 records: 3, size/record: 4, table size: 12
	index: 0, handler: __TI_zero_init
	index: 1, handler: __TI_decompress_lzss
	index: 2, handler: __TI_decompress_none


GLOBAL SYMBOLS: SORTED ALPHABETICALLY BY Name 

address   name                          
-------   ----                          
000008e5  C$$EXIT                       
000008c3  CPUcpsie                      
20000470  Duty                          
000007d5  GPIODirModeSet                
0000026d  GPIOPadConfigSet              
00000855  GPIOPinTypeGPIOOutput         
000008cf  GPIOPinWrite                  
00000895  IntMasterEnable               
00000741  IntRegister                   
000008d5  ResetISR                      
000003a1  SysCtlClockGet                
000004b1  SysCtlClockSet                
000008db  SysCtlDelay                   
0000086d  SysTickEnable                 
00000881  SysTickIntEnable              
00000801  SysTickIntRegister            
000008a5  SysTickPeriodSet              
000006a9  Systick_Handler               
0000081d  Systick_Init                  
20000470  __STACK_END                   
00000200  __STACK_SIZE                  
20000470  __STACK_TOP                   
00000978  __TI_CINIT_Base               
00000988  __TI_CINIT_Limit              
00000958  __TI_Handler_Table_Base       
00000964  __TI_Handler_Table_Limit      
000006fd  __TI_auto_init_nobinit_nopinit
00000641  __TI_decompress_lzss          
000008b5  __TI_decompress_none          
ffffffff  __TI_pprof_out_hndl           
ffffffff  __TI_prof_data_size           
ffffffff  __TI_prof_data_start          
00000000  __TI_static_base__            
00000839  __TI_zero_init_nomemset       
000005a5  __aeabi_memcpy                
000005a5  __aeabi_memcpy4               
000005a5  __aeabi_memcpy8               
ffffffff  __binit__                     
ffffffff  __c_args__                    
UNDEFED   __mpu_init                    
20000270  __stack                       
20000000  __start___llvm_prf_cnts       
20000000  __stop___llvm_prf_cnts        
00000775  _c_int00_noargs               
UNDEFED   _system_post_cinit            
000008e1  _system_pre_init              
000008e5  abort                         
ffffffff  binit                         
20000000  g_pfnRAMVectors               
00000000  g_pfnVectors                  
000007a9  main                          
000005a5  memcpy                        


GLOBAL SYMBOLS: SORTED BY Symbol Address 

address   name                          
-------   ----                          
00000000  __TI_static_base__            
00000000  g_pfnVectors                  
00000200  __STACK_SIZE                  
0000026d  GPIOPadConfigSet              
000003a1  SysCtlClockGet                
000004b1  SysCtlClockSet                
000005a5  __aeabi_memcpy                
000005a5  __aeabi_memcpy4               
000005a5  __aeabi_memcpy8               
000005a5  memcpy                        
00000641  __TI_decompress_lzss          
000006a9  Systick_Handler               
000006fd  __TI_auto_init_nobinit_nopinit
00000741  IntRegister                   
00000775  _c_int00_noargs               
000007a9  main                          
000007d5  GPIODirModeSet                
00000801  SysTickIntRegister            
0000081d  Systick_Init                  
00000839  __TI_zero_init_nomemset       
00000855  GPIOPinTypeGPIOOutput         
0000086d  SysTickEnable                 
00000881  SysTickIntEnable              
00000895  IntMasterEnable               
000008a5  SysTickPeriodSet              
000008b5  __TI_decompress_none          
000008c3  CPUcpsie                      
000008cf  GPIOPinWrite                  
000008d5  ResetISR                      
000008db  SysCtlDelay                   
000008e1  _system_pre_init              
000008e5  C$$EXIT                       
000008e5  abort                         
00000958  __TI_Handler_Table_Base       
00000964  __TI_Handler_Table_Limit      
00000978  __TI_CINIT_Base               
00000988  __TI_CINIT_Limit              
20000000  __start___llvm_prf_cnts       
20000000  __stop___llvm_prf_cnts        
20000000  g_pfnRAMVectors               
20000270  __stack                       
20000470  Duty                          
20000470  __STACK_END                   
20000470  __STACK_TOP                   
ffffffff  __TI_pprof_out_hndl           
ffffffff  __TI_prof_data_size           
ffffffff  __TI_prof_data_start          
ffffffff  __binit__                     
ffffffff  __c_args__                    
ffffffff  binit                         
UNDEFED   __mpu_init                    
UNDEFED   _system_post_cinit            

[52 symbols]
