******************************************************************************
                  TI ARM Linker Unix v20.2.2                   
******************************************************************************
>> Linked Tue May 17 15:27:39 2022

OUTPUT FILE NAME:   <blinky.out>
ENTRY POINT SYMBOL: "_c_int00_noargs"  address: 00000c1d


MEMORY CONFIGURATION

         name            origin    length      used     unused   attr    fill
----------------------  --------  ---------  --------  --------  ----  --------
  FLASH                 00000000   00040000  00000fc0  0003f040  R  X
  SRAM                  20000000   00008000  00000471  00007b8f  RW X


SEGMENT ALLOCATION MAP

run origin  load origin   length   init length attrs members
----------  ----------- ---------- ----------- ----- -------
00000000    00000000    00000fc0   00000fc0    r-x
  00000000    00000000    0000026c   0000026c    r-- .intvecs
  0000026c    0000026c    00000b20   00000b20    r-x .text
  00000d8c    00000d8c    00000204   00000204    r-- .const
  00000f90    00000f90    00000030   00000030    r-- .cinit
20000000    20000000    00000475   00000000    rw-
  20000000    20000000    0000026c   00000000    rw- .vtable
  20000270    20000270    00000200   00000000    rw- .stack
  20000470    20000470    00000005   00000000    rw- .data


SECTION ALLOCATION MAP

 output                                  attributes/
section   page    origin      length       input sections
--------  ----  ----------  ----------   ----------------
.intvecs   0    00000000    0000026c     
                  00000000    0000026c     startup_ccs.obj (.intvecs)

.text      0    0000026c    00000b20     
                  0000026c    000001ee     uartstdio.obj (.text:UARTvprintf)
                  0000045a    00000132     driverlib.lib : gpio.obj (.text:GPIOPadConfigSet)
                  0000058c    00000110                   : sysctl.obj (.text:SysCtlClockGet)
                  0000069c    000000f4                   : sysctl.obj (.text:SysCtlClockSet)
                  00000790    0000009c     rtsv7M4_T_le_v4SPD16_eabi.lib : memcpy_t2.asm.obj (.text)
                  0000082c    00000098     startup.obj (.text:Uart_Init)
                  000008c4    0000006c     startup.obj (.text:UART0IntHandler)
                  00000930    00000068     driverlib.lib : interrupt.obj (.text:IntEnable)
                  00000998    00000068     rtsv7M4_T_le_v4SPD16_eabi.lib : copy_decompress_lzss.c.obj (.text:decompress:lzss:__TI_decompress_lzss)
                  00000a00    00000060     uartstdio.obj (.text:UARTStdioConfig)
                  00000a60    00000048     driverlib.lib : gpio.obj (.text:GPIOPinConfigure)
                  00000aa8    00000048     uartstdio.obj (.text:UARTwrite)
                  00000af0    00000044     rtsv7M4_T_le_v4SPD16_eabi.lib : autoinit.c.obj (.text:__TI_auto_init_nobinit_nopinit:__TI_auto_init_nobinit_nopinit)
                  00000b34    00000040     driverlib.lib : uart.obj (.text:_UARTIntNumberGet)
                  00000b74    00000040     rtsv7M4_T_le_v4SPD16_eabi.lib : u_divt2.asm.obj (.text)
                  00000bb4    00000034     driverlib.lib : interrupt.obj (.text:IntRegister)
                  00000be8    00000034                   : sysctl.obj (.text:SysCtlPeripheralEnable)
                  00000c1c    00000034     rtsv7M4_T_le_v4SPD16_eabi.lib : boot_cortex_m.c.obj (.text:_c_int00_noargs:_c_int00_noargs)
                  00000c50    0000002a     driverlib.lib : gpio.obj (.text:GPIODirModeSet)
                  00000c7a    0000001c     rtsv7M4_T_le_v4SPD16_eabi.lib : copy_zero_init.c.obj (.text:decompress:ZI:__TI_zero_init_nomemset:__TI_zero_init_nomemset)
                  00000c96    0000001a     uartstdio.obj (.text:UARTprintf)
                  00000cb0    00000018     driverlib.lib : uart.obj (.text:UARTIntRegister)
                  00000cc8    00000014     blinky.obj (.text:main)
                  00000cdc    00000012     driverlib.lib : gpio.obj (.text:GPIOPinTypeUART)
                  00000cee    00000010                   : interrupt.obj (.text:IntMasterEnable)
                  00000cfe    0000000e                   : uart.obj (.text:UARTCharPutNonBlocking)
                  00000d0c    0000000e                   : uart.obj (.text:UARTCharsAvail)
                  00000d1a    0000000e     rtsv7M4_T_le_v4SPD16_eabi.lib : copy_decompress_none.c.obj (.text:decompress:none:__TI_decompress_none)
                  00000d28    0000000c     driverlib.lib : cpu.obj (.text:CPUcpsie)
                  00000d34    0000000a                   : uart.obj (.text:UARTCharGet)
                  00000d3e    0000000a                   : uart.obj (.text:UARTFIFOEnable)
                  00000d48    0000000a                   : uart.obj (.text:UARTIntStatus)
                  00000d52    00000008                   : uart.obj (.text:UARTIntEnable)
                  00000d5a    00000006                   : gpio.obj (.text:GPIOPinWrite)
                  00000d60    00000006     startup_ccs.obj (.text:ResetISR)
                  00000d66    00000006     driverlib.lib : sysctl.obj (.text:SysCtlDelay)
                  00000d6c    00000006                   : uart.obj (.text:UARTClockSourceSet)
                  00000d72    00000006                   : uart.obj (.text:UARTFIFOLevelSet)
                  00000d78    00000004                   : uart.obj (.text:UARTIntClear)
                  00000d7c    00000004     rtsv7M4_T_le_v4SPD16_eabi.lib : pre_init.c.obj (.text:_system_pre_init)
                  00000d80    00000004                                   : exit.c.obj (.text:abort:abort)
                  00000d84    00000002     startup_ccs.obj (.text:FaultISR)
                  00000d86    00000002     startup_ccs.obj (.text:IntDefaultHandler)
                  00000d88    00000002     startup_ccs.obj (.text:NmiSR)
                  00000d8a    00000002     rtsv7M4_T_le_v4SPD16_eabi.lib : div0.asm.obj (.text)

.const     0    00000d8c    00000204     
                  00000d8c    00000090     driverlib.lib : gpio.obj (.const:g_pui32GPIOBaseAddrs)
                  00000e1c    00000070                   : interrupt.obj (.const)
                  00000e8c    0000006c                   : sysctl.obj (.const:g_pui32Xtals)
                  00000ef8    00000040                   : uart.obj (.const:g_ppui32UARTIntMap)
                  00000f38    00000040                   : uart.obj (.const:g_ppui32UARTIntMapSnowflake)
                  00000f78    0000000c     uartstdio.obj (.const:g_ui32UARTBase)
                  00000f84    0000000c     uartstdio.obj (.const:g_ui32UARTPeriph)

.cinit     0    00000f90    00000030     
                  00000f90    0000000c     (__TI_handler_table)
                  00000f9c    00000004     --HOLE-- [fill = 0]
                  00000fa0    00000008     (.cinit..vtable.load) [load image, compression = zero_init]
                  00000fa8    00000007     (.cinit..data.load) [load image, compression = lzss]
                  00000faf    00000001     --HOLE-- [fill = 0]
                  00000fb0    00000010     (__TI_cinit_table)

.init_array 
*          0    00000000    00000000     UNINITIALIZED

.vtable    0    20000000    0000026c     UNINITIALIZED
                  20000000    0000026c     driverlib.lib : interrupt.obj (.vtable)

.data      0    20000470    00000005     UNINITIALIZED
                  20000470    00000005     uartstdio.obj (.data)

.stack     0    20000270    00000200     UNINITIALIZED
                  20000270    00000004     rtsv7M4_T_le_v4SPD16_eabi.lib : boot_cortex_m.c.obj (.stack)
                  20000274    000001fc     --HOLE--

__llvm_prf_cnts 
*          0    20000000    00000000     UNINITIALIZED

MODULE SUMMARY

       Module                       code   ro data   rw data
       ------                       ----   -------   -------
    ./
       startup_ccs.obj              12     620       0      
       blinky.obj                   20     0         0      
    +--+----------------------------+------+---------+---------+
       Total:                       32     620       0      
                                                            
    ./driver/
       startup.obj                  260    0         0      
    +--+----------------------------+------+---------+---------+
       Total:                       260    0         0      
                                                            
    ./utils/
       uartstdio.obj                688    24        5      
    +--+----------------------------+------+---------+---------+
       Total:                       688    24        5      
                                                            
    /home/nghia/ti/SW-TM4C-2.1.4.178/driverlib/ccs/Debug/driverlib.lib
       interrupt.obj                172    112       620    
       sysctl.obj                   574    108       0      
       gpio.obj                     444    144       0      
       uart.obj                     170    128       0      
       cpu.obj                      12     0         0      
    +--+----------------------------+------+---------+---------+
       Total:                       1372   492       620    
                                                            
    /home/nghia/ti/ccs1020/ccs/tools/compiler/ti-cgt-arm_20.2.2.LTS/lib/rtsv7M4_T_le_v4SPD16_eabi.lib
       memcpy_t2.asm.obj            156    0         0      
       copy_decompress_lzss.c.obj   104    0         0      
       autoinit.c.obj               68     0         0      
       u_divt2.asm.obj              64     0         0      
       boot_cortex_m.c.obj          52     0         0      
       copy_zero_init.c.obj         28     0         0      
       copy_decompress_none.c.obj   14     0         0      
       exit.c.obj                   4      0         0      
       pre_init.c.obj               4      0         0      
       div0.asm.obj                 2      0         0      
    +--+----------------------------+------+---------+---------+
       Total:                       496    0         0      
                                                            
       Stack:                       0      0         512    
       Linker Generated:            0      43        0      
    +--+----------------------------+------+---------+---------+
       Grand Total:                 2848   1179      1137   


LINKER GENERATED COPY TABLES

__TI_cinit_table @ 00000fb0 records: 2, size/record: 8, table size: 16
	.vtable: load addr=00000fa0, load size=00000008 bytes, run addr=20000000, run size=0000026c bytes, compression=zero_init
	.data: load addr=00000fa8, load size=00000007 bytes, run addr=20000470, run size=00000005 bytes, compression=lzss


LINKER GENERATED HANDLER TABLE

__TI_handler_table @ 00000f90 records: 3, size/record: 4, table size: 12
	index: 0, handler: __TI_zero_init
	index: 1, handler: __TI_decompress_lzss
	index: 2, handler: __TI_decompress_none


GLOBAL SYMBOLS: SORTED ALPHABETICALLY BY Name 

address   name                          
-------   ----                          
00000d81  C$$EXIT                       
00000d29  CPUcpsie                      
00000c51  GPIODirModeSet                
0000045b  GPIOPadConfigSet              
00000a61  GPIOPinConfigure              
00000cdd  GPIOPinTypeUART               
00000d5b  GPIOPinWrite                  
00000931  IntEnable                     
00000cef  IntMasterEnable               
00000bb5  IntRegister                   
00000d61  ResetISR                      
0000058d  SysCtlClockGet                
0000069d  SysCtlClockSet                
00000d67  SysCtlDelay                   
00000be9  SysCtlPeripheralEnable        
000008c5  UART0IntHandler               
00000d35  UARTCharGet                   
00000cff  UARTCharPutNonBlocking        
00000d0d  UARTCharsAvail                
00000d6d  UARTClockSourceSet            
00000d3f  UARTFIFOEnable                
00000d73  UARTFIFOLevelSet              
00000d79  UARTIntClear                  
00000d53  UARTIntEnable                 
00000cb1  UARTIntRegister               
00000d49  UARTIntStatus                 
00000a01  UARTStdioConfig               
00000c97  UARTprintf                    
0000026d  UARTvprintf                   
00000aa9  UARTwrite                     
0000082d  Uart_Init                     
20000470  __STACK_END                   
00000200  __STACK_SIZE                  
20000470  __STACK_TOP                   
00000fb0  __TI_CINIT_Base               
00000fc0  __TI_CINIT_Limit              
00000f90  __TI_Handler_Table_Base       
00000f9c  __TI_Handler_Table_Limit      
00000af1  __TI_auto_init_nobinit_nopinit
00000999  __TI_decompress_lzss          
00000d1b  __TI_decompress_none          
ffffffff  __TI_pprof_out_hndl           
ffffffff  __TI_prof_data_size           
ffffffff  __TI_prof_data_start          
00000000  __TI_static_base__            
00000c7b  __TI_zero_init_nomemset       
00000d8b  __aeabi_idiv0                 
00000d8b  __aeabi_ldiv0                 
00000791  __aeabi_memcpy                
00000791  __aeabi_memcpy4               
00000791  __aeabi_memcpy8               
00000b75  __aeabi_uidiv                 
00000b75  __aeabi_uidivmod              
ffffffff  __binit__                     
ffffffff  __c_args__                    
UNDEFED   __mpu_init                    
20000270  __stack                       
20000000  __start___llvm_prf_cnts       
20000000  __stop___llvm_prf_cnts        
00000c1d  _c_int00_noargs               
UNDEFED   _system_post_cinit            
00000d7d  _system_pre_init              
00000d81  abort                         
ffffffff  binit                         
20000000  g_pfnRAMVectors               
00000000  g_pfnVectors                  
00000cc9  main                          
00000791  memcpy                        


GLOBAL SYMBOLS: SORTED BY Symbol Address 

address   name                          
-------   ----                          
00000000  __TI_static_base__            
00000000  g_pfnVectors                  
00000200  __STACK_SIZE                  
0000026d  UARTvprintf                   
0000045b  GPIOPadConfigSet              
0000058d  SysCtlClockGet                
0000069d  SysCtlClockSet                
00000791  __aeabi_memcpy                
00000791  __aeabi_memcpy4               
00000791  __aeabi_memcpy8               
00000791  memcpy                        
0000082d  Uart_Init                     
000008c5  UART0IntHandler               
00000931  IntEnable                     
00000999  __TI_decompress_lzss          
00000a01  UARTStdioConfig               
00000a61  GPIOPinConfigure              
00000aa9  UARTwrite                     
00000af1  __TI_auto_init_nobinit_nopinit
00000b75  __aeabi_uidiv                 
00000b75  __aeabi_uidivmod              
00000bb5  IntRegister                   
00000be9  SysCtlPeripheralEnable        
00000c1d  _c_int00_noargs               
00000c51  GPIODirModeSet                
00000c7b  __TI_zero_init_nomemset       
00000c97  UARTprintf                    
00000cb1  UARTIntRegister               
00000cc9  main                          
00000cdd  GPIOPinTypeUART               
00000cef  IntMasterEnable               
00000cff  UARTCharPutNonBlocking        
00000d0d  UARTCharsAvail                
00000d1b  __TI_decompress_none          
00000d29  CPUcpsie                      
00000d35  UARTCharGet                   
00000d3f  UARTFIFOEnable                
00000d49  UARTIntStatus                 
00000d53  UARTIntEnable                 
00000d5b  GPIOPinWrite                  
00000d61  ResetISR                      
00000d67  SysCtlDelay                   
00000d6d  UARTClockSourceSet            
00000d73  UARTFIFOLevelSet              
00000d79  UARTIntClear                  
00000d7d  _system_pre_init              
00000d81  C$$EXIT                       
00000d81  abort                         
00000d8b  __aeabi_idiv0                 
00000d8b  __aeabi_ldiv0                 
00000f90  __TI_Handler_Table_Base       
00000f9c  __TI_Handler_Table_Limit      
00000fb0  __TI_CINIT_Base               
00000fc0  __TI_CINIT_Limit              
20000000  __start___llvm_prf_cnts       
20000000  __stop___llvm_prf_cnts        
20000000  g_pfnRAMVectors               
20000270  __stack                       
20000470  __STACK_END                   
20000470  __STACK_TOP                   
ffffffff  __TI_pprof_out_hndl           
ffffffff  __TI_prof_data_size           
ffffffff  __TI_prof_data_start          
ffffffff  __binit__                     
ffffffff  __c_args__                    
ffffffff  binit                         
UNDEFED   __mpu_init                    
UNDEFED   _system_post_cinit            

[68 symbols]
