******************************************************************************
                  TI ARM Linker Unix v20.2.2                   
******************************************************************************
>> Linked Tue May  3 22:44:31 2022

OUTPUT FILE NAME:   <FSM.out>
ENTRY POINT SYMBOL: "_c_int00_noargs"  address: 00000a39


MEMORY CONFIGURATION

         name            origin    length      used     unused   attr    fill
----------------------  --------  ---------  --------  --------  ----  --------
  FLASH                 00000000   00040000  00000be6  0003f41a  R  X
  SRAM                  20000000   00008000  00000474  00007b8c  RW X


SEGMENT ALLOCATION MAP

run origin  load origin   length   init length attrs members
----------  ----------- ---------- ----------- ----- -------
00000000    00000000    00000be8   00000be8    r-x
  00000000    00000000    0000026c   0000026c    r-- .intvecs
  0000026c    0000026c    000008c2   000008c2    r-x .text
  00000b30    00000b30    00000078   00000078    r-- .const
  00000ba8    00000ba8    00000040   00000040    r-- .cinit
20000000    20000000    00000477   00000000    rw-
  20000000    20000000    0000026c   00000000    rw- .vtable
  2000026c    2000026c    00000001   00000000    rw- .bss
  20000270    20000270    00000200   00000000    rw- .stack
  20000470    20000470    00000007   00000000    rw- .data


SECTION ALLOCATION MAP

 output                                  attributes/
section   page    origin      length       input sections
--------  ----  ----------  ----------   ----------------
.intvecs   0    00000000    0000026c     
                  00000000    0000026c     tm4c123gh6pm_startup_ccs.obj (.intvecs)

.text      0    0000026c    000008c2     
                  0000026c    0000020c     FSM.obj (.text)
                  00000478    000001d8     driverlib-cm4f.lib : sysctl.obj (.text:SysCtlClockGet)
                  00000650    0000013c                        : sysctl.obj (.text:SysCtlClockSet)
                  0000078c    000000c0     main.obj (.text)
                  0000084c    0000009c     rtsv7M4_T_le_v4SPD16_eabi.lib : memcpy_t2.asm.obj (.text)
                  000008e8    00000070     Config_Port.obj (.text)
                  00000958    00000068     rtsv7M4_T_le_v4SPD16_eabi.lib : copy_decompress_lzss.c.obj (.text:decompress:lzss:__TI_decompress_lzss)
                  000009c0    00000044                                   : autoinit.c.obj (.text:__TI_auto_init_nobinit_nopinit:__TI_auto_init_nobinit_nopinit)
                  00000a04    00000034     driverlib-cm4f.lib : interrupt.obj (.text:IntRegister)
                  00000a38    00000034     rtsv7M4_T_le_v4SPD16_eabi.lib : boot_cortex_m.c.obj (.text:_c_int00_noargs:_c_int00_noargs)
                  00000a6c    0000001c     driverlib-cm4f.lib : systick.obj (.text:SysTickIntRegister)
                  00000a88    0000001c     rtsv7M4_T_le_v4SPD16_eabi.lib : copy_zero_init.c.obj (.text:decompress:ZI:__TI_zero_init_nomemset:__TI_zero_init_nomemset)
                  00000aa4    00000014     driverlib-cm4f.lib : systick.obj (.text:SysTickEnable)
                  00000ab8    00000014                        : systick.obj (.text:SysTickIntEnable)
                  00000acc    00000010                        : systick.obj (.text:SysTickPeriodSet)
                  00000adc    0000000e     rtsv7M4_T_le_v4SPD16_eabi.lib : copy_decompress_none.c.obj (.text:decompress:none:__TI_decompress_none)
                  00000aea    0000000c     driverlib-cm4f.lib : cpu.obj (.text:CPUcpsie)
                  00000af6    0000000c     tm4c123gh6pm_startup_ccs.obj (.text)
                  00000b02    0000000a     driverlib-cm4f.lib : gpio.obj (.text:GPIOPinRead)
                  00000b0c    0000000a                        : gpio.obj (.text:GPIOPinWrite)
                  00000b16    0000000a                        : interrupt.obj (.text:IntMasterEnable)
                  00000b20    00000006                        : sysctl.obj (.text:SysCtlDelay)
                  00000b26    00000004     rtsv7M4_T_le_v4SPD16_eabi.lib : pre_init.c.obj (.text:_system_pre_init)
                  00000b2a    00000004                                   : exit.c.obj (.text:abort:abort)

.const     0    00000b30    00000078     
                  00000b30    0000006c     driverlib-cm4f.lib : sysctl.obj (.const:g_pulXtals)
                  00000b9c    0000000c     FSM.obj (.const:ledPin)

.cinit     0    00000ba8    00000040     
                  00000ba8    0000000c     (__TI_handler_table)
                  00000bb4    00000004     --HOLE-- [fill = 0]
                  00000bb8    00000008     (.cinit..bss.load) [load image, compression = zero_init]
                  00000bc0    00000008     (.cinit..vtable.load) [load image, compression = zero_init]
                  00000bc8    00000007     (.cinit..data.load) [load image, compression = lzss]
                  00000bcf    00000001     --HOLE-- [fill = 0]
                  00000bd0    00000018     (__TI_cinit_table)

.init_array 
*          0    00000000    00000000     UNINITIALIZED

.vtable    0    20000000    0000026c     UNINITIALIZED
                  20000000    0000026c     driverlib-cm4f.lib : interrupt.obj (.vtable)

.bss       0    2000026c    00000001     UNINITIALIZED
                  2000026c    00000001     FSM.obj (.bss)

.data      0    20000470    00000007     UNINITIALIZED
                  20000470    00000007     FSM.obj (.data)

.stack     0    20000270    00000200     UNINITIALIZED
                  20000270    00000004     rtsv7M4_T_le_v4SPD16_eabi.lib : boot_cortex_m.c.obj (.stack)
                  20000274    000001fc     --HOLE--

__llvm_prf_cnts 
*          0    20000000    00000000     UNINITIALIZED

MODULE SUMMARY

       Module                         code   ro data   rw data
       ------                         ----   -------   -------
    ./
       tm4c123gh6pm_startup_ccs.obj   12     620       0      
       main.obj                       192    0         0      
    +--+------------------------------+------+---------+---------+
       Total:                         204    620       0      
                                                              
    ./Config_Port/
       Config_Port.obj                112    0         0      
    +--+------------------------------+------+---------+---------+
       Total:                         112    0         0      
                                                              
    ./FSM/
       FSM.obj                        524    12        8      
    +--+------------------------------+------+---------+---------+
       Total:                         524    12        8      
                                                              
    /home/nghia/ti/SW-EK-LM4F120XL-master/driverlib/ccs-cm4f/Debug/driverlib-cm4f.lib
       sysctl.obj                     794    108       0      
       interrupt.obj                  62     0         620    
       systick.obj                    84     0         0      
       gpio.obj                       20     0         0      
       cpu.obj                        12     0         0      
    +--+------------------------------+------+---------+---------+
       Total:                         972    108       620    
                                                              
    /home/nghia/ti/ccs1020/ccs/tools/compiler/ti-cgt-arm_20.2.2.LTS/lib/rtsv7M4_T_le_v4SPD16_eabi.lib
       memcpy_t2.asm.obj              156    0         0      
       copy_decompress_lzss.c.obj     104    0         0      
       autoinit.c.obj                 68     0         0      
       boot_cortex_m.c.obj            52     0         0      
       copy_zero_init.c.obj           28     0         0      
       copy_decompress_none.c.obj     14     0         0      
       exit.c.obj                     4      0         0      
       pre_init.c.obj                 4      0         0      
    +--+------------------------------+------+---------+---------+
       Total:                         430    0         0      
                                                              
       Stack:                         0      0         512    
       Linker Generated:              0      59        0      
    +--+------------------------------+------+---------+---------+
       Grand Total:                   2242   799       1140   


LINKER GENERATED COPY TABLES

__TI_cinit_table @ 00000bd0 records: 3, size/record: 8, table size: 24
	.bss: load addr=00000bb8, load size=00000008 bytes, run addr=2000026c, run size=00000001 bytes, compression=zero_init
	.vtable: load addr=00000bc0, load size=00000008 bytes, run addr=20000000, run size=0000026c bytes, compression=zero_init
	.data: load addr=00000bc8, load size=00000007 bytes, run addr=20000470, run size=00000007 bytes, compression=lzss


LINKER GENERATED HANDLER TABLE

__TI_handler_table @ 00000ba8 records: 3, size/record: 4, table size: 12
	index: 0, handler: __TI_zero_init
	index: 1, handler: __TI_decompress_lzss
	index: 2, handler: __TI_decompress_none


GLOBAL SYMBOLS: SORTED ALPHABETICALLY BY Name 

address   name                          
-------   ----                          
00000b2b  C$$EXIT                       
00000aeb  CPUcpsie                      
00000b03  GPIOPinRead                   
00000b0d  GPIOPinWrite                  
00000b17  IntMasterEnable               
00000a05  IntRegister                   
000008e9  PortF_Init                    
00000af7  ResetISR                      
00000479  SysCtlClockGet                
00000651  SysCtlClockSet                
00000b21  SysCtlDelay                   
00000aa5  SysTickEnable                 
00000ab9  SysTickIntEnable              
00000a6d  SysTickIntRegister            
00000acd  SysTickPeriodSet              
0000078d  Systick_Handler               
000007f9  Systick_Init                  
20000470  __STACK_END                   
00000200  __STACK_SIZE                  
20000470  __STACK_TOP                   
00000bd0  __TI_CINIT_Base               
00000be8  __TI_CINIT_Limit              
00000ba8  __TI_Handler_Table_Base       
00000bb4  __TI_Handler_Table_Limit      
000009c1  __TI_auto_init_nobinit_nopinit
00000959  __TI_decompress_lzss          
00000add  __TI_decompress_none          
ffffffff  __TI_pprof_out_hndl           
ffffffff  __TI_prof_data_size           
ffffffff  __TI_prof_data_start          
00000000  __TI_static_base__            
00000a89  __TI_zero_init_nomemset       
0000084d  __aeabi_memcpy                
0000084d  __aeabi_memcpy4               
0000084d  __aeabi_memcpy8               
ffffffff  __binit__                     
ffffffff  __c_args__                    
UNDEFED   __mpu_init                    
20000270  __stack                       
20000000  __start___llvm_prf_cnts       
20000000  __stop___llvm_prf_cnts        
00000a39  _c_int00_noargs               
UNDEFED   _system_post_cinit            
00000b27  _system_pre_init              
00000b2b  abort                         
ffffffff  binit                         
20000000  g_pfnRAMVectors               
00000000  g_pfnVectors                  
20000471  greenCounter                  
20000473  greenFlag                     
0000026d  ledControl                    
00000375  ledGreenStateMachineUpdate    
00000b9c  ledPin                        
000002e9  ledRedStateMachineUpdate      
20000474  ledTimer                      
0000081f  main                          
0000084d  memcpy                        
20000470  redCounter                    
20000472  redFlag                       
000002ad  switchState                   


GLOBAL SYMBOLS: SORTED BY Symbol Address 

address   name                          
-------   ----                          
00000000  __TI_static_base__            
00000000  g_pfnVectors                  
00000200  __STACK_SIZE                  
0000026d  ledControl                    
000002ad  switchState                   
000002e9  ledRedStateMachineUpdate      
00000375  ledGreenStateMachineUpdate    
00000479  SysCtlClockGet                
00000651  SysCtlClockSet                
0000078d  Systick_Handler               
000007f9  Systick_Init                  
0000081f  main                          
0000084d  __aeabi_memcpy                
0000084d  __aeabi_memcpy4               
0000084d  __aeabi_memcpy8               
0000084d  memcpy                        
000008e9  PortF_Init                    
00000959  __TI_decompress_lzss          
000009c1  __TI_auto_init_nobinit_nopinit
00000a05  IntRegister                   
00000a39  _c_int00_noargs               
00000a6d  SysTickIntRegister            
00000a89  __TI_zero_init_nomemset       
00000aa5  SysTickEnable                 
00000ab9  SysTickIntEnable              
00000acd  SysTickPeriodSet              
00000add  __TI_decompress_none          
00000aeb  CPUcpsie                      
00000af7  ResetISR                      
00000b03  GPIOPinRead                   
00000b0d  GPIOPinWrite                  
00000b17  IntMasterEnable               
00000b21  SysCtlDelay                   
00000b27  _system_pre_init              
00000b2b  C$$EXIT                       
00000b2b  abort                         
00000b9c  ledPin                        
00000ba8  __TI_Handler_Table_Base       
00000bb4  __TI_Handler_Table_Limit      
00000bd0  __TI_CINIT_Base               
00000be8  __TI_CINIT_Limit              
20000000  __start___llvm_prf_cnts       
20000000  __stop___llvm_prf_cnts        
20000000  g_pfnRAMVectors               
20000270  __stack                       
20000470  __STACK_END                   
20000470  __STACK_TOP                   
20000470  redCounter                    
20000471  greenCounter                  
20000472  redFlag                       
20000473  greenFlag                     
20000474  ledTimer                      
ffffffff  __TI_pprof_out_hndl           
ffffffff  __TI_prof_data_size           
ffffffff  __TI_prof_data_start          
ffffffff  __binit__                     
ffffffff  __c_args__                    
ffffffff  binit                         
UNDEFED   __mpu_init                    
UNDEFED   _system_post_cinit            

[60 symbols]
