******************************************************************************
                  TI ARM Linker Unix v20.2.2                   
******************************************************************************
>> Linked Tue May 17 15:30:19 2022

OUTPUT FILE NAME:   <lab1.out>
ENTRY POINT SYMBOL: "_c_int00_noargs"  address: 00001e49


MEMORY CONFIGURATION

         name            origin    length      used     unused   attr    fill
----------------------  --------  ---------  --------  --------  ----  --------
  FLASH                 00000000   00040000  00002506  0003dafa  R  X
  SRAM                  20000000   00008000  00007c28  000003d8  RW X


SEGMENT ALLOCATION MAP

run origin  load origin   length   init length attrs members
----------  ----------- ---------- ----------- ----- -------
00000000    00000000    00002508   00002508    r-x
  00000000    00000000    0000026c   0000026c    r-- .intvecs
  0000026c    0000026c    0000204a   0000204a    r-x .text
  000022b8    000022b8    00000208   00000208    r-- .const
  000024c0    000024c0    00000048   00000048    r-- .cinit
20000000    20000000    00007c28   00000000    rw-
  20000000    20000000    0000026c   00000000    rw- .vtable
  2000026c    2000026c    0000776c   00000000    rw- .bss
  200079d8    200079d8    00000200   00000000    rw- .stack
  20007bd8    20007bd8    00000050   00000000    rw- .data


SECTION ALLOCATION MAP

 output                                  attributes/
section   page    origin      length       input sections
--------  ----  ----------  ----------   ----------------
.intvecs   0    00000000    0000026c     
                  00000000    0000026c     startup_ccs.obj (.intvecs)

.text      0    0000026c    0000204a     
                  0000026c    000001ee     uartstdio.obj (.text:UARTvprintf)
                  0000045a    00000132     driverlib.lib : gpio.obj (.text:GPIOPadConfigSet)
                  0000058c    00000118     queue.obj (.text:xQueueGenericReceive)
                  000006a4    00000110     driverlib.lib : sysctl.obj (.text:SysCtlClockGet)
                  000007b4    0000010c     tasks.obj (.text:xTaskIncrementTick)
                  000008c0    00000100     tasks.obj (.text:xTaskGenericCreate)
                  000009c0    000000f4     driverlib.lib : sysctl.obj (.text:SysCtlClockSet)
                  00000ab4    000000e8     queue.obj (.text:xQueueGenericSend)
                  00000b9c    000000e4     tasks.obj (.text:xTaskResumeAll)
                  00000c80    000000d2     portasm.obj (.text)
                  00000d52    00000002     startup_ccs.obj (.text:FaultISR)
                  00000d54    000000ac     heap_2.obj (.text:pvPortMalloc)
                  00000e00    000000a4     timers.obj (.text:prvProcessReceivedCommands)
                  00000ea4    0000009c     rtsv7M4_T_le_v4SPD16_eabi.lib : memcpy_t2.asm.obj (.text)
                  00000f40    00000094     Config_Register.obj (.text:Uart_Init)
                  00000fd4    00000090     tasks.obj (.text:vTaskPriorityInherit)
                  00001064    0000008c     tasks.obj (.text:vTaskSwitchContext)
                  000010f0    00000084     queue.obj (.text:xQueueGenericReset)
                  00001174    0000007a     rtsv7M4_T_le_v4SPD16_eabi.lib : memset_t2.asm.obj (.text)
                  000011ee    00000002     startup_ccs.obj (.text:IntDefaultHandler)
                  000011f0    00000078     tasks.obj (.text:xTaskPriorityDisinherit)
                  00001268    00000074     tasks.obj (.text:xTaskRemoveFromEventList)
                  000012dc    00000072     queue.obj (.text:prvCopyDataToQueue)
                  0000134e    00000002     startup_ccs.obj (.text:NmiSR)
                  00001350    00000070     timers.obj (.text:prvProcessTimerOrBlockTask)
                  000013c0    0000006c     Config_Register.obj (.text:UART0IntHandle)
                  0000142c    00000068     driverlib.lib : interrupt.obj (.text:IntEnable)
                  00001494    00000068     rtsv7M4_T_le_v4SPD16_eabi.lib : copy_decompress_lzss.c.obj (.text:decompress:lzss:__TI_decompress_lzss)
                  000014fc    00000068     tasks.obj (.text:vTaskPlaceOnEventListRestricted)
                  00001564    00000068     tasks.obj (.text:vTaskStartScheduler)
                  000015cc    00000064     tasks.obj (.text:vTaskPlaceOnEventList)
                  00001630    00000062     queue.obj (.text:prvUnlockQueue)
                  00001692    00000002     rtsv7M4_T_le_v4SPD16_eabi.lib : div0.asm.obj (.text)
                  00001694    00000060     uartstdio.obj (.text:UARTStdioConfig)
                  000016f4    00000060     tasks.obj (.text:prvInitialiseTaskLists)
                  00001754    00000060     timers.obj (.text:prvSwitchTimerLists)
                  000017b4    0000005c     timers.obj (.text:prvCheckForValidListAndQueue)
                  00001810    0000005c     queue.obj (.text:xQueueGenericSendFromISR)
                  0000186c    00000058     tasks.obj (.text:prvCheckTasksWaitingTermination)
                  000018c4    00000056     tasks.obj (.text:prvInitialiseTCBVariables)
                  0000191a    00000002     freertos_demo.obj (.text:vApplicationStackOverflowHook)
                  0000191c    00000054     tasks.obj (.text:xTaskCheckForTimeOut)
                  00001970    0000004c     Config_Register.obj (.text:PortF_Init)
                  000019bc    0000004c     tasks.obj (.text:prvAddCurrentTaskToDelayedList)
                  00001a08    00000048     driverlib.lib : gpio.obj (.text:GPIOPinConfigure)
                  00001a50    00000048     uartstdio.obj (.text:UARTwrite)
                  00001a98    00000048     timers.obj (.text:prvProcessExpiredTimer)
                  00001ae0    00000044     rtsv7M4_T_le_v4SPD16_eabi.lib : autoinit.c.obj (.text:__TI_auto_init_nobinit_nopinit:__TI_auto_init_nobinit_nopinit)
                  00001b24    00000044     timers.obj (.text:prvInsertTimerInActiveList)
                  00001b68    00000044     heap_2.obj (.text:vPortFree)
                  00001bac    00000044     timers.obj (.text:xTimerGenericCommand)
                  00001bf0    00000040     driverlib.lib : uart.obj (.text:_UARTIntNumberGet)
                  00001c30    00000040     rtsv7M4_T_le_v4SPD16_eabi.lib : u_divt2.asm.obj (.text)
                  00001c70    00000040     queue.obj (.text:vQueueWaitForMessageRestricted)
                  00001cb0    00000040     port.obj (.text:xPortStartScheduler)
                  00001cf0    00000040     timers.obj (.text:xTimerCreateTimerTask)
                  00001d30    0000003c     queue.obj (.text:xQueueGenericCreate)
                  00001d6c    0000003a     tasks.obj (.text:prvAllocateTCBAndStack)
                  00001da6    00000038     list.obj (.text:vListInsert)
                  00001dde    00000002     freertos_demo.obj (.text:vApplicationTickHook)
                  00001de0    00000034     driverlib.lib : interrupt.obj (.text:IntRegister)
                  00001e14    00000034                   : sysctl.obj (.text:SysCtlPeripheralEnable)
                  00001e48    00000034     rtsv7M4_T_le_v4SPD16_eabi.lib : boot_cortex_m.c.obj (.text:_c_int00_noargs:_c_int00_noargs)
                  00001e7c    00000030     heap_2.obj (.text:prvHeapInit)
                  00001eac    0000002c     port.obj (.text:xPortSysTickHandler)
                  00001ed8    0000002a     driverlib.lib : gpio.obj (.text:GPIODirModeSet)
                  00001f02    00000002     --HOLE-- [fill = 0]
                  00001f04    00000028     tasks.obj (.text:prvResetNextTaskUnblockTime)
                  00001f2c    00000028     timers.obj (.text:prvSampleTimeNow)
                  00001f54    00000028     port.obj (.text:pxPortInitialiseStack)
                  00001f7c    00000026     queue.obj (.text:prvCopyDataFromQueue)
                  00001fa2    00000002     --HOLE-- [fill = 0]
                  00001fa4    00000020     freertos_demo.obj (.text:main)
                  00001fc4    00000020     timers.obj (.text:prvGetNextExpireTime)
                  00001fe4    00000020     list.obj (.text:uxListRemove)
                  00002004    00000020     queue.obj (.text:vQueueAddToRegistry)
                  00002024    00000020     tasks.obj (.text:xTaskGetSchedulerState)
                  00002044    0000001c     queue.obj (.text:prvIsQueueFull)
                  00002060    0000001c     port.obj (.text:vPortEnterCritical)
                  0000207c    0000001a     uartstdio.obj (.text:UARTprintf)
                  00002096    0000001a     queue.obj (.text:prvIsQueueEmpty)
                  000020b0    00000018     driverlib.lib : gpio.obj (.text:GPIOPinTypeGPIOOutput)
                  000020c8    00000018                   : uart.obj (.text:UARTIntRegister)
                  000020e0    00000018     tasks.obj (.text:pvTaskIncrementMutexHeldCount)
                  000020f8    00000018     list.obj (.text:vListInsertEnd)
                  00002110    00000018     port.obj (.text:vPortExitCritical)
                  00002128    00000018     tasks.obj (.text:vTaskSetTimeOutState)
                  00002140    00000016     list.obj (.text:vListInitialise)
                  00002156    00000014     timers.obj (.text:prvTimerTask)
                  0000216a    00000002     --HOLE-- [fill = 0]
                  0000216c    00000014     port.obj (.text:vPortSetupTimerInterrupt)
                  00002180    00000012     driverlib.lib : gpio.obj (.text:GPIOPinTypeGPIOInput)
                  00002192    00000012                   : gpio.obj (.text:GPIOPinTypeUART)
                  000021a4    00000012     tasks.obj (.text:prvDeleteTCB)
                  000021b6    00000010     driverlib.lib : interrupt.obj (.text:IntMasterEnable)
                  000021c6    00000010     port.obj (.text:prvTaskExitError)
                  000021d6    00000002     --HOLE-- [fill = 0]
                  000021d8    00000010     freertos_demo.obj (.text:vApplicationIdleHook)
                  000021e8    00000010     tasks.obj (.text:vTaskSuspendAll)
                  000021f8    0000000e     driverlib.lib : uart.obj (.text:UARTCharPutNonBlocking)
                  00002206    0000000e                   : uart.obj (.text:UARTCharsAvail)
                  00002214    0000000e     rtsv7M4_T_le_v4SPD16_eabi.lib : copy_decompress_none.c.obj (.text:decompress:none:__TI_decompress_none)
                  00002222    0000000c     driverlib.lib : cpu.obj (.text:CPUcpsie)
                  0000222e    0000000c     rtsv7M4_T_le_v4SPD16_eabi.lib : copy_zero_init.c.obj (.text:decompress:ZI:__TI_zero_init)
                  0000223a    0000000c     tasks.obj (.text:prvIdleTask)
                  00002246    00000002     --HOLE-- [fill = 0]
                  00002248    0000000c     tasks.obj (.text:vTaskMissedYield)
                  00002254    0000000c     tasks.obj (.text:xTaskGetTickCount)
                  00002260    0000000a     driverlib.lib : uart.obj (.text:UARTCharGet)
                  0000226a    0000000a                   : uart.obj (.text:UARTFIFOEnable)
                  00002274    0000000a                   : uart.obj (.text:UARTIntStatus)
                  0000227e    00000008                   : uart.obj (.text:UARTIntEnable)
                  00002286    00000006                   : gpio.obj (.text:GPIOPinWrite)
                  0000228c    00000006     startup_ccs.obj (.text:ResetISR)
                  00002292    00000006     driverlib.lib : sysctl.obj (.text:SysCtlDelay)
                  00002298    00000006                   : uart.obj (.text:UARTClockSourceSet)
                  0000229e    00000006                   : uart.obj (.text:UARTFIFOLevelSet)
                  000022a4    00000006     list.obj (.text:vListInitialiseItem)
                  000022aa    00000004     driverlib.lib : uart.obj (.text:UARTIntClear)
                  000022ae    00000004     rtsv7M4_T_le_v4SPD16_eabi.lib : pre_init.c.obj (.text:_system_pre_init)
                  000022b2    00000004                                   : exit.c.obj (.text:abort:abort)

.const     0    000022b8    00000208     
                  000022b8    00000090     driverlib.lib : gpio.obj (.const:g_pui32GPIOBaseAddrs)
                  00002348    00000070                   : interrupt.obj (.const)
                  000023b8    0000006c                   : sysctl.obj (.const:g_pui32Xtals)
                  00002424    00000040                   : uart.obj (.const:g_ppui32UARTIntMap)
                  00002464    00000040                   : uart.obj (.const:g_ppui32UARTIntMapSnowflake)
                  000024a4    0000000c     uartstdio.obj (.const:g_ui32UARTBase)
                  000024b0    0000000c     uartstdio.obj (.const:g_ui32UARTPeriph)
                  000024bc    00000004     port.obj (.const)

.cinit     0    000024c0    00000048     
                  000024c0    00000010     (.cinit..data.load) [load image, compression = lzss]
                  000024d0    0000000c     (__TI_handler_table)
                  000024dc    00000004     --HOLE-- [fill = 0]
                  000024e0    00000008     (.cinit..bss.load) [load image, compression = zero_init]
                  000024e8    00000008     (.cinit..vtable.load) [load image, compression = zero_init]
                  000024f0    00000018     (__TI_cinit_table)

.init_array 
*          0    00000000    00000000     UNINITIALIZED

.vtable    0    20000000    0000026c     UNINITIALIZED
                  20000000    0000026c     driverlib.lib : interrupt.obj (.vtable)

.bss       0    2000026c    0000776c     UNINITIALIZED
                  2000026c    00007530     heap_2.obj (.bss:ucHeap)
                  2000779c    00000140     tasks.obj (.bss:pxReadyTasksLists)
                  200078dc    00000050     (.common:xQueueRegistry)
                  2000792c    00000014     timers.obj (.bss:xActiveTimerList1)
                  20007940    00000014     timers.obj (.bss:xActiveTimerList2)
                  20007954    00000014     tasks.obj (.bss:xDelayedTaskList1)
                  20007968    00000014     tasks.obj (.bss:xDelayedTaskList2)
                  2000797c    00000014     tasks.obj (.bss:xPendingReadyList)
                  20007990    00000014     tasks.obj (.bss:xSuspendedTaskList)
                  200079a4    00000014     tasks.obj (.bss:xTasksWaitingTermination)
                  200079b8    00000008     tasks.obj (.bss)
                  200079c0    00000008     timers.obj (.bss)
                  200079c8    00000008     heap_2.obj (.bss:xEnd)
                  200079d0    00000008     heap_2.obj (.bss:xStart)

.data      0    20007bd8    00000050     UNINITIALIZED
                  20007bd8    00000030     tasks.obj (.data)
                  20007c08    00000008     heap_2.obj (.data)
                  20007c10    00000008     timers.obj (.data)
                  20007c18    00000005     uartstdio.obj (.data)
                  20007c1d    00000003     --HOLE--
                  20007c20    00000004     freertos_demo.obj (.data)
                  20007c24    00000004     port.obj (.data)

.stack     0    200079d8    00000200     UNINITIALIZED
                  200079d8    00000004     rtsv7M4_T_le_v4SPD16_eabi.lib : boot_cortex_m.c.obj (.stack)
                  200079dc    000001fc     --HOLE--

__llvm_prf_cnts 
*          0    20000000    00000000     UNINITIALIZED

MODULE SUMMARY

       Module                       code   ro data   rw data
       ------                       ----   -------   -------
    ./
       startup_ccs.obj              12     620       0      
       freertos_demo.obj            52     0         4      
    +--+----------------------------+------+---------+---------+
       Total:                       64     620       4      
                                                            
    ./Config_Register/
       Config_Register.obj          332    0         0      
    +--+----------------------------+------+---------+---------+
       Total:                       332    0         0      
                                                            
    ./third_party/FreeRTOS/Source/
       tasks.obj                    2258   0         476    
       queue.obj                    1196   0         80     
       timers.obj                   828    0         56     
       list.obj                     140    0         0      
    +--+----------------------------+------+---------+---------+
       Total:                       4422   0         612    
                                                            
    ./third_party/FreeRTOS/Source/portable/CCS/ARM_CM4F/
       port.obj                     236    4         4      
       portasm.obj                  210    0         0      
    +--+----------------------------+------+---------+---------+
       Total:                       446    4         4      
                                                            
    ./third_party/FreeRTOS/Source/portable/MemMang/
       heap_2.obj                   288    0         30024  
    +--+----------------------------+------+---------+---------+
       Total:                       288    0         30024  
                                                            
    ./utils/
       uartstdio.obj                688    24        5      
    +--+----------------------------+------+---------+---------+
       Total:                       688    24        5      
                                                            
    /home/nghia/ti/SW-TM4C-2.1.4.178/driverlib/ccs/Debug/driverlib.lib
       interrupt.obj                172    112       620    
       sysctl.obj                   574    108       0      
       gpio.obj                     486    144       0      
       uart.obj                     170    128       0      
       cpu.obj                      12     0         0      
    +--+----------------------------+------+---------+---------+
       Total:                       1414   492       620    
                                                            
    /home/nghia/ti/ccs1020/ccs/tools/compiler/ti-cgt-arm_20.2.2.LTS/lib/rtsv7M4_T_le_v4SPD16_eabi.lib
       memcpy_t2.asm.obj            156    0         0      
       memset_t2.asm.obj            122    0         0      
       copy_decompress_lzss.c.obj   104    0         0      
       autoinit.c.obj               68     0         0      
       u_divt2.asm.obj              64     0         0      
       boot_cortex_m.c.obj          52     0         0      
       copy_decompress_none.c.obj   14     0         0      
       copy_zero_init.c.obj         12     0         0      
       exit.c.obj                   4      0         0      
       pre_init.c.obj               4      0         0      
       div0.asm.obj                 2      0         0      
    +--+----------------------------+------+---------+---------+
       Total:                       602    0         0      
                                                            
       Stack:                       0      0         512    
       Linker Generated:            0      68        0      
    +--+----------------------------+------+---------+---------+
       Grand Total:                 8256   1208      31781  


LINKER GENERATED COPY TABLES

__TI_cinit_table @ 000024f0 records: 3, size/record: 8, table size: 24
	.data: load addr=000024c0, load size=00000010 bytes, run addr=20007bd8, run size=00000050 bytes, compression=lzss
	.bss: load addr=000024e0, load size=00000008 bytes, run addr=2000026c, run size=0000776c bytes, compression=zero_init
	.vtable: load addr=000024e8, load size=00000008 bytes, run addr=20000000, run size=0000026c bytes, compression=zero_init


LINKER GENERATED HANDLER TABLE

__TI_handler_table @ 000024d0 records: 3, size/record: 4, table size: 12
	index: 0, handler: __TI_zero_init
	index: 1, handler: __TI_decompress_lzss
	index: 2, handler: __TI_decompress_none


GLOBAL SYMBOLS: SORTED ALPHABETICALLY BY Name 

address   name                           
-------   ----                           
000022b3  C$$EXIT                        
00002223  CPUcpsie                       
00001ed9  GPIODirModeSet                 
0000045b  GPIOPadConfigSet               
00001a09  GPIOPinConfigure               
00002181  GPIOPinTypeGPIOInput           
000020b1  GPIOPinTypeGPIOOutput          
00002193  GPIOPinTypeUART                
00002287  GPIOPinWrite                   
20007c20  Idle                           
0000142d  IntEnable                      
000021b7  IntMasterEnable                
00001de1  IntRegister                    
00001971  PortF_Init                     
0000228d  ResetISR                       
000006a5  SysCtlClockGet                 
000009c1  SysCtlClockSet                 
00002293  SysCtlDelay                    
00001e15  SysCtlPeripheralEnable         
000013c1  UART0IntHandle                 
00002261  UARTCharGet                    
000021f9  UARTCharPutNonBlocking         
00002207  UARTCharsAvail                 
00002299  UARTClockSourceSet             
0000226b  UARTFIFOEnable                 
0000229f  UARTFIFOLevelSet               
000022ab  UARTIntClear                   
0000227f  UARTIntEnable                  
000020c9  UARTIntRegister                
00002275  UARTIntStatus                  
00001695  UARTStdioConfig                
0000207d  UARTprintf                     
0000026d  UARTvprintf                    
00001a51  UARTwrite                      
00000f41  Uart_Init                      
20007bd8  __STACK_END                    
00000200  __STACK_SIZE                   
20007bd8  __STACK_TOP                    
000024f0  __TI_CINIT_Base                
00002508  __TI_CINIT_Limit               
000024d0  __TI_Handler_Table_Base        
000024dc  __TI_Handler_Table_Limit       
00001ae1  __TI_auto_init_nobinit_nopinit 
00001495  __TI_decompress_lzss           
00002215  __TI_decompress_none           
ffffffff  __TI_pprof_out_hndl            
ffffffff  __TI_prof_data_size            
ffffffff  __TI_prof_data_start           
00000000  __TI_static_base__             
0000222f  __TI_zero_init                 
00001693  __aeabi_idiv0                  
00001693  __aeabi_ldiv0                  
00001175  __aeabi_memclr                 
00001175  __aeabi_memclr4                
00001175  __aeabi_memclr8                
00000ea5  __aeabi_memcpy                 
00000ea5  __aeabi_memcpy4                
00000ea5  __aeabi_memcpy8                
00001177  __aeabi_memset                 
00001177  __aeabi_memset4                
00001177  __aeabi_memset8                
00001c31  __aeabi_uidiv                  
00001c31  __aeabi_uidivmod               
ffffffff  __binit__                      
ffffffff  __c_args__                     
UNDEFED   __mpu_init                     
200079d8  __stack                        
20000000  __start___llvm_prf_cnts        
20000000  __stop___llvm_prf_cnts         
00001e49  _c_int00_noargs                
UNDEFED   _system_post_cinit             
000022af  _system_pre_init               
000022b3  abort                          
ffffffff  binit                          
20000000  g_pfnRAMVectors                
00000000  g_pfnVectors                   
00001fa5  main                           
00000ea5  memcpy                         
0000117d  memset                         
00000d55  pvPortMalloc                   
000020e1  pvTaskIncrementMutexHeldCount  
20007bd8  pxCurrentTCB                   
00001f55  pxPortInitialiseStack          
000024bc  ulMaxSyscallInterruptPriority  
00000c91  ulPortGetIPSR                  
00001fe5  uxListRemove                   
000021d9  vApplicationIdleHook           
0000191b  vApplicationStackOverflowHook  
00001ddf  vApplicationTickHook           
00002141  vListInitialise                
000022a5  vListInitialiseItem            
00001da7  vListInsert                    
000020f9  vListInsertEnd                 
00000d45  vPortEnableVFP                 
00002061  vPortEnterCritical             
00002111  vPortExitCritical              
00001b69  vPortFree                      
00000d09  vPortSVCHandler                
0000216d  vPortSetupTimerInterrupt       
00000d29  vPortStartFirstTask            
00002005  vQueueAddToRegistry            
00001c71  vQueueWaitForMessageRestricted 
00002249  vTaskMissedYield               
000015cd  vTaskPlaceOnEventList          
000014fd  vTaskPlaceOnEventListRestricted
00000fd5  vTaskPriorityInherit           
00002129  vTaskSetTimeOutState           
00001565  vTaskStartScheduler            
000021e9  vTaskSuspendAll                
00001065  vTaskSwitchContext             
00000ca9  xPortPendSVHandler             
00001cb1  xPortStartScheduler            
00001ead  xPortSysTickHandler            
00001d31  xQueueGenericCreate            
0000058d  xQueueGenericReceive           
000010f1  xQueueGenericReset             
00000ab5  xQueueGenericSend              
00001811  xQueueGenericSendFromISR       
200078dc  xQueueRegistry                 
0000191d  xTaskCheckForTimeOut           
000008c1  xTaskGenericCreate             
00002025  xTaskGetSchedulerState         
00002255  xTaskGetTickCount              
000007b5  xTaskIncrementTick             
000011f1  xTaskPriorityDisinherit        
00001269  xTaskRemoveFromEventList       
00000b9d  xTaskResumeAll                 
00001cf1  xTimerCreateTimerTask          
00001bad  xTimerGenericCommand           


GLOBAL SYMBOLS: SORTED BY Symbol Address 

address   name                           
-------   ----                           
00000000  __TI_static_base__             
00000000  g_pfnVectors                   
00000200  __STACK_SIZE                   
0000026d  UARTvprintf                    
0000045b  GPIOPadConfigSet               
0000058d  xQueueGenericReceive           
000006a5  SysCtlClockGet                 
000007b5  xTaskIncrementTick             
000008c1  xTaskGenericCreate             
000009c1  SysCtlClockSet                 
00000ab5  xQueueGenericSend              
00000b9d  xTaskResumeAll                 
00000c91  ulPortGetIPSR                  
00000ca9  xPortPendSVHandler             
00000d09  vPortSVCHandler                
00000d29  vPortStartFirstTask            
00000d45  vPortEnableVFP                 
00000d55  pvPortMalloc                   
00000ea5  __aeabi_memcpy                 
00000ea5  __aeabi_memcpy4                
00000ea5  __aeabi_memcpy8                
00000ea5  memcpy                         
00000f41  Uart_Init                      
00000fd5  vTaskPriorityInherit           
00001065  vTaskSwitchContext             
000010f1  xQueueGenericReset             
00001175  __aeabi_memclr                 
00001175  __aeabi_memclr4                
00001175  __aeabi_memclr8                
00001177  __aeabi_memset                 
00001177  __aeabi_memset4                
00001177  __aeabi_memset8                
0000117d  memset                         
000011f1  xTaskPriorityDisinherit        
00001269  xTaskRemoveFromEventList       
000013c1  UART0IntHandle                 
0000142d  IntEnable                      
00001495  __TI_decompress_lzss           
000014fd  vTaskPlaceOnEventListRestricted
00001565  vTaskStartScheduler            
000015cd  vTaskPlaceOnEventList          
00001693  __aeabi_idiv0                  
00001693  __aeabi_ldiv0                  
00001695  UARTStdioConfig                
00001811  xQueueGenericSendFromISR       
0000191b  vApplicationStackOverflowHook  
0000191d  xTaskCheckForTimeOut           
00001971  PortF_Init                     
00001a09  GPIOPinConfigure               
00001a51  UARTwrite                      
00001ae1  __TI_auto_init_nobinit_nopinit 
00001b69  vPortFree                      
00001bad  xTimerGenericCommand           
00001c31  __aeabi_uidiv                  
00001c31  __aeabi_uidivmod               
00001c71  vQueueWaitForMessageRestricted 
00001cb1  xPortStartScheduler            
00001cf1  xTimerCreateTimerTask          
00001d31  xQueueGenericCreate            
00001da7  vListInsert                    
00001ddf  vApplicationTickHook           
00001de1  IntRegister                    
00001e15  SysCtlPeripheralEnable         
00001e49  _c_int00_noargs                
00001ead  xPortSysTickHandler            
00001ed9  GPIODirModeSet                 
00001f55  pxPortInitialiseStack          
00001fa5  main                           
00001fe5  uxListRemove                   
00002005  vQueueAddToRegistry            
00002025  xTaskGetSchedulerState         
00002061  vPortEnterCritical             
0000207d  UARTprintf                     
000020b1  GPIOPinTypeGPIOOutput          
000020c9  UARTIntRegister                
000020e1  pvTaskIncrementMutexHeldCount  
000020f9  vListInsertEnd                 
00002111  vPortExitCritical              
00002129  vTaskSetTimeOutState           
00002141  vListInitialise                
0000216d  vPortSetupTimerInterrupt       
00002181  GPIOPinTypeGPIOInput           
00002193  GPIOPinTypeUART                
000021b7  IntMasterEnable                
000021d9  vApplicationIdleHook           
000021e9  vTaskSuspendAll                
000021f9  UARTCharPutNonBlocking         
00002207  UARTCharsAvail                 
00002215  __TI_decompress_none           
00002223  CPUcpsie                       
0000222f  __TI_zero_init                 
00002249  vTaskMissedYield               
00002255  xTaskGetTickCount              
00002261  UARTCharGet                    
0000226b  UARTFIFOEnable                 
00002275  UARTIntStatus                  
0000227f  UARTIntEnable                  
00002287  GPIOPinWrite                   
0000228d  ResetISR                       
00002293  SysCtlDelay                    
00002299  UARTClockSourceSet             
0000229f  UARTFIFOLevelSet               
000022a5  vListInitialiseItem            
000022ab  UARTIntClear                   
000022af  _system_pre_init               
000022b3  C$$EXIT                        
000022b3  abort                          
000024bc  ulMaxSyscallInterruptPriority  
000024d0  __TI_Handler_Table_Base        
000024dc  __TI_Handler_Table_Limit       
000024f0  __TI_CINIT_Base                
00002508  __TI_CINIT_Limit               
20000000  __start___llvm_prf_cnts        
20000000  __stop___llvm_prf_cnts         
20000000  g_pfnRAMVectors                
200078dc  xQueueRegistry                 
200079d8  __stack                        
20007bd8  __STACK_END                    
20007bd8  __STACK_TOP                    
20007bd8  pxCurrentTCB                   
20007c20  Idle                           
ffffffff  __TI_pprof_out_hndl            
ffffffff  __TI_prof_data_size            
ffffffff  __TI_prof_data_start           
ffffffff  __binit__                      
ffffffff  __c_args__                     
ffffffff  binit                          
UNDEFED   __mpu_init                     
UNDEFED   _system_post_cinit             

[129 symbols]
