******************************************************************************
                  TI ARM Linker Unix v20.2.2                   
******************************************************************************
>> Linked Thu May 12 16:47:44 2022

OUTPUT FILE NAME:   <lab1.out>
ENTRY POINT SYMBOL: "_c_int00_noargs"  address: 00001c45


MEMORY CONFIGURATION

         name            origin    length      used     unused   attr    fill
----------------------  --------  ---------  --------  --------  ----  --------
  FLASH                 00000000   00040000  000021b8  0003de48  R  X
  SRAM                  20000000   00008000  000079bc  00000644  RW X


SEGMENT ALLOCATION MAP

run origin  load origin   length   init length attrs members
----------  ----------- ---------- ----------- ----- -------
00000000    00000000    000021b8   000021b8    r-x
  00000000    00000000    0000026c   0000026c    r-- .intvecs
  0000026c    0000026c    00001df8   00001df8    r-x .text
  00002064    00002064    0000011c   0000011c    r-- .const
  00002180    00002180    00000038   00000038    r-- .cinit
20000000    20000000    000079c0   00000000    rw-
  20000000    20000000    0000776c   00000000    rw- .bss
  20007770    20007770    00000200   00000000    rw- .stack
  20007970    20007970    00000050   00000000    rw- .data


SECTION ALLOCATION MAP

 output                                  attributes/
section   page    origin      length       input sections
--------  ----  ----------  ----------   ----------------
.intvecs   0    00000000    0000026c     
                  00000000    0000026c     startup_ccs.obj (.intvecs)

.text      0    0000026c    00001df8     
                  0000026c    000001ee     uartstdio.obj (.text:UARTvprintf)
                  0000045a    00000132     driverlib.lib : gpio.obj (.text:GPIOPadConfigSet)
                  0000058c    00000118     queue.obj (.text:xQueueGenericReceive)
                  000006a4    0000010c     tasks.obj (.text:xTaskIncrementTick)
                  000007b0    00000100     tasks.obj (.text:xTaskGenericCreate)
                  000008b0    000000f4     driverlib.lib : sysctl.obj (.text:SysCtlClockSet)
                  000009a4    000000e8     queue.obj (.text:xQueueGenericSend)
                  00000a8c    000000e4     tasks.obj (.text:xTaskResumeAll)
                  00000b70    000000d2     portasm.obj (.text)
                  00000c42    00000002     startup_ccs.obj (.text:FaultISR)
                  00000c44    000000ac     heap_2.obj (.text:pvPortMalloc)
                  00000cf0    000000a4     timers.obj (.text:prvProcessReceivedCommands)
                  00000d94    0000009c     rtsv7M4_T_le_v4SPD16_eabi.lib : memcpy_t2.asm.obj (.text)
                  00000e30    00000090     tasks.obj (.text:vTaskPriorityInherit)
                  00000ec0    0000008c     tasks.obj (.text:vTaskSwitchContext)
                  00000f4c    00000088     Config_Register.obj (.text:Uart_Init)
                  00000fd4    00000084     queue.obj (.text:xQueueGenericReset)
                  00001058    0000007a     rtsv7M4_T_le_v4SPD16_eabi.lib : memset_t2.asm.obj (.text)
                  000010d2    00000002     startup_ccs.obj (.text:IntDefaultHandler)
                  000010d4    00000078     tasks.obj (.text:xTaskPriorityDisinherit)
                  0000114c    00000074     tasks.obj (.text:xTaskRemoveFromEventList)
                  000011c0    00000072     queue.obj (.text:prvCopyDataToQueue)
                  00001232    00000002     startup_ccs.obj (.text:NmiSR)
                  00001234    00000070     timers.obj (.text:prvProcessTimerOrBlockTask)
                  000012a4    00000068     driverlib.lib : interrupt.obj (.text:IntEnable)
                  0000130c    00000068     rtsv7M4_T_le_v4SPD16_eabi.lib : copy_decompress_lzss.c.obj (.text:decompress:lzss:__TI_decompress_lzss)
                  00001374    00000068     tasks.obj (.text:vTaskPlaceOnEventListRestricted)
                  000013dc    00000068     tasks.obj (.text:vTaskStartScheduler)
                  00001444    00000064     tasks.obj (.text:vTaskPlaceOnEventList)
                  000014a8    00000062     queue.obj (.text:prvUnlockQueue)
                  0000150a    00000002     rtsv7M4_T_le_v4SPD16_eabi.lib : div0.asm.obj (.text)
                  0000150c    00000060     uartstdio.obj (.text:UARTStdioConfig)
                  0000156c    00000060     tasks.obj (.text:prvInitialiseTaskLists)
                  000015cc    00000060     timers.obj (.text:prvSwitchTimerLists)
                  0000162c    0000005c     timers.obj (.text:prvCheckForValidListAndQueue)
                  00001688    0000005c     queue.obj (.text:xQueueGenericSendFromISR)
                  000016e4    00000058     tasks.obj (.text:prvCheckTasksWaitingTermination)
                  0000173c    00000056     tasks.obj (.text:prvInitialiseTCBVariables)
                  00001792    00000002     freertos_demo.obj (.text:vApplicationStackOverflowHook)
                  00001794    00000054     tasks.obj (.text:xTaskCheckForTimeOut)
                  000017e8    0000004c     tasks.obj (.text:prvAddCurrentTaskToDelayedList)
                  00001834    00000048     driverlib.lib : gpio.obj (.text:GPIOPinConfigure)
                  0000187c    00000048     uartstdio.obj (.text:UARTwrite)
                  000018c4    00000048     timers.obj (.text:prvProcessExpiredTimer)
                  0000190c    00000044     freertos_demo.obj (.text:UART0IntHandler)
                  00001950    00000044     rtsv7M4_T_le_v4SPD16_eabi.lib : autoinit.c.obj (.text:__TI_auto_init_nobinit_nopinit:__TI_auto_init_nobinit_nopinit)
                  00001994    00000044     timers.obj (.text:prvInsertTimerInActiveList)
                  000019d8    00000044     heap_2.obj (.text:vPortFree)
                  00001a1c    00000044     timers.obj (.text:xTimerGenericCommand)
                  00001a60    00000040     rtsv7M4_T_le_v4SPD16_eabi.lib : u_divt2.asm.obj (.text)
                  00001aa0    00000040     queue.obj (.text:vQueueWaitForMessageRestricted)
                  00001ae0    00000040     port.obj (.text:xPortStartScheduler)
                  00001b20    00000040     timers.obj (.text:xTimerCreateTimerTask)
                  00001b60    0000003c     queue.obj (.text:xQueueGenericCreate)
                  00001b9c    0000003a     tasks.obj (.text:prvAllocateTCBAndStack)
                  00001bd6    00000038     list.obj (.text:vListInsert)
                  00001c0e    00000002     freertos_demo.obj (.text:vApplicationTickHook)
                  00001c10    00000034     driverlib.lib : sysctl.obj (.text:SysCtlPeripheralEnable)
                  00001c44    00000034     rtsv7M4_T_le_v4SPD16_eabi.lib : boot_cortex_m.c.obj (.text:_c_int00_noargs:_c_int00_noargs)
                  00001c78    00000030     heap_2.obj (.text:prvHeapInit)
                  00001ca8    0000002c     port.obj (.text:xPortSysTickHandler)
                  00001cd4    0000002a     driverlib.lib : gpio.obj (.text:GPIODirModeSet)
                  00001cfe    00000002     --HOLE-- [fill = 0]
                  00001d00    00000028     tasks.obj (.text:prvResetNextTaskUnblockTime)
                  00001d28    00000028     timers.obj (.text:prvSampleTimeNow)
                  00001d50    00000028     port.obj (.text:pxPortInitialiseStack)
                  00001d78    00000026     queue.obj (.text:prvCopyDataFromQueue)
                  00001d9e    00000002     --HOLE-- [fill = 0]
                  00001da0    00000020     timers.obj (.text:prvGetNextExpireTime)
                  00001dc0    00000020     list.obj (.text:uxListRemove)
                  00001de0    00000020     queue.obj (.text:vQueueAddToRegistry)
                  00001e00    00000020     tasks.obj (.text:xTaskGetSchedulerState)
                  00001e20    0000001c     freertos_demo.obj (.text:main)
                  00001e3c    0000001c     queue.obj (.text:prvIsQueueFull)
                  00001e58    0000001c     port.obj (.text:vPortEnterCritical)
                  00001e74    0000001a     uartstdio.obj (.text:UARTprintf)
                  00001e8e    0000001a     queue.obj (.text:prvIsQueueEmpty)
                  00001ea8    00000018     tasks.obj (.text:pvTaskIncrementMutexHeldCount)
                  00001ec0    00000018     list.obj (.text:vListInsertEnd)
                  00001ed8    00000018     port.obj (.text:vPortExitCritical)
                  00001ef0    00000018     tasks.obj (.text:vTaskSetTimeOutState)
                  00001f08    00000016     list.obj (.text:vListInitialise)
                  00001f1e    00000014     timers.obj (.text:prvTimerTask)
                  00001f32    00000002     --HOLE-- [fill = 0]
                  00001f34    00000014     port.obj (.text:vPortSetupTimerInterrupt)
                  00001f48    00000012     driverlib.lib : gpio.obj (.text:GPIOPinTypeUART)
                  00001f5a    00000012     tasks.obj (.text:prvDeleteTCB)
                  00001f6c    00000010     driverlib.lib : interrupt.obj (.text:IntMasterEnable)
                  00001f7c    00000010     port.obj (.text:prvTaskExitError)
                  00001f8c    00000010     freertos_demo.obj (.text:vApplicationIdleHook)
                  00001f9c    00000010     tasks.obj (.text:vTaskSuspendAll)
                  00001fac    0000000e     driverlib.lib : uart.obj (.text:UARTCharPutNonBlocking)
                  00001fba    0000000e                   : uart.obj (.text:UARTCharsAvail)
                  00001fc8    0000000e     rtsv7M4_T_le_v4SPD16_eabi.lib : copy_decompress_none.c.obj (.text:decompress:none:__TI_decompress_none)
                  00001fd6    0000000c     driverlib.lib : cpu.obj (.text:CPUcpsie)
                  00001fe2    0000000c     rtsv7M4_T_le_v4SPD16_eabi.lib : copy_zero_init.c.obj (.text:decompress:ZI:__TI_zero_init)
                  00001fee    0000000c     tasks.obj (.text:prvIdleTask)
                  00001ffa    00000002     --HOLE-- [fill = 0]
                  00001ffc    0000000c     tasks.obj (.text:vTaskMissedYield)
                  00002008    0000000c     tasks.obj (.text:xTaskGetTickCount)
                  00002014    0000000a     driverlib.lib : uart.obj (.text:UARTCharGet)
                  0000201e    0000000a                   : uart.obj (.text:UARTFIFOEnable)
                  00002028    0000000a                   : uart.obj (.text:UARTIntStatus)
                  00002032    00000008                   : uart.obj (.text:UARTIntEnable)
                  0000203a    00000006     startup_ccs.obj (.text:ResetISR)
                  00002040    00000006     driverlib.lib : sysctl.obj (.text:SysCtlDelay)
                  00002046    00000006                   : uart.obj (.text:UARTClockSourceSet)
                  0000204c    00000006                   : uart.obj (.text:UARTFIFOLevelSet)
                  00002052    00000006     list.obj (.text:vListInitialiseItem)
                  00002058    00000004     driverlib.lib : uart.obj (.text:UARTIntClear)
                  0000205c    00000004     rtsv7M4_T_le_v4SPD16_eabi.lib : pre_init.c.obj (.text:_system_pre_init)
                  00002060    00000004                                   : exit.c.obj (.text:abort:abort)

.const     0    00002064    0000011c     
                  00002064    00000090     driverlib.lib : gpio.obj (.const:g_pui32GPIOBaseAddrs)
                  000020f4    00000070                   : interrupt.obj (.const)
                  00002164    0000000c     uartstdio.obj (.const:g_ui32UARTBase)
                  00002170    0000000c     uartstdio.obj (.const:g_ui32UARTPeriph)
                  0000217c    00000004     port.obj (.const)

.cinit     0    00002180    00000038     
                  00002180    00000010     (.cinit..data.load) [load image, compression = lzss]
                  00002190    0000000c     (__TI_handler_table)
                  0000219c    00000004     --HOLE-- [fill = 0]
                  000021a0    00000008     (.cinit..bss.load) [load image, compression = zero_init]
                  000021a8    00000010     (__TI_cinit_table)

.init_array 
*          0    00000000    00000000     UNINITIALIZED

.bss       0    20000000    0000776c     UNINITIALIZED
                  20000000    00007530     heap_2.obj (.bss:ucHeap)
                  20007530    00000140     tasks.obj (.bss:pxReadyTasksLists)
                  20007670    00000050     (.common:xQueueRegistry)
                  200076c0    00000014     timers.obj (.bss:xActiveTimerList1)
                  200076d4    00000014     timers.obj (.bss:xActiveTimerList2)
                  200076e8    00000014     tasks.obj (.bss:xDelayedTaskList1)
                  200076fc    00000014     tasks.obj (.bss:xDelayedTaskList2)
                  20007710    00000014     tasks.obj (.bss:xPendingReadyList)
                  20007724    00000014     tasks.obj (.bss:xSuspendedTaskList)
                  20007738    00000014     tasks.obj (.bss:xTasksWaitingTermination)
                  2000774c    00000008     tasks.obj (.bss)
                  20007754    00000008     timers.obj (.bss)
                  2000775c    00000008     heap_2.obj (.bss:xEnd)
                  20007764    00000008     heap_2.obj (.bss:xStart)

.data      0    20007970    00000050     UNINITIALIZED
                  20007970    00000030     tasks.obj (.data)
                  200079a0    00000008     heap_2.obj (.data)
                  200079a8    00000008     timers.obj (.data)
                  200079b0    00000005     uartstdio.obj (.data)
                  200079b5    00000003     --HOLE--
                  200079b8    00000004     freertos_demo.obj (.data)
                  200079bc    00000004     port.obj (.data)

.stack     0    20007770    00000200     UNINITIALIZED
                  20007770    00000004     rtsv7M4_T_le_v4SPD16_eabi.lib : boot_cortex_m.c.obj (.stack)
                  20007774    000001fc     --HOLE--

__llvm_prf_cnts 
*          0    20000000    00000000     UNINITIALIZED

MODULE SUMMARY

       Module                       code   ro data   rw data
       ------                       ----   -------   -------
    ./
       startup_ccs.obj              12     620       0      
       freertos_demo.obj            116    0         4      
    +--+----------------------------+------+---------+---------+
       Total:                       128    620       4      
                                                            
    ./Config_Register/
       Config_Register.obj          136    0         0      
    +--+----------------------------+------+---------+---------+
       Total:                       136    0         0      
                                                            
    ./third_party/FreeRTOS/Source/
       tasks.obj                    2258   0         476    
       queue.obj                    1196   0         80     
       timers.obj                   828    0         56     
       list.obj                     140    0         0      
    +--+----------------------------+------+---------+---------+
       Total:                       4422   0         612    
                                                            
    ./third_party/FreeRTOS/Source/portable/CCS/ARM_CM4F/
       port.obj                     236    4         4      
       portasm.obj                  210    0         0      
    +--+----------------------------+------+---------+---------+
       Total:                       446    4         4      
                                                            
    ./third_party/FreeRTOS/Source/portable/MemMang/
       heap_2.obj                   288    0         30024  
    +--+----------------------------+------+---------+---------+
       Total:                       288    0         30024  
                                                            
    ./utils/
       uartstdio.obj                688    24        5      
    +--+----------------------------+------+---------+---------+
       Total:                       688    24        5      
                                                            
    /home/nghia/ti/SW-TM4C-2.1.4.178/driverlib/ccs/Debug/driverlib.lib
       gpio.obj                     438    144       0      
       sysctl.obj                   302    0         0      
       interrupt.obj                120    112       0      
       uart.obj                     82     0         0      
       cpu.obj                      12     0         0      
    +--+----------------------------+------+---------+---------+
       Total:                       954    256       0      
                                                            
    /home/nghia/ti/ccs1020/ccs/tools/compiler/ti-cgt-arm_20.2.2.LTS/lib/rtsv7M4_T_le_v4SPD16_eabi.lib
       memcpy_t2.asm.obj            156    0         0      
       memset_t2.asm.obj            122    0         0      
       copy_decompress_lzss.c.obj   104    0         0      
       autoinit.c.obj               68     0         0      
       u_divt2.asm.obj              64     0         0      
       boot_cortex_m.c.obj          52     0         0      
       copy_decompress_none.c.obj   14     0         0      
       copy_zero_init.c.obj         12     0         0      
       exit.c.obj                   4      0         0      
       pre_init.c.obj               4      0         0      
       div0.asm.obj                 2      0         0      
    +--+----------------------------+------+---------+---------+
       Total:                       602    0         0      
                                                            
       Stack:                       0      0         512    
       Linker Generated:            0      52        0      
    +--+----------------------------+------+---------+---------+
       Grand Total:                 7664   956       31161  


LINKER GENERATED COPY TABLES

__TI_cinit_table @ 000021a8 records: 2, size/record: 8, table size: 16
	.data: load addr=00002180, load size=00000010 bytes, run addr=20007970, run size=00000050 bytes, compression=lzss
	.bss: load addr=000021a0, load size=00000008 bytes, run addr=20000000, run size=0000776c bytes, compression=zero_init


LINKER GENERATED HANDLER TABLE

__TI_handler_table @ 00002190 records: 3, size/record: 4, table size: 12
	index: 0, handler: __TI_decompress_lzss
	index: 1, handler: __TI_decompress_none
	index: 2, handler: __TI_zero_init


GLOBAL SYMBOLS: SORTED ALPHABETICALLY BY Name 

address   name                           
-------   ----                           
00002061  C$$EXIT                        
00001fd7  CPUcpsie                       
00001cd5  GPIODirModeSet                 
0000045b  GPIOPadConfigSet               
00001835  GPIOPinConfigure               
00001f49  GPIOPinTypeUART                
200079b8  Idle                           
000012a5  IntEnable                      
00001f6d  IntMasterEnable                
0000203b  ResetISR                       
000008b1  SysCtlClockSet                 
00002041  SysCtlDelay                    
00001c11  SysCtlPeripheralEnable         
0000190d  UART0IntHandler                
00002015  UARTCharGet                    
00001fad  UARTCharPutNonBlocking         
00001fbb  UARTCharsAvail                 
00002047  UARTClockSourceSet             
0000201f  UARTFIFOEnable                 
0000204d  UARTFIFOLevelSet               
00002059  UARTIntClear                   
00002033  UARTIntEnable                  
00002029  UARTIntStatus                  
0000150d  UARTStdioConfig                
00001e75  UARTprintf                     
0000026d  UARTvprintf                    
0000187d  UARTwrite                      
00000f4d  Uart_Init                      
20007970  __STACK_END                    
00000200  __STACK_SIZE                   
20007970  __STACK_TOP                    
000021a8  __TI_CINIT_Base                
000021b8  __TI_CINIT_Limit               
00002190  __TI_Handler_Table_Base        
0000219c  __TI_Handler_Table_Limit       
00001951  __TI_auto_init_nobinit_nopinit 
0000130d  __TI_decompress_lzss           
00001fc9  __TI_decompress_none           
ffffffff  __TI_pprof_out_hndl            
ffffffff  __TI_prof_data_size            
ffffffff  __TI_prof_data_start           
00000000  __TI_static_base__             
00001fe3  __TI_zero_init                 
0000150b  __aeabi_idiv0                  
0000150b  __aeabi_ldiv0                  
00001059  __aeabi_memclr                 
00001059  __aeabi_memclr4                
00001059  __aeabi_memclr8                
00000d95  __aeabi_memcpy                 
00000d95  __aeabi_memcpy4                
00000d95  __aeabi_memcpy8                
0000105b  __aeabi_memset                 
0000105b  __aeabi_memset4                
0000105b  __aeabi_memset8                
00001a61  __aeabi_uidiv                  
00001a61  __aeabi_uidivmod               
ffffffff  __binit__                      
ffffffff  __c_args__                     
UNDEFED   __mpu_init                     
20007770  __stack                        
20000000  __start___llvm_prf_cnts        
20000000  __stop___llvm_prf_cnts         
00001c45  _c_int00_noargs                
UNDEFED   _system_post_cinit             
0000205d  _system_pre_init               
00002061  abort                          
ffffffff  binit                          
00000000  g_pfnVectors                   
00001e21  main                           
00000d95  memcpy                         
00001061  memset                         
00000c45  pvPortMalloc                   
00001ea9  pvTaskIncrementMutexHeldCount  
20007970  pxCurrentTCB                   
00001d51  pxPortInitialiseStack          
0000217c  ulMaxSyscallInterruptPriority  
00000b81  ulPortGetIPSR                  
00001dc1  uxListRemove                   
00001f8d  vApplicationIdleHook           
00001793  vApplicationStackOverflowHook  
00001c0f  vApplicationTickHook           
00001f09  vListInitialise                
00002053  vListInitialiseItem            
00001bd7  vListInsert                    
00001ec1  vListInsertEnd                 
00000c35  vPortEnableVFP                 
00001e59  vPortEnterCritical             
00001ed9  vPortExitCritical              
000019d9  vPortFree                      
00000bf9  vPortSVCHandler                
00001f35  vPortSetupTimerInterrupt       
00000c19  vPortStartFirstTask            
00001de1  vQueueAddToRegistry            
00001aa1  vQueueWaitForMessageRestricted 
00001ffd  vTaskMissedYield               
00001445  vTaskPlaceOnEventList          
00001375  vTaskPlaceOnEventListRestricted
00000e31  vTaskPriorityInherit           
00001ef1  vTaskSetTimeOutState           
000013dd  vTaskStartScheduler            
00001f9d  vTaskSuspendAll                
00000ec1  vTaskSwitchContext             
00000b99  xPortPendSVHandler             
00001ae1  xPortStartScheduler            
00001ca9  xPortSysTickHandler            
00001b61  xQueueGenericCreate            
0000058d  xQueueGenericReceive           
00000fd5  xQueueGenericReset             
000009a5  xQueueGenericSend              
00001689  xQueueGenericSendFromISR       
20007670  xQueueRegistry                 
00001795  xTaskCheckForTimeOut           
000007b1  xTaskGenericCreate             
00001e01  xTaskGetSchedulerState         
00002009  xTaskGetTickCount              
000006a5  xTaskIncrementTick             
000010d5  xTaskPriorityDisinherit        
0000114d  xTaskRemoveFromEventList       
00000a8d  xTaskResumeAll                 
00001b21  xTimerCreateTimerTask          
00001a1d  xTimerGenericCommand           


GLOBAL SYMBOLS: SORTED BY Symbol Address 

address   name                           
-------   ----                           
00000000  __TI_static_base__             
00000000  g_pfnVectors                   
00000200  __STACK_SIZE                   
0000026d  UARTvprintf                    
0000045b  GPIOPadConfigSet               
0000058d  xQueueGenericReceive           
000006a5  xTaskIncrementTick             
000007b1  xTaskGenericCreate             
000008b1  SysCtlClockSet                 
000009a5  xQueueGenericSend              
00000a8d  xTaskResumeAll                 
00000b81  ulPortGetIPSR                  
00000b99  xPortPendSVHandler             
00000bf9  vPortSVCHandler                
00000c19  vPortStartFirstTask            
00000c35  vPortEnableVFP                 
00000c45  pvPortMalloc                   
00000d95  __aeabi_memcpy                 
00000d95  __aeabi_memcpy4                
00000d95  __aeabi_memcpy8                
00000d95  memcpy                         
00000e31  vTaskPriorityInherit           
00000ec1  vTaskSwitchContext             
00000f4d  Uart_Init                      
00000fd5  xQueueGenericReset             
00001059  __aeabi_memclr                 
00001059  __aeabi_memclr4                
00001059  __aeabi_memclr8                
0000105b  __aeabi_memset                 
0000105b  __aeabi_memset4                
0000105b  __aeabi_memset8                
00001061  memset                         
000010d5  xTaskPriorityDisinherit        
0000114d  xTaskRemoveFromEventList       
000012a5  IntEnable                      
0000130d  __TI_decompress_lzss           
00001375  vTaskPlaceOnEventListRestricted
000013dd  vTaskStartScheduler            
00001445  vTaskPlaceOnEventList          
0000150b  __aeabi_idiv0                  
0000150b  __aeabi_ldiv0                  
0000150d  UARTStdioConfig                
00001689  xQueueGenericSendFromISR       
00001793  vApplicationStackOverflowHook  
00001795  xTaskCheckForTimeOut           
00001835  GPIOPinConfigure               
0000187d  UARTwrite                      
0000190d  UART0IntHandler                
00001951  __TI_auto_init_nobinit_nopinit 
000019d9  vPortFree                      
00001a1d  xTimerGenericCommand           
00001a61  __aeabi_uidiv                  
00001a61  __aeabi_uidivmod               
00001aa1  vQueueWaitForMessageRestricted 
00001ae1  xPortStartScheduler            
00001b21  xTimerCreateTimerTask          
00001b61  xQueueGenericCreate            
00001bd7  vListInsert                    
00001c0f  vApplicationTickHook           
00001c11  SysCtlPeripheralEnable         
00001c45  _c_int00_noargs                
00001ca9  xPortSysTickHandler            
00001cd5  GPIODirModeSet                 
00001d51  pxPortInitialiseStack          
00001dc1  uxListRemove                   
00001de1  vQueueAddToRegistry            
00001e01  xTaskGetSchedulerState         
00001e21  main                           
00001e59  vPortEnterCritical             
00001e75  UARTprintf                     
00001ea9  pvTaskIncrementMutexHeldCount  
00001ec1  vListInsertEnd                 
00001ed9  vPortExitCritical              
00001ef1  vTaskSetTimeOutState           
00001f09  vListInitialise                
00001f35  vPortSetupTimerInterrupt       
00001f49  GPIOPinTypeUART                
00001f6d  IntMasterEnable                
00001f8d  vApplicationIdleHook           
00001f9d  vTaskSuspendAll                
00001fad  UARTCharPutNonBlocking         
00001fbb  UARTCharsAvail                 
00001fc9  __TI_decompress_none           
00001fd7  CPUcpsie                       
00001fe3  __TI_zero_init                 
00001ffd  vTaskMissedYield               
00002009  xTaskGetTickCount              
00002015  UARTCharGet                    
0000201f  UARTFIFOEnable                 
00002029  UARTIntStatus                  
00002033  UARTIntEnable                  
0000203b  ResetISR                       
00002041  SysCtlDelay                    
00002047  UARTClockSourceSet             
0000204d  UARTFIFOLevelSet               
00002053  vListInitialiseItem            
00002059  UARTIntClear                   
0000205d  _system_pre_init               
00002061  C$$EXIT                        
00002061  abort                          
0000217c  ulMaxSyscallInterruptPriority  
00002190  __TI_Handler_Table_Base        
0000219c  __TI_Handler_Table_Limit       
000021a8  __TI_CINIT_Base                
000021b8  __TI_CINIT_Limit               
20000000  __start___llvm_prf_cnts        
20000000  __stop___llvm_prf_cnts         
20007670  xQueueRegistry                 
20007770  __stack                        
20007970  __STACK_END                    
20007970  __STACK_TOP                    
20007970  pxCurrentTCB                   
200079b8  Idle                           
ffffffff  __TI_pprof_out_hndl            
ffffffff  __TI_prof_data_size            
ffffffff  __TI_prof_data_start           
ffffffff  __binit__                      
ffffffff  __c_args__                     
ffffffff  binit                          
UNDEFED   __mpu_init                     
UNDEFED   _system_post_cinit             

[121 symbols]
