******************************************************************************
                  TI ARM Linker Unix v20.2.2                   
******************************************************************************
>> Linked Sun May  8 10:00:27 2022

OUTPUT FILE NAME:   <lab1.out>
ENTRY POINT SYMBOL: "_c_int00_noargs"  address: 00001fc5


MEMORY CONFIGURATION

         name            origin    length      used     unused   attr    fill
----------------------  --------  ---------  --------  --------  ----  --------
  FLASH                 00000000   00040000  00002592  0003da6e  R  X
  SRAM                  20000000   00008000  000079dd  00000623  RW X


SEGMENT ALLOCATION MAP

run origin  load origin   length   init length attrs members
----------  ----------- ---------- ----------- ----- -------
00000000    00000000    00002598   00002598    r-x
  00000000    00000000    0000026c   0000026c    r-- .intvecs
  0000026c    0000026c    000021b2   000021b2    r-x .text
  00002420    00002420    0000013c   0000013c    r-- .const
  00002560    00002560    00000038   00000038    r-- .cinit
20000000    20000000    000079e4   00000000    rw-
  20000000    20000000    00007789   00000000    rw- .bss
  20007790    20007790    00000200   00000000    rw- .stack
  20007990    20007990    00000054   00000000    rw- .data


SECTION ALLOCATION MAP

 output                                  attributes/
section   page    origin      length       input sections
--------  ----  ----------  ----------   ----------------
.intvecs   0    00000000    0000026c     
                  00000000    0000026c     startup_ccs.obj (.intvecs)

.text      0    0000026c    000021b2     
                  0000026c    000001ee     uartstdio.obj (.text:UARTvprintf)
                  0000045a    00000132     driverlib.lib : gpio.obj (.text:GPIOPadConfigSet)
                  0000058c    00000118     queue.obj (.text:xQueueGenericReceive)
                  000006a4    0000010c     tasks.obj (.text:xTaskIncrementTick)
                  000007b0    00000100     freertos_demo.obj (.text:vTask1)
                  000008b0    00000100     tasks.obj (.text:xTaskGenericCreate)
                  000009b0    000000f4     driverlib.lib : sysctl.obj (.text:SysCtlClockSet)
                  00000aa4    000000e8     queue.obj (.text:xQueueGenericSend)
                  00000b8c    000000e4     tasks.obj (.text:xTaskResumeAll)
                  00000c70    000000d2     portasm.obj (.text)
                  00000d42    00000002     startup_ccs.obj (.text:FaultISR)
                  00000d44    000000c4     freertos_demo.obj (.text:UART0IntHandler)
                  00000e08    000000ac     heap_2.obj (.text:pvPortMalloc)
                  00000eb4    000000a4     timers.obj (.text:prvProcessReceivedCommands)
                  00000f58    0000009c     freertos_demo.obj (.text:main)
                  00000ff4    0000009c     rtsv7M4_T_le_v4SPD16_eabi.lib : memcpy_t2.asm.obj (.text)
                  00001090    00000090     tasks.obj (.text:vTaskPriorityInherit)
                  00001120    0000008c     tasks.obj (.text:vTaskSwitchContext)
                  000011ac    00000088     Config_Register.obj (.text:Uart_Init)
                  00001234    00000084     tasks.obj (.text:vTaskDelayUntil)
                  000012b8    00000084     queue.obj (.text:xQueueGenericReset)
                  0000133c    0000007a     rtsv7M4_T_le_v4SPD16_eabi.lib : memset_t2.asm.obj (.text)
                  000013b6    00000002     startup_ccs.obj (.text:IntDefaultHandler)
                  000013b8    00000078     tasks.obj (.text:xTaskPriorityDisinherit)
                  00001430    00000074     tasks.obj (.text:xTaskRemoveFromEventList)
                  000014a4    00000072     queue.obj (.text:prvCopyDataToQueue)
                  00001516    00000002     startup_ccs.obj (.text:NmiSR)
                  00001518    00000070     timers.obj (.text:prvProcessTimerOrBlockTask)
                  00001588    00000068     driverlib.lib : interrupt.obj (.text:IntEnable)
                  000015f0    00000068     rtsv7M4_T_le_v4SPD16_eabi.lib : copy_decompress_lzss.c.obj (.text:decompress:lzss:__TI_decompress_lzss)
                  00001658    00000068     tasks.obj (.text:vTaskPlaceOnEventListRestricted)
                  000016c0    00000068     tasks.obj (.text:vTaskStartScheduler)
                  00001728    00000064     tasks.obj (.text:vTaskPlaceOnEventList)
                  0000178c    00000062     queue.obj (.text:prvUnlockQueue)
                  000017ee    00000002     rtsv7M4_T_le_v4SPD16_eabi.lib : div0.asm.obj (.text)
                  000017f0    00000060     uartstdio.obj (.text:UARTStdioConfig)
                  00001850    00000060     tasks.obj (.text:prvInitialiseTaskLists)
                  000018b0    00000060     timers.obj (.text:prvSwitchTimerLists)
                  00001910    0000005c     timers.obj (.text:prvCheckForValidListAndQueue)
                  0000196c    0000005c     queue.obj (.text:xQueueGenericSendFromISR)
                  000019c8    00000058     tasks.obj (.text:prvCheckTasksWaitingTermination)
                  00001a20    00000056     tasks.obj (.text:prvInitialiseTCBVariables)
                  00001a76    00000056     queue.obj (.text:xQueueGiveFromISR)
                  00001acc    00000054     tasks.obj (.text:xTaskCheckForTimeOut)
                  00001b20    0000004c     Config_Register.obj (.text:PortF_Init)
                  00001b6c    0000004c     tasks.obj (.text:prvAddCurrentTaskToDelayedList)
                  00001bb8    00000048     driverlib.lib : gpio.obj (.text:GPIOPinConfigure)
                  00001c00    00000048     uartstdio.obj (.text:UARTwrite)
                  00001c48    00000048     timers.obj (.text:prvProcessExpiredTimer)
                  00001c90    00000044     rtsv7M4_T_le_v4SPD16_eabi.lib : autoinit.c.obj (.text:__TI_auto_init_nobinit_nopinit:__TI_auto_init_nobinit_nopinit)
                  00001cd4    00000044     timers.obj (.text:prvInsertTimerInActiveList)
                  00001d18    00000044     heap_2.obj (.text:vPortFree)
                  00001d5c    00000044     timers.obj (.text:xTimerGenericCommand)
                  00001da0    00000040     rtsv7M4_T_le_v4SPD16_eabi.lib : u_divt2.asm.obj (.text)
                  00001de0    00000040     queue.obj (.text:vQueueWaitForMessageRestricted)
                  00001e20    00000040     freertos_demo.obj (.text:vTask2)
                  00001e60    00000040     port.obj (.text:xPortStartScheduler)
                  00001ea0    00000040     timers.obj (.text:xTimerCreateTimerTask)
                  00001ee0    0000003c     queue.obj (.text:xQueueGenericCreate)
                  00001f1c    0000003a     tasks.obj (.text:prvAllocateTCBAndStack)
                  00001f56    00000038     list.obj (.text:vListInsert)
                  00001f8e    00000002     freertos_demo.obj (.text:vApplicationStackOverflowHook)
                  00001f90    00000034     driverlib.lib : sysctl.obj (.text:SysCtlPeripheralEnable)
                  00001fc4    00000034     rtsv7M4_T_le_v4SPD16_eabi.lib : boot_cortex_m.c.obj (.text:_c_int00_noargs:_c_int00_noargs)
                  00001ff8    00000030     heap_2.obj (.text:prvHeapInit)
                  00002028    0000002c     port.obj (.text:xPortSysTickHandler)
                  00002054    0000002a     driverlib.lib : gpio.obj (.text:GPIODirModeSet)
                  0000207e    00000002     freertos_demo.obj (.text:vApplicationTickHook)
                  00002080    00000028     tasks.obj (.text:prvResetNextTaskUnblockTime)
                  000020a8    00000028     timers.obj (.text:prvSampleTimeNow)
                  000020d0    00000028     port.obj (.text:pxPortInitialiseStack)
                  000020f8    00000026     queue.obj (.text:prvCopyDataFromQueue)
                  0000211e    00000024     rtsv7M4_T_le_v4SPD16_eabi.lib : memcmp.c.obj (.text:memcmp)
                  00002142    00000002     --HOLE-- [fill = 0]
                  00002144    00000020     timers.obj (.text:prvGetNextExpireTime)
                  00002164    00000020     list.obj (.text:uxListRemove)
                  00002184    00000020     queue.obj (.text:vQueueAddToRegistry)
                  000021a4    00000020     tasks.obj (.text:xTaskGetSchedulerState)
                  000021c4    0000001c     queue.obj (.text:prvIsQueueFull)
                  000021e0    0000001c     port.obj (.text:vPortEnterCritical)
                  000021fc    0000001a     uartstdio.obj (.text:UARTprintf)
                  00002216    0000001a     queue.obj (.text:prvIsQueueEmpty)
                  00002230    00000018     driverlib.lib : gpio.obj (.text:GPIOPinTypeGPIOOutput)
                  00002248    00000018     tasks.obj (.text:pvTaskIncrementMutexHeldCount)
                  00002260    00000018     list.obj (.text:vListInsertEnd)
                  00002278    00000018     port.obj (.text:vPortExitCritical)
                  00002290    00000018     tasks.obj (.text:vTaskSetTimeOutState)
                  000022a8    00000016     list.obj (.text:vListInitialise)
                  000022be    00000014     timers.obj (.text:prvTimerTask)
                  000022d2    00000002     --HOLE-- [fill = 0]
                  000022d4    00000014     port.obj (.text:vPortSetupTimerInterrupt)
                  000022e8    00000012     driverlib.lib : gpio.obj (.text:GPIOPinTypeGPIOInput)
                  000022fa    00000012                   : gpio.obj (.text:GPIOPinTypeUART)
                  0000230c    00000012     tasks.obj (.text:prvDeleteTCB)
                  0000231e    00000010     driverlib.lib : interrupt.obj (.text:IntMasterEnable)
                  0000232e    00000010     port.obj (.text:prvTaskExitError)
                  0000233e    00000002     --HOLE-- [fill = 0]
                  00002340    00000010     freertos_demo.obj (.text:vApplicationIdleHook)
                  00002350    00000010     tasks.obj (.text:vTaskSuspendAll)
                  00002360    0000000e     driverlib.lib : uart.obj (.text:UARTCharPutNonBlocking)
                  0000236e    0000000e                   : uart.obj (.text:UARTCharsAvail)
                  0000237c    0000000e     rtsv7M4_T_le_v4SPD16_eabi.lib : copy_decompress_none.c.obj (.text:decompress:none:__TI_decompress_none)
                  0000238a    0000000c     driverlib.lib : cpu.obj (.text:CPUcpsie)
                  00002396    0000000c     rtsv7M4_T_le_v4SPD16_eabi.lib : copy_zero_init.c.obj (.text:decompress:ZI:__TI_zero_init)
                  000023a2    0000000c     tasks.obj (.text:prvIdleTask)
                  000023ae    00000002     --HOLE-- [fill = 0]
                  000023b0    0000000c     tasks.obj (.text:vTaskMissedYield)
                  000023bc    0000000c     tasks.obj (.text:xTaskGetTickCount)
                  000023c8    0000000a     driverlib.lib : uart.obj (.text:UARTCharGet)
                  000023d2    0000000a                   : uart.obj (.text:UARTFIFOEnable)
                  000023dc    0000000a                   : uart.obj (.text:UARTIntStatus)
                  000023e6    00000008                   : uart.obj (.text:UARTIntEnable)
                  000023ee    00000006                   : gpio.obj (.text:GPIOPinWrite)
                  000023f4    00000006     startup_ccs.obj (.text:ResetISR)
                  000023fa    00000006     driverlib.lib : sysctl.obj (.text:SysCtlDelay)
                  00002400    00000006                   : uart.obj (.text:UARTClockSourceSet)
                  00002406    00000006                   : uart.obj (.text:UARTFIFOLevelSet)
                  0000240c    00000006     list.obj (.text:vListInitialiseItem)
                  00002412    00000004     driverlib.lib : uart.obj (.text:UARTIntClear)
                  00002416    00000004     rtsv7M4_T_le_v4SPD16_eabi.lib : pre_init.c.obj (.text:_system_pre_init)
                  0000241a    00000004                                   : exit.c.obj (.text:abort:abort)

.const     0    00002420    0000013c     
                  00002420    00000090     driverlib.lib : gpio.obj (.const:g_pui32GPIOBaseAddrs)
                  000024b0    00000070                   : interrupt.obj (.const)
                  00002520    0000001e     freertos_demo.obj (.const:$P$T0$1)
                  0000253e    00000002     --HOLE-- [fill = 0]
                  00002540    0000000c     uartstdio.obj (.const:g_ui32UARTBase)
                  0000254c    0000000c     uartstdio.obj (.const:g_ui32UARTPeriph)
                  00002558    00000004     port.obj (.const)

.cinit     0    00002560    00000038     
                  00002560    00000010     (.cinit..data.load) [load image, compression = lzss]
                  00002570    0000000c     (__TI_handler_table)
                  0000257c    00000004     --HOLE-- [fill = 0]
                  00002580    00000008     (.cinit..bss.load) [load image, compression = zero_init]
                  00002588    00000010     (__TI_cinit_table)

.init_array 
*          0    00000000    00000000     UNINITIALIZED

.bss       0    20000000    00007789     UNINITIALIZED
                  20000000    00007530     heap_2.obj (.bss:ucHeap)
                  20007530    00000140     tasks.obj (.bss:pxReadyTasksLists)
                  20007670    00000050     (.common:xQueueRegistry)
                  200076c0    00000014     timers.obj (.bss:xActiveTimerList1)
                  200076d4    00000014     timers.obj (.bss:xActiveTimerList2)
                  200076e8    00000014     tasks.obj (.bss:xDelayedTaskList1)
                  200076fc    00000014     tasks.obj (.bss:xDelayedTaskList2)
                  20007710    00000014     tasks.obj (.bss:xPendingReadyList)
                  20007724    00000014     tasks.obj (.bss:xSuspendedTaskList)
                  20007738    00000014     tasks.obj (.bss:xTasksWaitingTermination)
                  2000774c    0000000c     (.common:string)
                  20007758    00000008     tasks.obj (.bss)
                  20007760    00000008     timers.obj (.bss)
                  20007768    00000008     heap_2.obj (.bss:xEnd)
                  20007770    00000008     heap_2.obj (.bss:xStart)
                  20007778    00000004     (.common:xQueue)
                  2000777c    00000004     (.common:xSemaphore)
                  20007780    00000004     (.common:xTask1Handle)
                  20007784    00000004     (.common:xTask2Handle)
                  20007788    00000001     (.common:State)

.data      0    20007990    00000054     UNINITIALIZED
                  20007990    00000030     tasks.obj (.data)
                  200079c0    00000008     freertos_demo.obj (.data)
                  200079c8    00000008     heap_2.obj (.data)
                  200079d0    00000008     timers.obj (.data)
                  200079d8    00000005     uartstdio.obj (.data)
                  200079dd    00000003     --HOLE--
                  200079e0    00000004     port.obj (.data)

.stack     0    20007790    00000200     UNINITIALIZED
                  20007790    00000004     rtsv7M4_T_le_v4SPD16_eabi.lib : boot_cortex_m.c.obj (.stack)
                  20007794    000001fc     --HOLE--

__llvm_prf_cnts 
*          0    20000000    00000000     UNINITIALIZED

MODULE SUMMARY

       Module                       code   ro data   rw data
       ------                       ----   -------   -------
    ./
       freertos_demo.obj            692    30        37     
       startup_ccs.obj              12     620       0      
    +--+----------------------------+------+---------+---------+
       Total:                       704    650       37     
                                                            
    ./Config_Register/
       Config_Register.obj          212    0         0      
    +--+----------------------------+------+---------+---------+
       Total:                       212    0         0      
                                                            
    ./third_party/FreeRTOS/Source/
       tasks.obj                    2390   0         476    
       queue.obj                    1282   0         80     
       timers.obj                   828    0         56     
       list.obj                     140    0         0      
    +--+----------------------------+------+---------+---------+
       Total:                       4640   0         612    
                                                            
    ./third_party/FreeRTOS/Source/portable/CCS/ARM_CM4F/
       port.obj                     236    4         4      
       portasm.obj                  210    0         0      
    +--+----------------------------+------+---------+---------+
       Total:                       446    4         4      
                                                            
    ./third_party/FreeRTOS/Source/portable/MemMang/
       heap_2.obj                   288    0         30024  
    +--+----------------------------+------+---------+---------+
       Total:                       288    0         30024  
                                                            
    ./utils/
       uartstdio.obj                688    24        5      
    +--+----------------------------+------+---------+---------+
       Total:                       688    24        5      
                                                            
    /home/nghia/ti/SW-TM4C-2.1.4.178/driverlib/ccs/Debug/driverlib.lib
       gpio.obj                     486    144       0      
       sysctl.obj                   302    0         0      
       interrupt.obj                120    112       0      
       uart.obj                     82     0         0      
       cpu.obj                      12     0         0      
    +--+----------------------------+------+---------+---------+
       Total:                       1002   256       0      
                                                            
    /home/nghia/ti/ccs1020/ccs/tools/compiler/ti-cgt-arm_20.2.2.LTS/lib/rtsv7M4_T_le_v4SPD16_eabi.lib
       memcpy_t2.asm.obj            156    0         0      
       memset_t2.asm.obj            122    0         0      
       copy_decompress_lzss.c.obj   104    0         0      
       autoinit.c.obj               68     0         0      
       u_divt2.asm.obj              64     0         0      
       boot_cortex_m.c.obj          52     0         0      
       memcmp.c.obj                 36     0         0      
       copy_decompress_none.c.obj   14     0         0      
       copy_zero_init.c.obj         12     0         0      
       exit.c.obj                   4      0         0      
       pre_init.c.obj               4      0         0      
       div0.asm.obj                 2      0         0      
    +--+----------------------------+------+---------+---------+
       Total:                       638    0         0      
                                                            
       Stack:                       0      0         512    
       Linker Generated:            0      52        0      
    +--+----------------------------+------+---------+---------+
       Grand Total:                 8618   986       31194  


LINKER GENERATED COPY TABLES

__TI_cinit_table @ 00002588 records: 2, size/record: 8, table size: 16
	.data: load addr=00002560, load size=00000010 bytes, run addr=20007990, run size=00000054 bytes, compression=lzss
	.bss: load addr=00002580, load size=00000008 bytes, run addr=20000000, run size=00007789 bytes, compression=zero_init


LINKER GENERATED HANDLER TABLE

__TI_handler_table @ 00002570 records: 3, size/record: 4, table size: 12
	index: 0, handler: __TI_decompress_lzss
	index: 1, handler: __TI_decompress_none
	index: 2, handler: __TI_zero_init


GLOBAL SYMBOLS: SORTED ALPHABETICALLY BY Name 

address   name                           
-------   ----                           
0000241b  C$$EXIT                        
0000238b  CPUcpsie                       
00002055  GPIODirModeSet                 
0000045b  GPIOPadConfigSet               
00001bb9  GPIOPinConfigure               
000022e9  GPIOPinTypeGPIOInput           
00002231  GPIOPinTypeGPIOOutput          
000022fb  GPIOPinTypeUART                
000023ef  GPIOPinWrite                   
200079c0  Idle                           
00001589  IntEnable                      
0000231f  IntMasterEnable                
00001b21  PortF_Init                     
000023f5  ResetISR                       
20007788  State                          
000009b1  SysCtlClockSet                 
000023fb  SysCtlDelay                    
00001f91  SysCtlPeripheralEnable         
00000d45  UART0IntHandler                
000023c9  UARTCharGet                    
00002361  UARTCharPutNonBlocking         
0000236f  UARTCharsAvail                 
00002401  UARTClockSourceSet             
000023d3  UARTFIFOEnable                 
00002407  UARTFIFOLevelSet               
00002413  UARTIntClear                   
000023e7  UARTIntEnable                  
000023dd  UARTIntStatus                  
000017f1  UARTStdioConfig                
000021fd  UARTprintf                     
0000026d  UARTvprintf                    
00001c01  UARTwrite                      
000011ad  Uart_Init                      
20007990  __STACK_END                    
00000200  __STACK_SIZE                   
20007990  __STACK_TOP                    
00002588  __TI_CINIT_Base                
00002598  __TI_CINIT_Limit               
00002570  __TI_Handler_Table_Base        
0000257c  __TI_Handler_Table_Limit       
00001c91  __TI_auto_init_nobinit_nopinit 
000015f1  __TI_decompress_lzss           
0000237d  __TI_decompress_none           
ffffffff  __TI_pprof_out_hndl            
ffffffff  __TI_prof_data_size            
ffffffff  __TI_prof_data_start           
00000000  __TI_static_base__             
00002397  __TI_zero_init                 
000017ef  __aeabi_idiv0                  
000017ef  __aeabi_ldiv0                  
0000133d  __aeabi_memclr                 
0000133d  __aeabi_memclr4                
0000133d  __aeabi_memclr8                
00000ff5  __aeabi_memcpy                 
00000ff5  __aeabi_memcpy4                
00000ff5  __aeabi_memcpy8                
0000133f  __aeabi_memset                 
0000133f  __aeabi_memset4                
0000133f  __aeabi_memset8                
00001da1  __aeabi_uidiv                  
00001da1  __aeabi_uidivmod               
ffffffff  __binit__                      
ffffffff  __c_args__                     
UNDEFED   __mpu_init                     
20007790  __stack                        
20000000  __start___llvm_prf_cnts        
20000000  __stop___llvm_prf_cnts         
00001fc5  _c_int00_noargs                
UNDEFED   _system_post_cinit             
00002417  _system_pre_init               
0000241b  abort                          
ffffffff  binit                          
00000000  g_pfnVectors                   
200079c4  i                              
00000f59  main                           
0000211f  memcmp                         
00000ff5  memcpy                         
00001345  memset                         
00000e09  pvPortMalloc                   
00002249  pvTaskIncrementMutexHeldCount  
20007990  pxCurrentTCB                   
000020d1  pxPortInitialiseStack          
2000774c  string                         
00002558  ulMaxSyscallInterruptPriority  
00000c81  ulPortGetIPSR                  
00002165  uxListRemove                   
00002341  vApplicationIdleHook           
00001f8f  vApplicationStackOverflowHook  
0000207f  vApplicationTickHook           
000022a9  vListInitialise                
0000240d  vListInitialiseItem            
00001f57  vListInsert                    
00002261  vListInsertEnd                 
00000d35  vPortEnableVFP                 
000021e1  vPortEnterCritical             
00002279  vPortExitCritical              
00001d19  vPortFree                      
00000cf9  vPortSVCHandler                
000022d5  vPortSetupTimerInterrupt       
00000d19  vPortStartFirstTask            
00002185  vQueueAddToRegistry            
00001de1  vQueueWaitForMessageRestricted 
000007b1  vTask1                         
00001e21  vTask2                         
00001235  vTaskDelayUntil                
000023b1  vTaskMissedYield               
00001729  vTaskPlaceOnEventList          
00001659  vTaskPlaceOnEventListRestricted
00001091  vTaskPriorityInherit           
00002291  vTaskSetTimeOutState           
000016c1  vTaskStartScheduler            
00002351  vTaskSuspendAll                
00001121  vTaskSwitchContext             
00000c99  xPortPendSVHandler             
00001e61  xPortStartScheduler            
00002029  xPortSysTickHandler            
20007778  xQueue                         
00001ee1  xQueueGenericCreate            
0000058d  xQueueGenericReceive           
000012b9  xQueueGenericReset             
00000aa5  xQueueGenericSend              
0000196d  xQueueGenericSendFromISR       
00001a77  xQueueGiveFromISR              
20007670  xQueueRegistry                 
2000777c  xSemaphore                     
20007780  xTask1Handle                   
20007784  xTask2Handle                   
00001acd  xTaskCheckForTimeOut           
000008b1  xTaskGenericCreate             
000021a5  xTaskGetSchedulerState         
000023bd  xTaskGetTickCount              
000006a5  xTaskIncrementTick             
000013b9  xTaskPriorityDisinherit        
00001431  xTaskRemoveFromEventList       
00000b8d  xTaskResumeAll                 
00001ea1  xTimerCreateTimerTask          
00001d5d  xTimerGenericCommand           


GLOBAL SYMBOLS: SORTED BY Symbol Address 

address   name                           
-------   ----                           
00000000  __TI_static_base__             
00000000  g_pfnVectors                   
00000200  __STACK_SIZE                   
0000026d  UARTvprintf                    
0000045b  GPIOPadConfigSet               
0000058d  xQueueGenericReceive           
000006a5  xTaskIncrementTick             
000007b1  vTask1                         
000008b1  xTaskGenericCreate             
000009b1  SysCtlClockSet                 
00000aa5  xQueueGenericSend              
00000b8d  xTaskResumeAll                 
00000c81  ulPortGetIPSR                  
00000c99  xPortPendSVHandler             
00000cf9  vPortSVCHandler                
00000d19  vPortStartFirstTask            
00000d35  vPortEnableVFP                 
00000d45  UART0IntHandler                
00000e09  pvPortMalloc                   
00000f59  main                           
00000ff5  __aeabi_memcpy                 
00000ff5  __aeabi_memcpy4                
00000ff5  __aeabi_memcpy8                
00000ff5  memcpy                         
00001091  vTaskPriorityInherit           
00001121  vTaskSwitchContext             
000011ad  Uart_Init                      
00001235  vTaskDelayUntil                
000012b9  xQueueGenericReset             
0000133d  __aeabi_memclr                 
0000133d  __aeabi_memclr4                
0000133d  __aeabi_memclr8                
0000133f  __aeabi_memset                 
0000133f  __aeabi_memset4                
0000133f  __aeabi_memset8                
00001345  memset                         
000013b9  xTaskPriorityDisinherit        
00001431  xTaskRemoveFromEventList       
00001589  IntEnable                      
000015f1  __TI_decompress_lzss           
00001659  vTaskPlaceOnEventListRestricted
000016c1  vTaskStartScheduler            
00001729  vTaskPlaceOnEventList          
000017ef  __aeabi_idiv0                  
000017ef  __aeabi_ldiv0                  
000017f1  UARTStdioConfig                
0000196d  xQueueGenericSendFromISR       
00001a77  xQueueGiveFromISR              
00001acd  xTaskCheckForTimeOut           
00001b21  PortF_Init                     
00001bb9  GPIOPinConfigure               
00001c01  UARTwrite                      
00001c91  __TI_auto_init_nobinit_nopinit 
00001d19  vPortFree                      
00001d5d  xTimerGenericCommand           
00001da1  __aeabi_uidiv                  
00001da1  __aeabi_uidivmod               
00001de1  vQueueWaitForMessageRestricted 
00001e21  vTask2                         
00001e61  xPortStartScheduler            
00001ea1  xTimerCreateTimerTask          
00001ee1  xQueueGenericCreate            
00001f57  vListInsert                    
00001f8f  vApplicationStackOverflowHook  
00001f91  SysCtlPeripheralEnable         
00001fc5  _c_int00_noargs                
00002029  xPortSysTickHandler            
00002055  GPIODirModeSet                 
0000207f  vApplicationTickHook           
000020d1  pxPortInitialiseStack          
0000211f  memcmp                         
00002165  uxListRemove                   
00002185  vQueueAddToRegistry            
000021a5  xTaskGetSchedulerState         
000021e1  vPortEnterCritical             
000021fd  UARTprintf                     
00002231  GPIOPinTypeGPIOOutput          
00002249  pvTaskIncrementMutexHeldCount  
00002261  vListInsertEnd                 
00002279  vPortExitCritical              
00002291  vTaskSetTimeOutState           
000022a9  vListInitialise                
000022d5  vPortSetupTimerInterrupt       
000022e9  GPIOPinTypeGPIOInput           
000022fb  GPIOPinTypeUART                
0000231f  IntMasterEnable                
00002341  vApplicationIdleHook           
00002351  vTaskSuspendAll                
00002361  UARTCharPutNonBlocking         
0000236f  UARTCharsAvail                 
0000237d  __TI_decompress_none           
0000238b  CPUcpsie                       
00002397  __TI_zero_init                 
000023b1  vTaskMissedYield               
000023bd  xTaskGetTickCount              
000023c9  UARTCharGet                    
000023d3  UARTFIFOEnable                 
000023dd  UARTIntStatus                  
000023e7  UARTIntEnable                  
000023ef  GPIOPinWrite                   
000023f5  ResetISR                       
000023fb  SysCtlDelay                    
00002401  UARTClockSourceSet             
00002407  UARTFIFOLevelSet               
0000240d  vListInitialiseItem            
00002413  UARTIntClear                   
00002417  _system_pre_init               
0000241b  C$$EXIT                        
0000241b  abort                          
00002558  ulMaxSyscallInterruptPriority  
00002570  __TI_Handler_Table_Base        
0000257c  __TI_Handler_Table_Limit       
00002588  __TI_CINIT_Base                
00002598  __TI_CINIT_Limit               
20000000  __start___llvm_prf_cnts        
20000000  __stop___llvm_prf_cnts         
20007670  xQueueRegistry                 
2000774c  string                         
20007778  xQueue                         
2000777c  xSemaphore                     
20007780  xTask1Handle                   
20007784  xTask2Handle                   
20007788  State                          
20007790  __stack                        
20007990  __STACK_END                    
20007990  __STACK_TOP                    
20007990  pxCurrentTCB                   
200079c0  Idle                           
200079c4  i                              
ffffffff  __TI_pprof_out_hndl            
ffffffff  __TI_prof_data_size            
ffffffff  __TI_prof_data_start           
ffffffff  __binit__                      
ffffffff  __c_args__                     
ffffffff  binit                          
UNDEFED   __mpu_init                     
UNDEFED   _system_post_cinit             

[137 symbols]
