<?xml version="1.0" encoding="ISO-8859-1" ?>
<link_info>
   <banner>TI ARM Linker Unix v20.2.2.LTS</banner>
   <copyright>Copyright (c) 1996-2018 Texas Instruments Incorporated</copyright>
   <link_time>0x6277324b</link_time>
   <link_errors>0x0</link_errors>
   <output_file>lab1.out</output_file>
   <entry_point>
      <name>_c_int00_noargs</name>
      <address>0x1fc5</address>
   </entry_point>
   <input_file_list>
      <input_file id="fl-2">
         <path>./</path>
         <kind>object</kind>
         <file>freertos_demo.obj</file>
         <name>freertos_demo.obj</name>
      </input_file>
      <input_file id="fl-3">
         <path>./</path>
         <kind>object</kind>
         <file>startup_ccs.obj</file>
         <name>startup_ccs.obj</name>
      </input_file>
      <input_file id="fl-4">
         <path>./Config_Register/</path>
         <kind>object</kind>
         <file>Config_Register.obj</file>
         <name>Config_Register.obj</name>
      </input_file>
      <input_file id="fl-5">
         <path>./FSM/</path>
         <kind>object</kind>
         <file>FSM.obj</file>
         <name>FSM.obj</name>
      </input_file>
      <input_file id="fl-6">
         <path>./LAB/1_TASK/</path>
         <kind>object</kind>
         <file>lab1.obj</file>
         <name>lab1.obj</name>
      </input_file>
      <input_file id="fl-7">
         <path>./LAB/1_TASK/</path>
         <kind>object</kind>
         <file>lab2.obj</file>
         <name>lab2.obj</name>
      </input_file>
      <input_file id="fl-8">
         <path>./LAB/1_TASK/</path>
         <kind>object</kind>
         <file>lab3.obj</file>
         <name>lab3.obj</name>
      </input_file>
      <input_file id="fl-9">
         <path>./LAB/2_QUEUE/</path>
         <kind>object</kind>
         <file>lab1.obj</file>
         <name>lab1.obj</name>
      </input_file>
      <input_file id="fl-a">
         <path>./LAB/2_QUEUE/</path>
         <kind>object</kind>
         <file>lab2.obj</file>
         <name>lab2.obj</name>
      </input_file>
      <input_file id="fl-b">
         <path>./LAB/2_QUEUE/</path>
         <kind>object</kind>
         <file>lab3.obj</file>
         <name>lab3.obj</name>
      </input_file>
      <input_file id="fl-c">
         <path>./LAB/3_Interrupt/</path>
         <kind>object</kind>
         <file>lab1.obj</file>
         <name>lab1.obj</name>
      </input_file>
      <input_file id="fl-d">
         <path>./LAB/3_Interrupt/</path>
         <kind>object</kind>
         <file>lab2.obj</file>
         <name>lab2.obj</name>
      </input_file>
      <input_file id="fl-e">
         <path>./LAB/3_Interrupt/</path>
         <kind>object</kind>
         <file>lab3.obj</file>
         <name>lab3.obj</name>
      </input_file>
      <input_file id="fl-f">
         <path>./drivers/</path>
         <kind>object</kind>
         <file>buttons.obj</file>
         <name>buttons.obj</name>
      </input_file>
      <input_file id="fl-10">
         <path>./drivers/</path>
         <kind>object</kind>
         <file>rgb.obj</file>
         <name>rgb.obj</name>
      </input_file>
      <input_file id="fl-11">
         <path>./third_party/FreeRTOS/Source/</path>
         <kind>object</kind>
         <file>list.obj</file>
         <name>list.obj</name>
      </input_file>
      <input_file id="fl-12">
         <path>./third_party/FreeRTOS/Source/</path>
         <kind>object</kind>
         <file>queue.obj</file>
         <name>queue.obj</name>
      </input_file>
      <input_file id="fl-13">
         <path>./third_party/FreeRTOS/Source/</path>
         <kind>object</kind>
         <file>tasks.obj</file>
         <name>tasks.obj</name>
      </input_file>
      <input_file id="fl-14">
         <path>./third_party/FreeRTOS/Source/</path>
         <kind>object</kind>
         <file>timers.obj</file>
         <name>timers.obj</name>
      </input_file>
      <input_file id="fl-15">
         <path>./third_party/FreeRTOS/Source/portable/CCS/ARM_CM4F/</path>
         <kind>object</kind>
         <file>port.obj</file>
         <name>port.obj</name>
      </input_file>
      <input_file id="fl-16">
         <path>./third_party/FreeRTOS/Source/portable/CCS/ARM_CM4F/</path>
         <kind>object</kind>
         <file>portasm.obj</file>
         <name>portasm.obj</name>
      </input_file>
      <input_file id="fl-17">
         <path>./third_party/FreeRTOS/Source/portable/MemMang/</path>
         <kind>object</kind>
         <file>heap_2.obj</file>
         <name>heap_2.obj</name>
      </input_file>
      <input_file id="fl-18">
         <path>./utils/</path>
         <kind>object</kind>
         <file>uartstdio.obj</file>
         <name>uartstdio.obj</name>
      </input_file>
      <input_file id="fl-19">
         <path>./utils/</path>
         <kind>object</kind>
         <file>ustdlib.obj</file>
         <name>ustdlib.obj</name>
      </input_file>
      <input_file id="fl-1e">
         <kind>object</kind>
         <file>&lt;internal&gt;</file>
         <name>&lt;internal&gt;</name>
      </input_file>
      <input_file id="fl-d4">
         <path>/home/nghia/ti/ccs1020/ccs/tools/compiler/ti-cgt-arm_20.2.2.LTS/lib/</path>
         <kind>archive</kind>
         <file>rtsv7M4_T_le_v4SPD16_eabi.lib</file>
         <name>fs_toull_t2.asm.obj</name>
      </input_file>
      <input_file id="fl-d5">
         <path>/home/nghia/ti/ccs1020/ccs/tools/compiler/ti-cgt-arm_20.2.2.LTS/lib/</path>
         <kind>archive</kind>
         <file>rtsv7M4_T_le_v4SPD16_eabi.lib</file>
         <name>memcpy_t2.asm.obj</name>
      </input_file>
      <input_file id="fl-d6">
         <path>/home/nghia/ti/ccs1020/ccs/tools/compiler/ti-cgt-arm_20.2.2.LTS/lib/</path>
         <kind>archive</kind>
         <file>rtsv7M4_T_le_v4SPD16_eabi.lib</file>
         <name>memset_t2.asm.obj</name>
      </input_file>
      <input_file id="fl-d7">
         <path>/home/nghia/ti/ccs1020/ccs/tools/compiler/ti-cgt-arm_20.2.2.LTS/lib/</path>
         <kind>archive</kind>
         <file>rtsv7M4_T_le_v4SPD16_eabi.lib</file>
         <name>u_divt2.asm.obj</name>
      </input_file>
      <input_file id="fl-d8">
         <path>/home/nghia/ti/ccs1020/ccs/tools/compiler/ti-cgt-arm_20.2.2.LTS/lib/</path>
         <kind>archive</kind>
         <file>rtsv7M4_T_le_v4SPD16_eabi.lib</file>
         <name>copy_zero_init.c.obj</name>
      </input_file>
      <input_file id="fl-d9">
         <path>/home/nghia/ti/ccs1020/ccs/tools/compiler/ti-cgt-arm_20.2.2.LTS/lib/</path>
         <kind>archive</kind>
         <file>rtsv7M4_T_le_v4SPD16_eabi.lib</file>
         <name>copy_decompress_none.c.obj</name>
      </input_file>
      <input_file id="fl-da">
         <path>/home/nghia/ti/ccs1020/ccs/tools/compiler/ti-cgt-arm_20.2.2.LTS/lib/</path>
         <kind>archive</kind>
         <file>rtsv7M4_T_le_v4SPD16_eabi.lib</file>
         <name>copy_decompress_lzss.c.obj</name>
      </input_file>
      <input_file id="fl-db">
         <path>/home/nghia/ti/ccs1020/ccs/tools/compiler/ti-cgt-arm_20.2.2.LTS/lib/</path>
         <kind>archive</kind>
         <file>rtsv7M4_T_le_v4SPD16_eabi.lib</file>
         <name>memcmp.c.obj</name>
      </input_file>
      <input_file id="fl-dc">
         <path>/home/nghia/ti/ccs1020/ccs/tools/compiler/ti-cgt-arm_20.2.2.LTS/lib/</path>
         <kind>archive</kind>
         <file>rtsv7M4_T_le_v4SPD16_eabi.lib</file>
         <name>boot_cortex_m.c.obj</name>
      </input_file>
      <input_file id="fl-dd">
         <path>/home/nghia/ti/ccs1020/ccs/tools/compiler/ti-cgt-arm_20.2.2.LTS/lib/</path>
         <kind>archive</kind>
         <file>rtsv7M4_T_le_v4SPD16_eabi.lib</file>
         <name>div0.asm.obj</name>
      </input_file>
      <input_file id="fl-de">
         <path>/home/nghia/ti/ccs1020/ccs/tools/compiler/ti-cgt-arm_20.2.2.LTS/lib/</path>
         <kind>archive</kind>
         <file>rtsv7M4_T_le_v4SPD16_eabi.lib</file>
         <name>autoinit.c.obj</name>
      </input_file>
      <input_file id="fl-df">
         <path>/home/nghia/ti/ccs1020/ccs/tools/compiler/ti-cgt-arm_20.2.2.LTS/lib/</path>
         <kind>archive</kind>
         <file>rtsv7M4_T_le_v4SPD16_eabi.lib</file>
         <name>pre_init.c.obj</name>
      </input_file>
      <input_file id="fl-e0">
         <path>/home/nghia/ti/ccs1020/ccs/tools/compiler/ti-cgt-arm_20.2.2.LTS/lib/</path>
         <kind>archive</kind>
         <file>rtsv7M4_T_le_v4SPD16_eabi.lib</file>
         <name>cpy_tbl.c.obj</name>
      </input_file>
      <input_file id="fl-e1">
         <path>/home/nghia/ti/ccs1020/ccs/tools/compiler/ti-cgt-arm_20.2.2.LTS/lib/</path>
         <kind>archive</kind>
         <file>rtsv7M4_T_le_v4SPD16_eabi.lib</file>
         <name>exit.c.obj</name>
      </input_file>
      <input_file id="fl-e2">
         <path>/home/nghia/ti/ccs1020/ccs/tools/compiler/ti-cgt-arm_20.2.2.LTS/lib/</path>
         <kind>archive</kind>
         <file>rtsv7M4_T_le_v4SPD16_eabi.lib</file>
         <name>_lock.c.obj</name>
      </input_file>
      <input_file id="fl-e3">
         <path>/home/nghia/ti/ccs1020/ccs/tools/compiler/ti-cgt-arm_20.2.2.LTS/lib/</path>
         <kind>archive</kind>
         <file>rtsv7M4_T_le_v4SPD16_eabi.lib</file>
         <name>args_main.c.obj</name>
      </input_file>
      <input_file id="fl-e4">
         <path>/home/nghia/ti/SW-TM4C-2.1.4.178/driverlib/ccs/Debug/</path>
         <kind>archive</kind>
         <file>driverlib.lib</file>
         <name>gpio.obj</name>
      </input_file>
      <input_file id="fl-e5">
         <path>/home/nghia/ti/SW-TM4C-2.1.4.178/driverlib/ccs/Debug/</path>
         <kind>archive</kind>
         <file>driverlib.lib</file>
         <name>interrupt.obj</name>
      </input_file>
      <input_file id="fl-e6">
         <path>/home/nghia/ti/SW-TM4C-2.1.4.178/driverlib/ccs/Debug/</path>
         <kind>archive</kind>
         <file>driverlib.lib</file>
         <name>sysctl.obj</name>
      </input_file>
      <input_file id="fl-e7">
         <path>/home/nghia/ti/SW-TM4C-2.1.4.178/driverlib/ccs/Debug/</path>
         <kind>archive</kind>
         <file>driverlib.lib</file>
         <name>systick.obj</name>
      </input_file>
      <input_file id="fl-e8">
         <path>/home/nghia/ti/SW-TM4C-2.1.4.178/driverlib/ccs/Debug/</path>
         <kind>archive</kind>
         <file>driverlib.lib</file>
         <name>timer.obj</name>
      </input_file>
      <input_file id="fl-e9">
         <path>/home/nghia/ti/SW-TM4C-2.1.4.178/driverlib/ccs/Debug/</path>
         <kind>archive</kind>
         <file>driverlib.lib</file>
         <name>uart.obj</name>
      </input_file>
      <input_file id="fl-ea">
         <path>/home/nghia/ti/SW-TM4C-2.1.4.178/driverlib/ccs/Debug/</path>
         <kind>archive</kind>
         <file>driverlib.lib</file>
         <name>cpu.obj</name>
      </input_file>
   </input_file_list>
   <object_component_list>
      <object_component id="oc-12">
         <name>.intvecs</name>
         <load_address>0x0</load_address>
         <run_address>0x0</run_address>
         <size>0x26c</size>
         <input_file_ref idref="fl-3"/>
      </object_component>
      <object_component id="oc-160">
         <name>.text:UARTvprintf</name>
         <load_address>0x26c</load_address>
         <run_address>0x26c</run_address>
         <size>0x1ee</size>
         <input_file_ref idref="fl-18"/>
      </object_component>
      <object_component id="oc-2ac">
         <name>.text:GPIOPadConfigSet</name>
         <load_address>0x45a</load_address>
         <run_address>0x45a</run_address>
         <size>0x132</size>
         <input_file_ref idref="fl-e4"/>
      </object_component>
      <object_component id="oc-31d">
         <name>.text:xQueueGenericReceive</name>
         <load_address>0x58c</load_address>
         <run_address>0x58c</run_address>
         <size>0x118</size>
         <input_file_ref idref="fl-12"/>
      </object_component>
      <object_component id="oc-a1">
         <name>.text:xTaskIncrementTick</name>
         <load_address>0x6a4</load_address>
         <run_address>0x6a4</run_address>
         <size>0x10c</size>
         <input_file_ref idref="fl-13"/>
      </object_component>
      <object_component id="oc-1e5">
         <name>.text:vTask1</name>
         <load_address>0x7b0</load_address>
         <run_address>0x7b0</run_address>
         <size>0x100</size>
         <input_file_ref idref="fl-2"/>
      </object_component>
      <object_component id="oc-1cc">
         <name>.text:xTaskGenericCreate</name>
         <load_address>0x8b0</load_address>
         <run_address>0x8b0</run_address>
         <size>0x100</size>
         <input_file_ref idref="fl-13"/>
      </object_component>
      <object_component id="oc-1ba">
         <name>.text:SysCtlClockSet</name>
         <load_address>0x9b0</load_address>
         <run_address>0x9b0</run_address>
         <size>0xf4</size>
         <input_file_ref idref="fl-e6"/>
      </object_component>
      <object_component id="oc-317">
         <name>.text:xQueueGenericSend</name>
         <load_address>0xaa4</load_address>
         <run_address>0xaa4</run_address>
         <size>0xe8</size>
         <input_file_ref idref="fl-12"/>
      </object_component>
      <object_component id="oc-3bb">
         <name>.text:xTaskResumeAll</name>
         <load_address>0xb8c</load_address>
         <run_address>0xb8c</run_address>
         <size>0xe4</size>
         <input_file_ref idref="fl-13"/>
      </object_component>
      <object_component id="oc-3f">
         <name>.text</name>
         <load_address>0xc70</load_address>
         <run_address>0xc70</run_address>
         <size>0xd2</size>
         <input_file_ref idref="fl-16"/>
      </object_component>
      <object_component id="oc-33">
         <name>.text:FaultISR</name>
         <load_address>0xd42</load_address>
         <run_address>0xd42</run_address>
         <size>0x2</size>
         <input_file_ref idref="fl-3"/>
      </object_component>
      <object_component id="oc-4a">
         <name>.text:UART0IntHandler</name>
         <load_address>0xd44</load_address>
         <run_address>0xd44</run_address>
         <size>0xc4</size>
         <input_file_ref idref="fl-2"/>
      </object_component>
      <object_component id="oc-2d8">
         <name>.text:pvPortMalloc</name>
         <load_address>0xe08</load_address>
         <run_address>0xe08</run_address>
         <size>0xac</size>
         <input_file_ref idref="fl-17"/>
      </object_component>
      <object_component id="oc-4aa">
         <name>.text:prvProcessReceivedCommands</name>
         <load_address>0xeb4</load_address>
         <run_address>0xeb4</run_address>
         <size>0xa4</size>
         <input_file_ref idref="fl-14"/>
      </object_component>
      <object_component id="oc-118">
         <name>.text:main</name>
         <load_address>0xf58</load_address>
         <run_address>0xf58</run_address>
         <size>0x9c</size>
         <input_file_ref idref="fl-2"/>
      </object_component>
      <object_component id="oc-5e">
         <name>.text</name>
         <load_address>0xff4</load_address>
         <run_address>0xff4</run_address>
         <size>0x9c</size>
         <input_file_ref idref="fl-d5"/>
      </object_component>
      <object_component id="oc-425">
         <name>.text:vTaskPriorityInherit</name>
         <load_address>0x1090</load_address>
         <run_address>0x1090</run_address>
         <size>0x90</size>
         <input_file_ref idref="fl-13"/>
      </object_component>
      <object_component id="oc-9a">
         <name>.text:vTaskSwitchContext</name>
         <load_address>0x1120</load_address>
         <run_address>0x1120</run_address>
         <size>0x8c</size>
         <input_file_ref idref="fl-13"/>
      </object_component>
      <object_component id="oc-1c0">
         <name>.text:Uart_Init</name>
         <load_address>0x11ac</load_address>
         <run_address>0x11ac</run_address>
         <size>0x88</size>
         <input_file_ref idref="fl-4"/>
      </object_component>
      <object_component id="oc-311">
         <name>.text:vTaskDelayUntil</name>
         <load_address>0x1234</load_address>
         <run_address>0x1234</run_address>
         <size>0x84</size>
         <input_file_ref idref="fl-13"/>
      </object_component>
      <object_component id="oc-2de">
         <name>.text:xQueueGenericReset</name>
         <load_address>0x12b8</load_address>
         <run_address>0x12b8</run_address>
         <size>0x84</size>
         <input_file_ref idref="fl-12"/>
      </object_component>
      <object_component id="oc-10c">
         <name>.text</name>
         <load_address>0x133c</load_address>
         <run_address>0x133c</run_address>
         <size>0x7a</size>
         <input_file_ref idref="fl-d6"/>
      </object_component>
      <object_component id="oc-39">
         <name>.text:IntDefaultHandler</name>
         <load_address>0x13b6</load_address>
         <run_address>0x13b6</run_address>
         <size>0x2</size>
         <input_file_ref idref="fl-3"/>
      </object_component>
      <object_component id="oc-25f">
         <name>.text:xTaskPriorityDisinherit</name>
         <load_address>0x13b8</load_address>
         <run_address>0x13b8</run_address>
         <size>0x78</size>
         <input_file_ref idref="fl-13"/>
      </object_component>
      <object_component id="oc-16d">
         <name>.text:xTaskRemoveFromEventList</name>
         <load_address>0x1430</load_address>
         <run_address>0x1430</run_address>
         <size>0x74</size>
         <input_file_ref idref="fl-13"/>
      </object_component>
      <object_component id="oc-17b">
         <name>.text:prvCopyDataToQueue</name>
         <load_address>0x14a4</load_address>
         <run_address>0x14a4</run_address>
         <size>0x72</size>
         <input_file_ref idref="fl-12"/>
      </object_component>
      <object_component id="oc-2d">
         <name>.text:NmiSR</name>
         <load_address>0x1516</load_address>
         <run_address>0x1516</run_address>
         <size>0x2</size>
         <input_file_ref idref="fl-3"/>
      </object_component>
      <object_component id="oc-4a4">
         <name>.text:prvProcessTimerOrBlockTask</name>
         <load_address>0x1518</load_address>
         <run_address>0x1518</run_address>
         <size>0x70</size>
         <input_file_ref idref="fl-14"/>
      </object_component>
      <object_component id="oc-293">
         <name>.text:IntEnable</name>
         <load_address>0x1588</load_address>
         <run_address>0x1588</run_address>
         <size>0x68</size>
         <input_file_ref idref="fl-e5"/>
      </object_component>
      <object_component id="oc-15">
         <name>.text:decompress:lzss:__TI_decompress_lzss</name>
         <load_address>0x15f0</load_address>
         <run_address>0x15f0</run_address>
         <size>0x68</size>
         <input_file_ref idref="fl-da"/>
      </object_component>
      <object_component id="oc-51e">
         <name>.text:vTaskPlaceOnEventListRestricted</name>
         <load_address>0x1658</load_address>
         <run_address>0x1658</run_address>
         <size>0x68</size>
         <input_file_ref idref="fl-13"/>
      </object_component>
      <object_component id="oc-1de">
         <name>.text:vTaskStartScheduler</name>
         <load_address>0x16c0</load_address>
         <run_address>0x16c0</run_address>
         <size>0x68</size>
         <input_file_ref idref="fl-13"/>
      </object_component>
      <object_component id="oc-418">
         <name>.text:vTaskPlaceOnEventList</name>
         <load_address>0x1728</load_address>
         <run_address>0x1728</run_address>
         <size>0x64</size>
         <input_file_ref idref="fl-13"/>
      </object_component>
      <object_component id="oc-40c">
         <name>.text:prvUnlockQueue</name>
         <load_address>0x178c</load_address>
         <run_address>0x178c</run_address>
         <size>0x62</size>
         <input_file_ref idref="fl-12"/>
      </object_component>
      <object_component id="oc-352">
         <name>.text</name>
         <load_address>0x17ee</load_address>
         <run_address>0x17ee</run_address>
         <size>0x2</size>
         <input_file_ref idref="fl-dd"/>
      </object_component>
      <object_component id="oc-281">
         <name>.text:UARTStdioConfig</name>
         <load_address>0x17f0</load_address>
         <run_address>0x17f0</run_address>
         <size>0x60</size>
         <input_file_ref idref="fl-18"/>
      </object_component>
      <object_component id="oc-2cb">
         <name>.text:prvInitialiseTaskLists</name>
         <load_address>0x1850</load_address>
         <run_address>0x1850</run_address>
         <size>0x60</size>
         <input_file_ref idref="fl-13"/>
      </object_component>
      <object_component id="oc-517">
         <name>.text:prvSwitchTimerLists</name>
         <load_address>0x18b0</load_address>
         <run_address>0x18b0</run_address>
         <size>0x60</size>
         <input_file_ref idref="fl-14"/>
      </object_component>
      <object_component id="oc-3ce">
         <name>.text:prvCheckForValidListAndQueue</name>
         <load_address>0x1910</load_address>
         <run_address>0x1910</run_address>
         <size>0x5c</size>
         <input_file_ref idref="fl-14"/>
      </object_component>
      <object_component id="oc-cc">
         <name>.text:xQueueGenericSendFromISR</name>
         <load_address>0x196c</load_address>
         <run_address>0x196c</run_address>
         <size>0x5c</size>
         <input_file_ref idref="fl-12"/>
      </object_component>
      <object_component id="oc-3e8">
         <name>.text:prvCheckTasksWaitingTermination</name>
         <load_address>0x19c8</load_address>
         <run_address>0x19c8</run_address>
         <size>0x58</size>
         <input_file_ref idref="fl-13"/>
      </object_component>
      <object_component id="oc-2b9">
         <name>.text:prvInitialiseTCBVariables</name>
         <load_address>0x1a20</load_address>
         <run_address>0x1a20</run_address>
         <size>0x56</size>
         <input_file_ref idref="fl-13"/>
      </object_component>
      <object_component id="oc-c6">
         <name>.text:xQueueGiveFromISR</name>
         <load_address>0x1a76</load_address>
         <run_address>0x1a76</run_address>
         <size>0x56</size>
         <input_file_ref idref="fl-12"/>
      </object_component>
      <object_component id="oc-406">
         <name>.text:xTaskCheckForTimeOut</name>
         <load_address>0x1acc</load_address>
         <run_address>0x1acc</run_address>
         <size>0x54</size>
         <input_file_ref idref="fl-13"/>
      </object_component>
      <object_component id="oc-1c6">
         <name>.text:PortF_Init</name>
         <load_address>0x1b20</load_address>
         <run_address>0x1b20</run_address>
         <size>0x4c</size>
         <input_file_ref idref="fl-4"/>
      </object_component>
      <object_component id="oc-3f9">
         <name>.text:prvAddCurrentTaskToDelayedList</name>
         <load_address>0x1b6c</load_address>
         <run_address>0x1b6c</run_address>
         <size>0x4c</size>
         <input_file_ref idref="fl-13"/>
      </object_component>
      <object_component id="oc-26f">
         <name>.text:GPIOPinConfigure</name>
         <load_address>0x1bb8</load_address>
         <run_address>0x1bb8</run_address>
         <size>0x48</size>
         <input_file_ref idref="fl-e4"/>
      </object_component>
      <object_component id="oc-246">
         <name>.text:UARTwrite</name>
         <load_address>0x1c00</load_address>
         <run_address>0x1c00</run_address>
         <size>0x48</size>
         <input_file_ref idref="fl-18"/>
      </object_component>
      <object_component id="oc-4f3">
         <name>.text:prvProcessExpiredTimer</name>
         <load_address>0x1c48</load_address>
         <run_address>0x1c48</run_address>
         <size>0x48</size>
         <input_file_ref idref="fl-14"/>
      </object_component>
      <object_component id="oc-1ff">
         <name>.text:__TI_auto_init_nobinit_nopinit:__TI_auto_init_nobinit_nopinit</name>
         <load_address>0x1c90</load_address>
         <run_address>0x1c90</run_address>
         <size>0x44</size>
         <input_file_ref idref="fl-de"/>
      </object_component>
      <object_component id="oc-500">
         <name>.text:prvInsertTimerInActiveList</name>
         <load_address>0x1cd4</load_address>
         <run_address>0x1cd4</run_address>
         <size>0x44</size>
         <input_file_ref idref="fl-14"/>
      </object_component>
      <object_component id="oc-382">
         <name>.text:vPortFree</name>
         <load_address>0x1d18</load_address>
         <run_address>0x1d18</run_address>
         <size>0x44</size>
         <input_file_ref idref="fl-17"/>
      </object_component>
      <object_component id="oc-506">
         <name>.text:xTimerGenericCommand</name>
         <load_address>0x1d5c</load_address>
         <run_address>0x1d5c</run_address>
         <size>0x44</size>
         <input_file_ref idref="fl-14"/>
      </object_component>
      <object_component id="oc-24c">
         <name>.text</name>
         <load_address>0x1da0</load_address>
         <run_address>0x1da0</run_address>
         <size>0x40</size>
         <input_file_ref idref="fl-d7"/>
      </object_component>
      <object_component id="oc-4f9">
         <name>.text:vQueueWaitForMessageRestricted</name>
         <load_address>0x1de0</load_address>
         <run_address>0x1de0</run_address>
         <size>0x40</size>
         <input_file_ref idref="fl-12"/>
      </object_component>
      <object_component id="oc-1ec">
         <name>.text:vTask2</name>
         <load_address>0x1e20</load_address>
         <run_address>0x1e20</run_address>
         <size>0x40</size>
         <input_file_ref idref="fl-2"/>
      </object_component>
      <object_component id="oc-2f2">
         <name>.text:xPortStartScheduler</name>
         <load_address>0x1e60</load_address>
         <run_address>0x1e60</run_address>
         <size>0x40</size>
         <input_file_ref idref="fl-15"/>
      </object_component>
      <object_component id="oc-2ec">
         <name>.text:xTimerCreateTimerTask</name>
         <load_address>0x1ea0</load_address>
         <run_address>0x1ea0</run_address>
         <size>0x40</size>
         <input_file_ref idref="fl-14"/>
      </object_component>
      <object_component id="oc-1d2">
         <name>.text:xQueueGenericCreate</name>
         <load_address>0x1ee0</load_address>
         <run_address>0x1ee0</run_address>
         <size>0x3c</size>
         <input_file_ref idref="fl-12"/>
      </object_component>
      <object_component id="oc-2b3">
         <name>.text:prvAllocateTCBAndStack</name>
         <load_address>0x1f1c</load_address>
         <run_address>0x1f1c</run_address>
         <size>0x3a</size>
         <input_file_ref idref="fl-13"/>
      </object_component>
      <object_component id="oc-4c1">
         <name>.text:vListInsert</name>
         <load_address>0x1f56</load_address>
         <run_address>0x1f56</run_address>
         <size>0x38</size>
         <input_file_ref idref="fl-11"/>
      </object_component>
      <object_component id="oc-130">
         <name>.text:vApplicationStackOverflowHook</name>
         <load_address>0x1f8e</load_address>
         <run_address>0x1f8e</run_address>
         <size>0x2</size>
         <input_file_ref idref="fl-2"/>
      </object_component>
      <object_component id="oc-269">
         <name>.text:SysCtlPeripheralEnable</name>
         <load_address>0x1f90</load_address>
         <run_address>0x1f90</run_address>
         <size>0x34</size>
         <input_file_ref idref="fl-e6"/>
      </object_component>
      <object_component id="oc-7c">
         <name>.text:_c_int00_noargs:_c_int00_noargs</name>
         <load_address>0x1fc4</load_address>
         <run_address>0x1fc4</run_address>
         <size>0x34</size>
         <input_file_ref idref="fl-dc"/>
      </object_component>
      <object_component id="oc-3b5">
         <name>.text:prvHeapInit</name>
         <load_address>0x1ff8</load_address>
         <run_address>0x1ff8</run_address>
         <size>0x30</size>
         <input_file_ref idref="fl-17"/>
      </object_component>
      <object_component id="oc-44">
         <name>.text:xPortSysTickHandler</name>
         <load_address>0x2028</load_address>
         <run_address>0x2028</run_address>
         <size>0x2c</size>
         <input_file_ref idref="fl-15"/>
      </object_component>
      <object_component id="oc-368">
         <name>.text:GPIODirModeSet</name>
         <load_address>0x2054</load_address>
         <run_address>0x2054</run_address>
         <size>0x2a</size>
         <input_file_ref idref="fl-e4"/>
      </object_component>
      <object_component id="oc-14c">
         <name>.text:vApplicationTickHook</name>
         <load_address>0x207e</load_address>
         <run_address>0x207e</run_address>
         <size>0x2</size>
         <input_file_ref idref="fl-2"/>
      </object_component>
      <object_component id="oc-13a">
         <name>.text:prvResetNextTaskUnblockTime</name>
         <load_address>0x2080</load_address>
         <run_address>0x2080</run_address>
         <size>0x28</size>
         <input_file_ref idref="fl-13"/>
      </object_component>
      <object_component id="oc-4f1">
         <name>.text:prvSampleTimeNow</name>
         <load_address>0x20a8</load_address>
         <run_address>0x20a8</run_address>
         <size>0x28</size>
         <input_file_ref idref="fl-14"/>
      </object_component>
      <object_component id="oc-2bf">
         <name>.text:pxPortInitialiseStack</name>
         <load_address>0x20d0</load_address>
         <run_address>0x20d0</run_address>
         <size>0x28</size>
         <input_file_ref idref="fl-15"/>
      </object_component>
      <object_component id="oc-42b">
         <name>.text:prvCopyDataFromQueue</name>
         <load_address>0x20f8</load_address>
         <run_address>0x20f8</run_address>
         <size>0x26</size>
         <input_file_ref idref="fl-12"/>
      </object_component>
      <object_component id="oc-305">
         <name>.text:memcmp</name>
         <load_address>0x211e</load_address>
         <run_address>0x211e</run_address>
         <size>0x24</size>
         <input_file_ref idref="fl-db"/>
      </object_component>
      <object_component id="oc-49e">
         <name>.text:prvGetNextExpireTime</name>
         <load_address>0x2144</load_address>
         <run_address>0x2144</run_address>
         <size>0x20</size>
         <input_file_ref idref="fl-14"/>
      </object_component>
      <object_component id="oc-140">
         <name>.text:uxListRemove</name>
         <load_address>0x2164</load_address>
         <run_address>0x2164</run_address>
         <size>0x20</size>
         <input_file_ref idref="fl-11"/>
      </object_component>
      <object_component id="oc-48e">
         <name>.text:vQueueAddToRegistry</name>
         <load_address>0x2184</load_address>
         <run_address>0x2184</run_address>
         <size>0x20</size>
         <input_file_ref idref="fl-12"/>
      </object_component>
      <object_component id="oc-526">
         <name>.text:xTaskGetSchedulerState</name>
         <load_address>0x21a4</load_address>
         <run_address>0x21a4</run_address>
         <size>0x20</size>
         <input_file_ref idref="fl-13"/>
      </object_component>
      <object_component id="oc-412">
         <name>.text:prvIsQueueFull</name>
         <load_address>0x21c4</load_address>
         <run_address>0x21c4</run_address>
         <size>0x1c</size>
         <input_file_ref idref="fl-12"/>
      </object_component>
      <object_component id="oc-2c5">
         <name>.text:vPortEnterCritical</name>
         <load_address>0x21e0</load_address>
         <run_address>0x21e0</run_address>
         <size>0x1c</size>
         <input_file_ref idref="fl-15"/>
      </object_component>
      <object_component id="oc-c0">
         <name>.text:UARTprintf</name>
         <load_address>0x21fc</load_address>
         <run_address>0x21fc</run_address>
         <size>0x1a</size>
         <input_file_ref idref="fl-18"/>
      </object_component>
      <object_component id="oc-41f">
         <name>.text:prvIsQueueEmpty</name>
         <load_address>0x2216</load_address>
         <run_address>0x2216</run_address>
         <size>0x1a</size>
         <input_file_ref idref="fl-12"/>
      </object_component>
      <object_component id="oc-2a0">
         <name>.text:GPIOPinTypeGPIOOutput</name>
         <load_address>0x2230</load_address>
         <run_address>0x2230</run_address>
         <size>0x18</size>
         <input_file_ref idref="fl-e4"/>
      </object_component>
      <object_component id="oc-431">
         <name>.text:pvTaskIncrementMutexHeldCount</name>
         <load_address>0x2248</load_address>
         <run_address>0x2248</run_address>
         <size>0x18</size>
         <input_file_ref idref="fl-13"/>
      </object_component>
      <object_component id="oc-146">
         <name>.text:vListInsertEnd</name>
         <load_address>0x2260</load_address>
         <run_address>0x2260</run_address>
         <size>0x18</size>
         <input_file_ref idref="fl-11"/>
      </object_component>
      <object_component id="oc-2d1">
         <name>.text:vPortExitCritical</name>
         <load_address>0x2278</load_address>
         <run_address>0x2278</run_address>
         <size>0x18</size>
         <input_file_ref idref="fl-15"/>
      </object_component>
      <object_component id="oc-400">
         <name>.text:vTaskSetTimeOutState</name>
         <load_address>0x2290</load_address>
         <run_address>0x2290</run_address>
         <size>0x18</size>
         <input_file_ref idref="fl-13"/>
      </object_component>
      <object_component id="oc-39b">
         <name>.text:vListInitialise</name>
         <load_address>0x22a8</load_address>
         <run_address>0x22a8</run_address>
         <size>0x16</size>
         <input_file_ref idref="fl-11"/>
      </object_component>
      <object_component id="oc-3d4">
         <name>.text:prvTimerTask</name>
         <load_address>0x22be</load_address>
         <run_address>0x22be</run_address>
         <size>0x14</size>
         <input_file_ref idref="fl-14"/>
      </object_component>
      <object_component id="oc-3e1">
         <name>.text:vPortSetupTimerInterrupt</name>
         <load_address>0x22d4</load_address>
         <run_address>0x22d4</run_address>
         <size>0x14</size>
         <input_file_ref idref="fl-15"/>
      </object_component>
      <object_component id="oc-2a6">
         <name>.text:GPIOPinTypeGPIOInput</name>
         <load_address>0x22e8</load_address>
         <run_address>0x22e8</run_address>
         <size>0x12</size>
         <input_file_ref idref="fl-e4"/>
      </object_component>
      <object_component id="oc-275">
         <name>.text:GPIOPinTypeUART</name>
         <load_address>0x22fa</load_address>
         <run_address>0x22fa</run_address>
         <size>0x12</size>
         <input_file_ref idref="fl-e4"/>
      </object_component>
      <object_component id="oc-4b7">
         <name>.text:prvDeleteTCB</name>
         <load_address>0x230c</load_address>
         <run_address>0x230c</run_address>
         <size>0x12</size>
         <input_file_ref idref="fl-13"/>
      </object_component>
      <object_component id="oc-1d8">
         <name>.text:IntMasterEnable</name>
         <load_address>0x231e</load_address>
         <run_address>0x231e</run_address>
         <size>0x10</size>
         <input_file_ref idref="fl-e5"/>
      </object_component>
      <object_component id="oc-390">
         <name>.text:prvTaskExitError</name>
         <load_address>0x232e</load_address>
         <run_address>0x232e</run_address>
         <size>0x10</size>
         <input_file_ref idref="fl-15"/>
      </object_component>
      <object_component id="oc-3ee">
         <name>.text:vApplicationIdleHook</name>
         <load_address>0x2340</load_address>
         <run_address>0x2340</run_address>
         <size>0x10</size>
         <input_file_ref idref="fl-2"/>
      </object_component>
      <object_component id="oc-3af">
         <name>.text:vTaskSuspendAll</name>
         <load_address>0x2350</load_address>
         <run_address>0x2350</run_address>
         <size>0x10</size>
         <input_file_ref idref="fl-13"/>
      </object_component>
      <object_component id="oc-ba">
         <name>.text:UARTCharPutNonBlocking</name>
         <load_address>0x2360</load_address>
         <run_address>0x2360</run_address>
         <size>0xe</size>
         <input_file_ref idref="fl-e9"/>
      </object_component>
      <object_component id="oc-d2">
         <name>.text:UARTCharsAvail</name>
         <load_address>0x236e</load_address>
         <run_address>0x236e</run_address>
         <size>0xe</size>
         <input_file_ref idref="fl-e9"/>
      </object_component>
      <object_component id="oc-1b">
         <name>.text:decompress:none:__TI_decompress_none</name>
         <load_address>0x237c</load_address>
         <run_address>0x237c</run_address>
         <size>0xe</size>
         <input_file_ref idref="fl-d9"/>
      </object_component>
      <object_component id="oc-2e5">
         <name>.text:CPUcpsie</name>
         <load_address>0x238a</load_address>
         <run_address>0x238a</run_address>
         <size>0xc</size>
         <input_file_ref idref="fl-ea"/>
      </object_component>
      <object_component id="oc-70">
         <name>.text:decompress:ZI:__TI_zero_init</name>
         <load_address>0x2396</load_address>
         <run_address>0x2396</run_address>
         <size>0xc</size>
         <input_file_ref idref="fl-d8"/>
      </object_component>
      <object_component id="oc-2f8">
         <name>.text:prvIdleTask</name>
         <load_address>0x23a2</load_address>
         <run_address>0x23a2</run_address>
         <size>0xc</size>
         <input_file_ref idref="fl-13"/>
      </object_component>
      <object_component id="oc-4ca">
         <name>.text:vTaskMissedYield</name>
         <load_address>0x23b0</load_address>
         <run_address>0x23b0</run_address>
         <size>0xc</size>
         <input_file_ref idref="fl-13"/>
      </object_component>
      <object_component id="oc-2ff">
         <name>.text:xTaskGetTickCount</name>
         <load_address>0x23bc</load_address>
         <run_address>0x23bc</run_address>
         <size>0xc</size>
         <input_file_ref idref="fl-13"/>
      </object_component>
      <object_component id="oc-b4">
         <name>.text:UARTCharGet</name>
         <load_address>0x23c8</load_address>
         <run_address>0x23c8</run_address>
         <size>0xa</size>
         <input_file_ref idref="fl-e9"/>
      </object_component>
      <object_component id="oc-28d">
         <name>.text:UARTFIFOEnable</name>
         <load_address>0x23d2</load_address>
         <run_address>0x23d2</run_address>
         <size>0xa</size>
         <input_file_ref idref="fl-e9"/>
      </object_component>
      <object_component id="oc-a8">
         <name>.text:UARTIntStatus</name>
         <load_address>0x23dc</load_address>
         <run_address>0x23dc</run_address>
         <size>0xa</size>
         <input_file_ref idref="fl-e9"/>
      </object_component>
      <object_component id="oc-299">
         <name>.text:UARTIntEnable</name>
         <load_address>0x23e6</load_address>
         <run_address>0x23e6</run_address>
         <size>0x8</size>
         <input_file_ref idref="fl-e9"/>
      </object_component>
      <object_component id="oc-30b">
         <name>.text:GPIOPinWrite</name>
         <load_address>0x23ee</load_address>
         <run_address>0x23ee</run_address>
         <size>0x6</size>
         <input_file_ref idref="fl-e4"/>
      </object_component>
      <object_component id="oc-27">
         <name>.text:ResetISR</name>
         <load_address>0x23f4</load_address>
         <run_address>0x23f4</run_address>
         <size>0x6</size>
         <input_file_ref idref="fl-3"/>
      </object_component>
      <object_component id="oc-266">
         <name>.text:SysCtlDelay</name>
         <load_address>0x23fa</load_address>
         <run_address>0x23fa</run_address>
         <size>0x6</size>
         <input_file_ref idref="fl-e6"/>
      </object_component>
      <object_component id="oc-27b">
         <name>.text:UARTClockSourceSet</name>
         <load_address>0x2400</load_address>
         <run_address>0x2400</run_address>
         <size>0x6</size>
         <input_file_ref idref="fl-e9"/>
      </object_component>
      <object_component id="oc-287">
         <name>.text:UARTFIFOLevelSet</name>
         <load_address>0x2406</load_address>
         <run_address>0x2406</run_address>
         <size>0x6</size>
         <input_file_ref idref="fl-e9"/>
      </object_component>
      <object_component id="oc-389">
         <name>.text:vListInitialiseItem</name>
         <load_address>0x240c</load_address>
         <run_address>0x240c</run_address>
         <size>0x6</size>
         <input_file_ref idref="fl-11"/>
      </object_component>
      <object_component id="oc-ae">
         <name>.text:UARTIntClear</name>
         <load_address>0x2412</load_address>
         <run_address>0x2412</run_address>
         <size>0x4</size>
         <input_file_ref idref="fl-e9"/>
      </object_component>
      <object_component id="oc-112">
         <name>.text:_system_pre_init</name>
         <load_address>0x2416</load_address>
         <run_address>0x2416</run_address>
         <size>0x4</size>
         <input_file_ref idref="fl-df"/>
      </object_component>
      <object_component id="oc-1f3">
         <name>.text:abort:abort</name>
         <load_address>0x241a</load_address>
         <run_address>0x241a</run_address>
         <size>0x4</size>
         <input_file_ref idref="fl-e1"/>
      </object_component>
      <object_component id="oc-363">
         <name>.const:g_pui32GPIOBaseAddrs</name>
         <load_address>0x2420</load_address>
         <run_address>0x2420</run_address>
         <size>0x90</size>
         <input_file_ref idref="fl-e4"/>
      </object_component>
      <object_component id="oc-379">
         <name>.const</name>
         <load_address>0x24b0</load_address>
         <run_address>0x24b0</run_address>
         <size>0x70</size>
         <input_file_ref idref="fl-e5"/>
      </object_component>
      <object_component id="oc-323">
         <name>.const:$P$T0$1</name>
         <load_address>0x2520</load_address>
         <run_address>0x2520</run_address>
         <size>0x1e</size>
         <input_file_ref idref="fl-2"/>
      </object_component>
      <object_component id="oc-373">
         <name>.const:g_ui32UARTBase</name>
         <load_address>0x2540</load_address>
         <run_address>0x2540</run_address>
         <size>0xc</size>
         <input_file_ref idref="fl-18"/>
      </object_component>
      <object_component id="oc-370">
         <name>.const:g_ui32UARTPeriph</name>
         <load_address>0x254c</load_address>
         <run_address>0x254c</run_address>
         <size>0xc</size>
         <input_file_ref idref="fl-18"/>
      </object_component>
      <object_component id="oc-97">
         <name>.const</name>
         <load_address>0x2558</load_address>
         <run_address>0x2558</run_address>
         <size>0x4</size>
         <input_file_ref idref="fl-15"/>
      </object_component>
      <object_component id="oc-55b">
         <name>.cinit..data.load</name>
         <load_address>0x2560</load_address>
         <run_address>0x2560</run_address>
         <size>0x10</size>
      </object_component>
      <object_component id="oc-559">
         <name>__TI_handler_table</name>
         <load_address>0x2570</load_address>
         <run_address>0x2570</run_address>
         <size>0xc</size>
      </object_component>
      <object_component id="oc-55c">
         <name>.cinit..bss.load</name>
         <load_address>0x2580</load_address>
         <run_address>0x2580</run_address>
         <size>0x8</size>
      </object_component>
      <object_component id="oc-55a">
         <name>__TI_cinit_table</name>
         <load_address>0x2588</load_address>
         <run_address>0x2588</run_address>
         <size>0x10</size>
      </object_component>
      <object_component id="oc-db">
         <name>.data</name>
         <load_address>0x200079c0</load_address>
         <run_address>0x200079c0</run_address>
         <size>0x8</size>
         <input_file_ref idref="fl-2"/>
      </object_component>
      <object_component id="oc-94">
         <name>.data</name>
         <load_address>0x20007990</load_address>
         <run_address>0x20007990</run_address>
         <size>0x30</size>
         <input_file_ref idref="fl-13"/>
      </object_component>
      <object_component id="oc-3da">
         <name>.data</name>
         <load_address>0x200079d0</load_address>
         <run_address>0x200079d0</run_address>
         <size>0x8</size>
         <input_file_ref idref="fl-14"/>
      </object_component>
      <object_component id="oc-397">
         <name>.data</name>
         <load_address>0x200079e0</load_address>
         <run_address>0x200079e0</run_address>
         <size>0x4</size>
         <input_file_ref idref="fl-15"/>
      </object_component>
      <object_component id="oc-3c1">
         <name>.data</name>
         <load_address>0x200079c8</load_address>
         <run_address>0x200079c8</run_address>
         <size>0x8</size>
         <input_file_ref idref="fl-17"/>
      </object_component>
      <object_component id="oc-34b">
         <name>.data</name>
         <load_address>0x200079d8</load_address>
         <run_address>0x200079d8</run_address>
         <size>0x5</size>
         <input_file_ref idref="fl-18"/>
      </object_component>
      <object_component id="oc-136">
         <name>.bss:pxReadyTasksLists</name>
         <uninitialized>true</uninitialized>
         <run_address>0x20007530</run_address>
         <size>0x140</size>
         <input_file_ref idref="fl-13"/>
      </object_component>
      <object_component id="oc-3a1">
         <name>.bss:xDelayedTaskList1</name>
         <uninitialized>true</uninitialized>
         <run_address>0x200076e8</run_address>
         <size>0x14</size>
         <input_file_ref idref="fl-13"/>
      </object_component>
      <object_component id="oc-3a4">
         <name>.bss:xDelayedTaskList2</name>
         <uninitialized>true</uninitialized>
         <run_address>0x200076fc</run_address>
         <size>0x14</size>
         <input_file_ref idref="fl-13"/>
      </object_component>
      <object_component id="oc-152">
         <name>.bss</name>
         <uninitialized>true</uninitialized>
         <run_address>0x20007758</run_address>
         <size>0x8</size>
         <input_file_ref idref="fl-13"/>
      </object_component>
      <object_component id="oc-254">
         <name>.bss:xPendingReadyList</name>
         <uninitialized>true</uninitialized>
         <run_address>0x20007710</run_address>
         <size>0x14</size>
         <input_file_ref idref="fl-13"/>
      </object_component>
      <object_component id="oc-3a7">
         <name>.bss:xTasksWaitingTermination</name>
         <uninitialized>true</uninitialized>
         <run_address>0x20007738</run_address>
         <size>0x14</size>
         <input_file_ref idref="fl-13"/>
      </object_component>
      <object_component id="oc-3aa">
         <name>.bss:xSuspendedTaskList</name>
         <uninitialized>true</uninitialized>
         <run_address>0x20007724</run_address>
         <size>0x14</size>
         <input_file_ref idref="fl-13"/>
      </object_component>
      <object_component id="oc-494">
         <name>.bss:xActiveTimerList1</name>
         <uninitialized>true</uninitialized>
         <run_address>0x200076c0</run_address>
         <size>0x14</size>
         <input_file_ref idref="fl-14"/>
      </object_component>
      <object_component id="oc-497">
         <name>.bss:xActiveTimerList2</name>
         <uninitialized>true</uninitialized>
         <run_address>0x200076d4</run_address>
         <size>0x14</size>
         <input_file_ref idref="fl-14"/>
      </object_component>
      <object_component id="oc-49a">
         <name>.bss</name>
         <uninitialized>true</uninitialized>
         <run_address>0x20007760</run_address>
         <size>0x8</size>
         <input_file_ref idref="fl-14"/>
      </object_component>
      <object_component id="oc-47c">
         <name>.bss:ucHeap</name>
         <uninitialized>true</uninitialized>
         <run_address>0x20000000</run_address>
         <size>0x7530</size>
         <input_file_ref idref="fl-17"/>
      </object_component>
      <object_component id="oc-3c4">
         <name>.bss:xStart</name>
         <uninitialized>true</uninitialized>
         <run_address>0x20007770</run_address>
         <size>0x8</size>
         <input_file_ref idref="fl-17"/>
      </object_component>
      <object_component id="oc-3c7">
         <name>.bss:xEnd</name>
         <uninitialized>true</uninitialized>
         <run_address>0x20007768</run_address>
         <size>0x8</size>
         <input_file_ref idref="fl-17"/>
      </object_component>
      <object_component id="oc-1e4">
         <name>.common:xTask1Handle</name>
         <uninitialized>true</uninitialized>
         <run_address>0x20007780</run_address>
         <size>0x4</size>
      </object_component>
      <object_component id="oc-1eb">
         <name>.common:xTask2Handle</name>
         <uninitialized>true</uninitialized>
         <run_address>0x20007784</run_address>
         <size>0x4</size>
      </object_component>
      <object_component id="oc-d8">
         <name>.common:xQueue</name>
         <uninitialized>true</uninitialized>
         <run_address>0x20007778</run_address>
         <size>0x4</size>
      </object_component>
      <object_component id="oc-de">
         <name>.common:xSemaphore</name>
         <uninitialized>true</uninitialized>
         <run_address>0x2000777c</run_address>
         <size>0x4</size>
      </object_component>
      <object_component id="oc-df">
         <name>.common:State</name>
         <uninitialized>true</uninitialized>
         <run_address>0x20007788</run_address>
         <size>0x1</size>
      </object_component>
      <object_component id="oc-326">
         <name>.common:string</name>
         <uninitialized>true</uninitialized>
         <run_address>0x2000774c</run_address>
         <size>0xc</size>
      </object_component>
      <object_component id="oc-4e8">
         <name>.common:xQueueRegistry</name>
         <uninitialized>true</uninitialized>
         <run_address>0x20007670</run_address>
         <size>0x50</size>
      </object_component>
      <object_component id="oc-24">
         <name>.stack</name>
         <uninitialized>true</uninitialized>
         <run_address>0x20007790</run_address>
         <size>0x4</size>
         <input_file_ref idref="fl-dc"/>
      </object_component>
      <object_component id="oc-55e">
         <name>.stack</name>
         <uninitialized>true</uninitialized>
         <run_address>0x20007790</run_address>
         <size>0x0</size>
      </object_component>
      <object_component id="oc-d9">
         <name>.debug_info</name>
         <load_address>0x0</load_address>
         <run_address>0x0</run_address>
         <size>0x95e</size>
         <input_file_ref idref="fl-2"/>
      </object_component>
      <object_component id="oc-dc">
         <name>.debug_info</name>
         <load_address>0x95e</load_address>
         <run_address>0x95e</run_address>
         <size>0x10c</size>
         <input_file_ref idref="fl-2"/>
      </object_component>
      <object_component id="oc-324">
         <name>.debug_info</name>
         <load_address>0xa6a</load_address>
         <run_address>0xa6a</run_address>
         <size>0xfe</size>
         <input_file_ref idref="fl-2"/>
      </object_component>
      <object_component id="oc-1ed">
         <name>.debug_info</name>
         <load_address>0xb68</load_address>
         <run_address>0xb68</run_address>
         <size>0x197</size>
         <input_file_ref idref="fl-2"/>
      </object_component>
      <object_component id="oc-1e6">
         <name>.debug_info</name>
         <load_address>0xcff</load_address>
         <run_address>0xcff</run_address>
         <size>0x2a3</size>
         <input_file_ref idref="fl-2"/>
      </object_component>
      <object_component id="oc-14d">
         <name>.debug_info</name>
         <load_address>0xfa2</load_address>
         <run_address>0xfa2</run_address>
         <size>0x155</size>
         <input_file_ref idref="fl-2"/>
      </object_component>
      <object_component id="oc-131">
         <name>.debug_info</name>
         <load_address>0x10f7</load_address>
         <run_address>0x10f7</run_address>
         <size>0x193</size>
         <input_file_ref idref="fl-2"/>
      </object_component>
      <object_component id="oc-3ef">
         <name>.debug_info</name>
         <load_address>0x128a</load_address>
         <run_address>0x128a</run_address>
         <size>0x155</size>
         <input_file_ref idref="fl-2"/>
      </object_component>
      <object_component id="oc-119">
         <name>.debug_info</name>
         <load_address>0x13df</load_address>
         <run_address>0x13df</run_address>
         <size>0x1ff</size>
         <input_file_ref idref="fl-2"/>
      </object_component>
      <object_component id="oc-4b">
         <name>.debug_info</name>
         <load_address>0x15de</load_address>
         <run_address>0x15de</run_address>
         <size>0x27d</size>
         <input_file_ref idref="fl-2"/>
      </object_component>
      <object_component id="oc-185">
         <name>.debug_info</name>
         <load_address>0x185b</load_address>
         <run_address>0x185b</run_address>
         <size>0x2ef</size>
         <input_file_ref idref="fl-2"/>
      </object_component>
      <object_component id="oc-ed">
         <name>.debug_info</name>
         <load_address>0x1b4a</load_address>
         <run_address>0x1b4a</run_address>
         <size>0x26b</size>
         <input_file_ref idref="fl-2"/>
      </object_component>
      <object_component id="oc-19e">
         <name>.debug_info</name>
         <load_address>0x1db5</load_address>
         <run_address>0x1db5</run_address>
         <size>0x110</size>
         <input_file_ref idref="fl-2"/>
      </object_component>
      <object_component id="oc-e1">
         <name>.debug_info</name>
         <load_address>0x1ec5</load_address>
         <run_address>0x1ec5</run_address>
         <size>0x8b</size>
         <input_file_ref idref="fl-2"/>
      </object_component>
      <object_component id="oc-174">
         <name>.debug_info</name>
         <load_address>0x1f50</load_address>
         <run_address>0x1f50</run_address>
         <size>0x46</size>
         <input_file_ref idref="fl-2"/>
      </object_component>
      <object_component id="oc-194">
         <name>.debug_info</name>
         <load_address>0x1f96</load_address>
         <run_address>0x1f96</run_address>
         <size>0x2c</size>
         <input_file_ref idref="fl-2"/>
      </object_component>
      <object_component id="oc-18a">
         <name>.debug_info</name>
         <load_address>0x1fc2</load_address>
         <run_address>0x1fc2</run_address>
         <size>0x46</size>
         <input_file_ref idref="fl-2"/>
      </object_component>
      <object_component id="oc-199">
         <name>.debug_info</name>
         <load_address>0x2008</load_address>
         <run_address>0x2008</run_address>
         <size>0x2c</size>
         <input_file_ref idref="fl-2"/>
      </object_component>
      <object_component id="oc-1a5">
         <name>.debug_info</name>
         <load_address>0x2034</load_address>
         <run_address>0x2034</run_address>
         <size>0x2a4</size>
         <input_file_ref idref="fl-2"/>
      </object_component>
      <object_component id="oc-f2">
         <name>.debug_info</name>
         <load_address>0x22d8</load_address>
         <run_address>0x22d8</run_address>
         <size>0xbb</size>
         <input_file_ref idref="fl-2"/>
      </object_component>
      <object_component id="oc-e6">
         <name>.debug_info</name>
         <load_address>0x2393</load_address>
         <run_address>0x2393</run_address>
         <size>0x53</size>
         <input_file_ref idref="fl-2"/>
      </object_component>
      <object_component id="oc-168">
         <name>.debug_info</name>
         <load_address>0x23e6</load_address>
         <run_address>0x23e6</run_address>
         <size>0x2c</size>
         <input_file_ref idref="fl-2"/>
      </object_component>
      <object_component id="oc-18f">
         <name>.debug_info</name>
         <load_address>0x2412</load_address>
         <run_address>0x2412</run_address>
         <size>0x14c</size>
         <input_file_ref idref="fl-2"/>
      </object_component>
      <object_component id="oc-52">
         <name>.debug_info</name>
         <load_address>0x255e</load_address>
         <run_address>0x255e</run_address>
         <size>0x36e</size>
         <input_file_ref idref="fl-3"/>
      </object_component>
      <object_component id="oc-13">
         <name>.debug_info</name>
         <load_address>0x28cc</load_address>
         <run_address>0x28cc</run_address>
         <size>0x107</size>
         <input_file_ref idref="fl-3"/>
      </object_component>
      <object_component id="oc-28">
         <name>.debug_info</name>
         <load_address>0x29d3</load_address>
         <run_address>0x29d3</run_address>
         <size>0x137</size>
         <input_file_ref idref="fl-3"/>
      </object_component>
      <object_component id="oc-2e">
         <name>.debug_info</name>
         <load_address>0x2b0a</load_address>
         <run_address>0x2b0a</run_address>
         <size>0x128</size>
         <input_file_ref idref="fl-3"/>
      </object_component>
      <object_component id="oc-3a">
         <name>.debug_info</name>
         <load_address>0x2c32</load_address>
         <run_address>0x2c32</run_address>
         <size>0x140</size>
         <input_file_ref idref="fl-3"/>
      </object_component>
      <object_component id="oc-34">
         <name>.debug_info</name>
         <load_address>0x2d72</load_address>
         <run_address>0x2d72</run_address>
         <size>0x12e</size>
         <input_file_ref idref="fl-3"/>
      </object_component>
      <object_component id="oc-59">
         <name>.debug_info</name>
         <load_address>0x2ea0</load_address>
         <run_address>0x2ea0</run_address>
         <size>0x84</size>
         <input_file_ref idref="fl-3"/>
      </object_component>
      <object_component id="oc-1c1">
         <name>.debug_info</name>
         <load_address>0x2f24</load_address>
         <run_address>0x2f24</run_address>
         <size>0x283</size>
         <input_file_ref idref="fl-4"/>
      </object_component>
      <object_component id="oc-1c7">
         <name>.debug_info</name>
         <load_address>0x31a7</load_address>
         <run_address>0x31a7</run_address>
         <size>0x1e2</size>
         <input_file_ref idref="fl-4"/>
      </object_component>
      <object_component id="oc-23f">
         <name>.debug_info</name>
         <load_address>0x3389</load_address>
         <run_address>0x3389</run_address>
         <size>0x324</size>
         <input_file_ref idref="fl-11"/>
      </object_component>
      <object_component id="oc-147">
         <name>.debug_info</name>
         <load_address>0x36ad</load_address>
         <run_address>0x36ad</run_address>
         <size>0x263</size>
         <input_file_ref idref="fl-11"/>
      </object_component>
      <object_component id="oc-4c2">
         <name>.debug_info</name>
         <load_address>0x3910</load_address>
         <run_address>0x3910</run_address>
         <size>0x28e</size>
         <input_file_ref idref="fl-11"/>
      </object_component>
      <object_component id="oc-38a">
         <name>.debug_info</name>
         <load_address>0x3b9e</load_address>
         <run_address>0x3b9e</run_address>
         <size>0x210</size>
         <input_file_ref idref="fl-11"/>
      </object_component>
      <object_component id="oc-39c">
         <name>.debug_info</name>
         <load_address>0x3dae</load_address>
         <run_address>0x3dae</run_address>
         <size>0x208</size>
         <input_file_ref idref="fl-11"/>
      </object_component>
      <object_component id="oc-141">
         <name>.debug_info</name>
         <load_address>0x3fb6</load_address>
         <run_address>0x3fb6</run_address>
         <size>0x23b</size>
         <input_file_ref idref="fl-11"/>
      </object_component>
      <object_component id="oc-179">
         <name>.debug_info</name>
         <load_address>0x41f1</load_address>
         <run_address>0x41f1</run_address>
         <size>0x810</size>
         <input_file_ref idref="fl-12"/>
      </object_component>
      <object_component id="oc-40d">
         <name>.debug_info</name>
         <load_address>0x4a01</load_address>
         <run_address>0x4a01</run_address>
         <size>0x2dd</size>
         <input_file_ref idref="fl-12"/>
      </object_component>
      <object_component id="oc-420">
         <name>.debug_info</name>
         <load_address>0x4cde</load_address>
         <run_address>0x4cde</run_address>
         <size>0x25d</size>
         <input_file_ref idref="fl-12"/>
      </object_component>
      <object_component id="oc-42c">
         <name>.debug_info</name>
         <load_address>0x4f3b</load_address>
         <run_address>0x4f3b</run_address>
         <size>0x25a</size>
         <input_file_ref idref="fl-12"/>
      </object_component>
      <object_component id="oc-31e">
         <name>.debug_info</name>
         <load_address>0x5195</load_address>
         <run_address>0x5195</run_address>
         <size>0x586</size>
         <input_file_ref idref="fl-12"/>
      </object_component>
      <object_component id="oc-413">
         <name>.debug_info</name>
         <load_address>0x571b</load_address>
         <run_address>0x571b</run_address>
         <size>0x25b</size>
         <input_file_ref idref="fl-12"/>
      </object_component>
      <object_component id="oc-17c">
         <name>.debug_info</name>
         <load_address>0x5976</load_address>
         <run_address>0x5976</run_address>
         <size>0x2c3</size>
         <input_file_ref idref="fl-12"/>
      </object_component>
      <object_component id="oc-318">
         <name>.debug_info</name>
         <load_address>0x5c39</load_address>
         <run_address>0x5c39</run_address>
         <size>0x4f6</size>
         <input_file_ref idref="fl-12"/>
      </object_component>
      <object_component id="oc-c7">
         <name>.debug_info</name>
         <load_address>0x612f</load_address>
         <run_address>0x612f</run_address>
         <size>0x30e</size>
         <input_file_ref idref="fl-12"/>
      </object_component>
      <object_component id="oc-cd">
         <name>.debug_info</name>
         <load_address>0x643d</load_address>
         <run_address>0x643d</run_address>
         <size>0x389</size>
         <input_file_ref idref="fl-12"/>
      </object_component>
      <object_component id="oc-2df">
         <name>.debug_info</name>
         <load_address>0x67c6</load_address>
         <run_address>0x67c6</run_address>
         <size>0x2e1</size>
         <input_file_ref idref="fl-12"/>
      </object_component>
      <object_component id="oc-1d3">
         <name>.debug_info</name>
         <load_address>0x6aa7</load_address>
         <run_address>0x6aa7</run_address>
         <size>0x33f</size>
         <input_file_ref idref="fl-12"/>
      </object_component>
      <object_component id="oc-4fa">
         <name>.debug_info</name>
         <load_address>0x6de6</load_address>
         <run_address>0x6de6</run_address>
         <size>0x332</size>
         <input_file_ref idref="fl-12"/>
      </object_component>
      <object_component id="oc-48f">
         <name>.debug_info</name>
         <load_address>0x7118</load_address>
         <run_address>0x7118</run_address>
         <size>0x25a</size>
         <input_file_ref idref="fl-12"/>
      </object_component>
      <object_component id="oc-25a">
         <name>.debug_info</name>
         <load_address>0x7372</load_address>
         <run_address>0x7372</run_address>
         <size>0x1cd</size>
         <input_file_ref idref="fl-12"/>
      </object_component>
      <object_component id="oc-12c">
         <name>.debug_info</name>
         <load_address>0x753f</load_address>
         <run_address>0x753f</run_address>
         <size>0x835</size>
         <input_file_ref idref="fl-13"/>
      </object_component>
      <object_component id="oc-95">
         <name>.debug_info</name>
         <load_address>0x7d74</load_address>
         <run_address>0x7d74</run_address>
         <size>0x348</size>
         <input_file_ref idref="fl-13"/>
      </object_component>
      <object_component id="oc-137">
         <name>.debug_info</name>
         <load_address>0x80bc</load_address>
         <run_address>0x80bc</run_address>
         <size>0x144</size>
         <input_file_ref idref="fl-13"/>
      </object_component>
      <object_component id="oc-3a2">
         <name>.debug_info</name>
         <load_address>0x8200</load_address>
         <run_address>0x8200</run_address>
         <size>0x144</size>
         <input_file_ref idref="fl-13"/>
      </object_component>
      <object_component id="oc-3a5">
         <name>.debug_info</name>
         <load_address>0x8344</load_address>
         <run_address>0x8344</run_address>
         <size>0x144</size>
         <input_file_ref idref="fl-13"/>
      </object_component>
      <object_component id="oc-153">
         <name>.debug_info</name>
         <load_address>0x8488</load_address>
         <run_address>0x8488</run_address>
         <size>0x186</size>
         <input_file_ref idref="fl-13"/>
      </object_component>
      <object_component id="oc-255">
         <name>.debug_info</name>
         <load_address>0x860e</load_address>
         <run_address>0x860e</run_address>
         <size>0x144</size>
         <input_file_ref idref="fl-13"/>
      </object_component>
      <object_component id="oc-3a8">
         <name>.debug_info</name>
         <load_address>0x8752</load_address>
         <run_address>0x8752</run_address>
         <size>0x152</size>
         <input_file_ref idref="fl-13"/>
      </object_component>
      <object_component id="oc-3ab">
         <name>.debug_info</name>
         <load_address>0x88a4</load_address>
         <run_address>0x88a4</run_address>
         <size>0x146</size>
         <input_file_ref idref="fl-13"/>
      </object_component>
      <object_component id="oc-13b">
         <name>.debug_info</name>
         <load_address>0x89ea</load_address>
         <run_address>0x89ea</run_address>
         <size>0x20e</size>
         <input_file_ref idref="fl-13"/>
      </object_component>
      <object_component id="oc-a2">
         <name>.debug_info</name>
         <load_address>0x8bf8</load_address>
         <run_address>0x8bf8</run_address>
         <size>0x2f9</size>
         <input_file_ref idref="fl-13"/>
      </object_component>
      <object_component id="oc-3bc">
         <name>.debug_info</name>
         <load_address>0x8ef1</load_address>
         <run_address>0x8ef1</run_address>
         <size>0x2a6</size>
         <input_file_ref idref="fl-13"/>
      </object_component>
      <object_component id="oc-16e">
         <name>.debug_info</name>
         <load_address>0x9197</load_address>
         <run_address>0x9197</run_address>
         <size>0x2af</size>
         <input_file_ref idref="fl-13"/>
      </object_component>
      <object_component id="oc-260">
         <name>.debug_info</name>
         <load_address>0x9446</load_address>
         <run_address>0x9446</run_address>
         <size>0x290</size>
         <input_file_ref idref="fl-13"/>
      </object_component>
      <object_component id="oc-3fa">
         <name>.debug_info</name>
         <load_address>0x96d6</load_address>
         <run_address>0x96d6</run_address>
         <size>0x269</size>
         <input_file_ref idref="fl-13"/>
      </object_component>
      <object_component id="oc-300">
         <name>.debug_info</name>
         <load_address>0x993f</load_address>
         <run_address>0x993f</run_address>
         <size>0x201</size>
         <input_file_ref idref="fl-13"/>
      </object_component>
      <object_component id="oc-527">
         <name>.debug_info</name>
         <load_address>0x9b40</load_address>
         <run_address>0x9b40</run_address>
         <size>0x213</size>
         <input_file_ref idref="fl-13"/>
      </object_component>
      <object_component id="oc-2b4">
         <name>.debug_info</name>
         <load_address>0x9d53</load_address>
         <run_address>0x9d53</run_address>
         <size>0x2f4</size>
         <input_file_ref idref="fl-13"/>
      </object_component>
      <object_component id="oc-2ba">
         <name>.debug_info</name>
         <load_address>0xa047</load_address>
         <run_address>0xa047</run_address>
         <size>0x2f0</size>
         <input_file_ref idref="fl-13"/>
      </object_component>
      <object_component id="oc-2cc">
         <name>.debug_info</name>
         <load_address>0xa337</load_address>
         <run_address>0xa337</run_address>
         <size>0x275</size>
         <input_file_ref idref="fl-13"/>
      </object_component>
      <object_component id="oc-1cd">
         <name>.debug_info</name>
         <load_address>0xa5ac</load_address>
         <run_address>0xa5ac</run_address>
         <size>0x4ab</size>
         <input_file_ref idref="fl-13"/>
      </object_component>
      <object_component id="oc-401">
         <name>.debug_info</name>
         <load_address>0xaa57</load_address>
         <run_address>0xaa57</run_address>
         <size>0x224</size>
         <input_file_ref idref="fl-13"/>
      </object_component>
      <object_component id="oc-407">
         <name>.debug_info</name>
         <load_address>0xac7b</load_address>
         <run_address>0xac7b</run_address>
         <size>0x2f8</size>
         <input_file_ref idref="fl-13"/>
      </object_component>
      <object_component id="oc-9b">
         <name>.debug_info</name>
         <load_address>0xaf73</load_address>
         <run_address>0xaf73</run_address>
         <size>0x26f</size>
         <input_file_ref idref="fl-13"/>
      </object_component>
      <object_component id="oc-3b0">
         <name>.debug_info</name>
         <load_address>0xb1e2</load_address>
         <run_address>0xb1e2</run_address>
         <size>0x1e4</size>
         <input_file_ref idref="fl-13"/>
      </object_component>
      <object_component id="oc-1df">
         <name>.debug_info</name>
         <load_address>0xb3c6</load_address>
         <run_address>0xb3c6</run_address>
         <size>0x23b</size>
         <input_file_ref idref="fl-13"/>
      </object_component>
      <object_component id="oc-426">
         <name>.debug_info</name>
         <load_address>0xb601</load_address>
         <run_address>0xb601</run_address>
         <size>0x275</size>
         <input_file_ref idref="fl-13"/>
      </object_component>
      <object_component id="oc-51f">
         <name>.debug_info</name>
         <load_address>0xb876</load_address>
         <run_address>0xb876</run_address>
         <size>0x342</size>
         <input_file_ref idref="fl-13"/>
      </object_component>
      <object_component id="oc-419">
         <name>.debug_info</name>
         <load_address>0xbbb8</load_address>
         <run_address>0xbbb8</run_address>
         <size>0x2d5</size>
         <input_file_ref idref="fl-13"/>
      </object_component>
      <object_component id="oc-4cb">
         <name>.debug_info</name>
         <load_address>0xbe8d</load_address>
         <run_address>0xbe8d</run_address>
         <size>0x1e6</size>
         <input_file_ref idref="fl-13"/>
      </object_component>
      <object_component id="oc-312">
         <name>.debug_info</name>
         <load_address>0xc073</load_address>
         <run_address>0xc073</run_address>
         <size>0x352</size>
         <input_file_ref idref="fl-13"/>
      </object_component>
      <object_component id="oc-432">
         <name>.debug_info</name>
         <load_address>0xc3c5</load_address>
         <run_address>0xc3c5</run_address>
         <size>0x204</size>
         <input_file_ref idref="fl-13"/>
      </object_component>
      <object_component id="oc-4b8">
         <name>.debug_info</name>
         <load_address>0xc5c9</load_address>
         <run_address>0xc5c9</run_address>
         <size>0x223</size>
         <input_file_ref idref="fl-13"/>
      </object_component>
      <object_component id="oc-3e9">
         <name>.debug_info</name>
         <load_address>0xc7ec</load_address>
         <run_address>0xc7ec</run_address>
         <size>0x2b9</size>
         <input_file_ref idref="fl-13"/>
      </object_component>
      <object_component id="oc-2f9">
         <name>.debug_info</name>
         <load_address>0xcaa5</load_address>
         <run_address>0xcaa5</run_address>
         <size>0x237</size>
         <input_file_ref idref="fl-13"/>
      </object_component>
      <object_component id="oc-233">
         <name>.debug_info</name>
         <load_address>0xccdc</load_address>
         <run_address>0xccdc</run_address>
         <size>0x169</size>
         <input_file_ref idref="fl-13"/>
      </object_component>
      <object_component id="oc-4b1">
         <name>.debug_info</name>
         <load_address>0xce45</load_address>
         <run_address>0xce45</run_address>
         <size>0x813</size>
         <input_file_ref idref="fl-14"/>
      </object_component>
      <object_component id="oc-495">
         <name>.debug_info</name>
         <load_address>0xd658</load_address>
         <run_address>0xd658</run_address>
         <size>0x127</size>
         <input_file_ref idref="fl-14"/>
      </object_component>
      <object_component id="oc-498">
         <name>.debug_info</name>
         <load_address>0xd77f</load_address>
         <run_address>0xd77f</run_address>
         <size>0x127</size>
         <input_file_ref idref="fl-14"/>
      </object_component>
      <object_component id="oc-49b">
         <name>.debug_info</name>
         <load_address>0xd8a6</load_address>
         <run_address>0xd8a6</run_address>
         <size>0x15f</size>
         <input_file_ref idref="fl-14"/>
      </object_component>
      <object_component id="oc-3db">
         <name>.debug_info</name>
         <load_address>0xda05</load_address>
         <run_address>0xda05</run_address>
         <size>0x11b</size>
         <input_file_ref idref="fl-14"/>
      </object_component>
      <object_component id="oc-507">
         <name>.debug_info</name>
         <load_address>0xdb20</load_address>
         <run_address>0xdb20</run_address>
         <size>0x372</size>
         <input_file_ref idref="fl-14"/>
      </object_component>
      <object_component id="oc-3cf">
         <name>.debug_info</name>
         <load_address>0xde92</load_address>
         <run_address>0xde92</run_address>
         <size>0x237</size>
         <input_file_ref idref="fl-14"/>
      </object_component>
      <object_component id="oc-2ed">
         <name>.debug_info</name>
         <load_address>0xe0c9</load_address>
         <run_address>0xe0c9</run_address>
         <size>0x1ee</size>
         <input_file_ref idref="fl-14"/>
      </object_component>
      <object_component id="oc-49f">
         <name>.debug_info</name>
         <load_address>0xe2b7</load_address>
         <run_address>0xe2b7</run_address>
         <size>0x20b</size>
         <input_file_ref idref="fl-14"/>
      </object_component>
      <object_component id="oc-518">
         <name>.debug_info</name>
         <load_address>0xe4c2</load_address>
         <run_address>0xe4c2</run_address>
         <size>0x24d</size>
         <input_file_ref idref="fl-14"/>
      </object_component>
      <object_component id="oc-3dd">
         <name>.debug_info</name>
         <load_address>0xe70f</load_address>
         <run_address>0xe70f</run_address>
         <size>0x270</size>
         <input_file_ref idref="fl-14"/>
      </object_component>
      <object_component id="oc-501">
         <name>.debug_info</name>
         <load_address>0xe97f</load_address>
         <run_address>0xe97f</run_address>
         <size>0x2d1</size>
         <input_file_ref idref="fl-14"/>
      </object_component>
      <object_component id="oc-4f4">
         <name>.debug_info</name>
         <load_address>0xec50</load_address>
         <run_address>0xec50</run_address>
         <size>0x287</size>
         <input_file_ref idref="fl-14"/>
      </object_component>
      <object_component id="oc-4a5">
         <name>.debug_info</name>
         <load_address>0xeed7</load_address>
         <run_address>0xeed7</run_address>
         <size>0x341</size>
         <input_file_ref idref="fl-14"/>
      </object_component>
      <object_component id="oc-4ab">
         <name>.debug_info</name>
         <load_address>0xf218</load_address>
         <run_address>0xf218</run_address>
         <size>0x2dd</size>
         <input_file_ref idref="fl-14"/>
      </object_component>
      <object_component id="oc-3d5">
         <name>.debug_info</name>
         <load_address>0xf4f5</load_address>
         <run_address>0xf4f5</run_address>
         <size>0x222</size>
         <input_file_ref idref="fl-14"/>
      </object_component>
      <object_component id="oc-50d">
         <name>.debug_info</name>
         <load_address>0xf717</load_address>
         <run_address>0xf717</run_address>
         <size>0x1ce</size>
         <input_file_ref idref="fl-14"/>
      </object_component>
      <object_component id="oc-12f">
         <name>.debug_info</name>
         <load_address>0xf8e5</load_address>
         <run_address>0xf8e5</run_address>
         <size>0x404</size>
         <input_file_ref idref="fl-15"/>
      </object_component>
      <object_component id="oc-98">
         <name>.debug_info</name>
         <load_address>0xfce9</load_address>
         <run_address>0xfce9</run_address>
         <size>0x172</size>
         <input_file_ref idref="fl-15"/>
      </object_component>
      <object_component id="oc-398">
         <name>.debug_info</name>
         <load_address>0xfe5b</load_address>
         <run_address>0xfe5b</run_address>
         <size>0x159</size>
         <input_file_ref idref="fl-15"/>
      </object_component>
      <object_component id="oc-45">
         <name>.debug_info</name>
         <load_address>0xffb4</load_address>
         <run_address>0xffb4</run_address>
         <size>0x244</size>
         <input_file_ref idref="fl-15"/>
      </object_component>
      <object_component id="oc-3e2">
         <name>.debug_info</name>
         <load_address>0x101f8</load_address>
         <run_address>0x101f8</run_address>
         <size>0x235</size>
         <input_file_ref idref="fl-15"/>
      </object_component>
      <object_component id="oc-2f3">
         <name>.debug_info</name>
         <load_address>0x1042d</load_address>
         <run_address>0x1042d</run_address>
         <size>0x27d</size>
         <input_file_ref idref="fl-15"/>
      </object_component>
      <object_component id="oc-2d2">
         <name>.debug_info</name>
         <load_address>0x106aa</load_address>
         <run_address>0x106aa</run_address>
         <size>0x227</size>
[...]
      <symbol id="sm-8">
         <name>binit</name>
         <value>0xffffffff</value>
      </symbol>
      <symbol id="sm-9">
         <name>__binit__</name>
         <value>0xffffffff</value>
      </symbol>
      <symbol id="sm-a">
         <name>__STACK_SIZE</name>
         <value>0x200</value>
      </symbol>
      <symbol id="sm-b">
         <name>__STACK_END</name>
         <value>0x20007990</value>
      </symbol>
      <symbol id="sm-c">
         <name>__c_args__</name>
         <value>0xffffffff</value>
      </symbol>
      <symbol id="sm-d">
         <name>__TI_pprof_out_hndl</name>
         <value>0xffffffff</value>
      </symbol>
      <symbol id="sm-e">
         <name>__TI_prof_data_start</name>
         <value>0xffffffff</value>
      </symbol>
      <symbol id="sm-f">
         <name>__TI_prof_data_size</name>
         <value>0xffffffff</value>
      </symbol>
      <symbol id="sm-e3">
         <name>xTask1Handle</name>
         <value>0x20007780</value>
      </symbol>
      <symbol id="sm-e4">
         <name>xTask2Handle</name>
         <value>0x20007784</value>
      </symbol>
      <symbol id="sm-e5">
         <name>xQueue</name>
         <value>0x20007778</value>
      </symbol>
      <symbol id="sm-e6">
         <name>xSemaphore</name>
         <value>0x2000777c</value>
      </symbol>
      <symbol id="sm-e7">
         <name>State</name>
         <value>0x20007788</value>
      </symbol>
      <symbol id="sm-e8">
         <name>string</name>
         <value>0x2000774c</value>
      </symbol>
      <symbol id="sm-e9">
         <name>Idle</name>
         <value>0x200079c0</value>
         <object_component_ref idref="oc-db"/>
      </symbol>
      <symbol id="sm-ea">
         <name>vTask2</name>
         <value>0x1e21</value>
         <object_component_ref idref="oc-1ec"/>
      </symbol>
      <symbol id="sm-eb">
         <name>vTask1</name>
         <value>0x7b1</value>
         <object_component_ref idref="oc-1e5"/>
      </symbol>
      <symbol id="sm-ec">
         <name>vApplicationStackOverflowHook</name>
         <value>0x1f8f</value>
         <object_component_ref idref="oc-130"/>
      </symbol>
      <symbol id="sm-ed">
         <name>UART0IntHandler</name>
         <value>0xd45</value>
         <object_component_ref idref="oc-4a"/>
      </symbol>
      <symbol id="sm-ee">
         <name>vApplicationIdleHook</name>
         <value>0x2341</value>
         <object_component_ref idref="oc-3ee"/>
      </symbol>
      <symbol id="sm-ef">
         <name>i</name>
         <value>0x200079c4</value>
         <object_component_ref idref="oc-db"/>
      </symbol>
      <symbol id="sm-f0">
         <name>main</name>
         <value>0xf59</value>
         <object_component_ref idref="oc-118"/>
      </symbol>
      <symbol id="sm-f1">
         <name>vApplicationTickHook</name>
         <value>0x207f</value>
         <object_component_ref idref="oc-14c"/>
      </symbol>
      <symbol id="sm-127">
         <name>ResetISR</name>
         <value>0x23f5</value>
         <object_component_ref idref="oc-27"/>
      </symbol>
      <symbol id="sm-128">
         <name>g_pfnVectors</name>
         <value>0x0</value>
         <object_component_ref idref="oc-12"/>
      </symbol>
      <symbol id="sm-146">
         <name>Uart_Init</name>
         <value>0x11ad</value>
         <object_component_ref idref="oc-1c0"/>
      </symbol>
      <symbol id="sm-147">
         <name>PortF_Init</name>
         <value>0x1b21</value>
         <object_component_ref idref="oc-1c6"/>
      </symbol>
      <symbol id="sm-183">
         <name>uxListRemove</name>
         <value>0x2165</value>
         <object_component_ref idref="oc-140"/>
      </symbol>
      <symbol id="sm-184">
         <name>vListInsert</name>
         <value>0x1f57</value>
         <object_component_ref idref="oc-4c1"/>
      </symbol>
      <symbol id="sm-185">
         <name>vListInitialiseItem</name>
         <value>0x240d</value>
         <object_component_ref idref="oc-389"/>
      </symbol>
      <symbol id="sm-186">
         <name>vListInsertEnd</name>
         <value>0x2261</value>
         <object_component_ref idref="oc-146"/>
      </symbol>
      <symbol id="sm-187">
         <name>vListInitialise</name>
         <value>0x22a9</value>
         <object_component_ref idref="oc-39b"/>
      </symbol>
      <symbol id="sm-23d">
         <name>xQueueRegistry</name>
         <value>0x20007670</value>
      </symbol>
      <symbol id="sm-23e">
         <name>xQueueGenericSendFromISR</name>
         <value>0x196d</value>
         <object_component_ref idref="oc-cc"/>
      </symbol>
      <symbol id="sm-23f">
         <name>vQueueAddToRegistry</name>
         <value>0x2185</value>
         <object_component_ref idref="oc-48e"/>
      </symbol>
      <symbol id="sm-240">
         <name>xQueueGenericCreate</name>
         <value>0x1ee1</value>
         <object_component_ref idref="oc-1d2"/>
      </symbol>
      <symbol id="sm-241">
         <name>xQueueGenericSend</name>
         <value>0xaa5</value>
         <object_component_ref idref="oc-317"/>
      </symbol>
      <symbol id="sm-242">
         <name>xQueueGenericReset</name>
         <value>0x12b9</value>
         <object_component_ref idref="oc-2de"/>
      </symbol>
      <symbol id="sm-243">
         <name>xQueueGiveFromISR</name>
         <value>0x1a77</value>
         <object_component_ref idref="oc-c6"/>
      </symbol>
      <symbol id="sm-244">
         <name>xQueueGenericReceive</name>
         <value>0x58d</value>
         <object_component_ref idref="oc-31d"/>
      </symbol>
      <symbol id="sm-245">
         <name>vQueueWaitForMessageRestricted</name>
         <value>0x1de1</value>
         <object_component_ref idref="oc-4f9"/>
      </symbol>
      <symbol id="sm-420">
         <name>vTaskSuspendAll</name>
         <value>0x2351</value>
         <object_component_ref idref="oc-3af"/>
      </symbol>
      <symbol id="sm-421">
         <name>vTaskPriorityInherit</name>
         <value>0x1091</value>
         <object_component_ref idref="oc-425"/>
      </symbol>
      <symbol id="sm-422">
         <name>vTaskPlaceOnEventList</name>
         <value>0x1729</value>
         <object_component_ref idref="oc-418"/>
      </symbol>
      <symbol id="sm-423">
         <name>xTaskCheckForTimeOut</name>
         <value>0x1acd</value>
         <object_component_ref idref="oc-406"/>
      </symbol>
      <symbol id="sm-424">
         <name>xTaskPriorityDisinherit</name>
         <value>0x13b9</value>
         <object_component_ref idref="oc-25f"/>
      </symbol>
      <symbol id="sm-425">
         <name>vTaskStartScheduler</name>
         <value>0x16c1</value>
         <object_component_ref idref="oc-1de"/>
      </symbol>
      <symbol id="sm-426">
         <name>pvTaskIncrementMutexHeldCount</name>
         <value>0x2249</value>
         <object_component_ref idref="oc-431"/>
      </symbol>
      <symbol id="sm-427">
         <name>vTaskDelayUntil</name>
         <value>0x1235</value>
         <object_component_ref idref="oc-311"/>
      </symbol>
      <symbol id="sm-428">
         <name>vTaskMissedYield</name>
         <value>0x23b1</value>
         <object_component_ref idref="oc-4ca"/>
      </symbol>
      <symbol id="sm-429">
         <name>xTaskResumeAll</name>
         <value>0xb8d</value>
         <object_component_ref idref="oc-3bb"/>
      </symbol>
      <symbol id="sm-42a">
         <name>xTaskGetTickCount</name>
         <value>0x23bd</value>
         <object_component_ref idref="oc-2ff"/>
      </symbol>
      <symbol id="sm-42b">
         <name>xTaskGenericCreate</name>
         <value>0x8b1</value>
         <object_component_ref idref="oc-1cc"/>
      </symbol>
      <symbol id="sm-42c">
         <name>pxCurrentTCB</name>
         <value>0x20007990</value>
         <object_component_ref idref="oc-94"/>
      </symbol>
      <symbol id="sm-42d">
         <name>vTaskPlaceOnEventListRestricted</name>
         <value>0x1659</value>
         <object_component_ref idref="oc-51e"/>
      </symbol>
      <symbol id="sm-42e">
         <name>vTaskSetTimeOutState</name>
         <value>0x2291</value>
         <object_component_ref idref="oc-400"/>
      </symbol>
      <symbol id="sm-42f">
         <name>xTaskIncrementTick</name>
         <value>0x6a5</value>
         <object_component_ref idref="oc-a1"/>
      </symbol>
      <symbol id="sm-430">
         <name>vTaskSwitchContext</name>
         <value>0x1121</value>
         <object_component_ref idref="oc-9a"/>
      </symbol>
      <symbol id="sm-431">
         <name>xTaskGetSchedulerState</name>
         <value>0x21a5</value>
         <object_component_ref idref="oc-526"/>
      </symbol>
      <symbol id="sm-432">
         <name>xTaskRemoveFromEventList</name>
         <value>0x1431</value>
         <object_component_ref idref="oc-16d"/>
      </symbol>
      <symbol id="sm-4f5">
         <name>xTimerCreateTimerTask</name>
         <value>0x1ea1</value>
         <object_component_ref idref="oc-2ec"/>
      </symbol>
      <symbol id="sm-4f6">
         <name>xTimerGenericCommand</name>
         <value>0x1d5d</value>
         <object_component_ref idref="oc-506"/>
      </symbol>
      <symbol id="sm-550">
         <name>ulMaxSyscallInterruptPriority</name>
         <value>0x2558</value>
         <object_component_ref idref="oc-97"/>
      </symbol>
      <symbol id="sm-551">
         <name>vPortSetupTimerInterrupt</name>
         <value>0x22d5</value>
         <object_component_ref idref="oc-3e1"/>
      </symbol>
      <symbol id="sm-552">
         <name>xPortSysTickHandler</name>
         <value>0x2029</value>
         <object_component_ref idref="oc-44"/>
      </symbol>
      <symbol id="sm-553">
         <name>pxPortInitialiseStack</name>
         <value>0x20d1</value>
         <object_component_ref idref="oc-2bf"/>
      </symbol>
      <symbol id="sm-554">
         <name>vPortExitCritical</name>
         <value>0x2279</value>
         <object_component_ref idref="oc-2d1"/>
      </symbol>
      <symbol id="sm-555">
         <name>xPortStartScheduler</name>
         <value>0x1e61</value>
         <object_component_ref idref="oc-2f2"/>
      </symbol>
      <symbol id="sm-556">
         <name>vPortEnterCritical</name>
         <value>0x21e1</value>
         <object_component_ref idref="oc-2c5"/>
      </symbol>
      <symbol id="sm-565">
         <name>vPortStartFirstTask</name>
         <value>0xd19</value>
         <object_component_ref idref="oc-3f"/>
      </symbol>
      <symbol id="sm-566">
         <name>ulPortGetIPSR</name>
         <value>0xc81</value>
         <object_component_ref idref="oc-3f"/>
      </symbol>
      <symbol id="sm-567">
         <name>vPortEnableVFP</name>
         <value>0xd35</value>
         <object_component_ref idref="oc-3f"/>
      </symbol>
      <symbol id="sm-568">
         <name>xPortPendSVHandler</name>
         <value>0xc99</value>
         <object_component_ref idref="oc-3f"/>
      </symbol>
      <symbol id="sm-569">
         <name>vPortSVCHandler</name>
         <value>0xcf9</value>
         <object_component_ref idref="oc-3f"/>
      </symbol>
      <symbol id="sm-5be">
         <name>pvPortMalloc</name>
         <value>0xe09</value>
         <object_component_ref idref="oc-2d8"/>
      </symbol>
      <symbol id="sm-5bf">
         <name>vPortFree</name>
         <value>0x1d19</value>
         <object_component_ref idref="oc-382"/>
      </symbol>
      <symbol id="sm-62d">
         <name>UARTStdioConfig</name>
         <value>0x17f1</value>
         <object_component_ref idref="oc-281"/>
      </symbol>
      <symbol id="sm-62e">
         <name>UARTwrite</name>
         <value>0x1c01</value>
         <object_component_ref idref="oc-246"/>
      </symbol>
      <symbol id="sm-62f">
         <name>UARTprintf</name>
         <value>0x21fd</value>
         <object_component_ref idref="oc-c0"/>
      </symbol>
      <symbol id="sm-630">
         <name>UARTvprintf</name>
         <value>0x26d</value>
         <object_component_ref idref="oc-160"/>
      </symbol>
      <symbol id="sm-64d">
         <name>memcpy</name>
         <value>0xff5</value>
         <object_component_ref idref="oc-5e"/>
      </symbol>
      <symbol id="sm-64e">
         <name>__aeabi_memcpy</name>
         <value>0xff5</value>
         <object_component_ref idref="oc-5e"/>
      </symbol>
      <symbol id="sm-64f">
         <name>__aeabi_memcpy8</name>
         <value>0xff5</value>
         <object_component_ref idref="oc-5e"/>
      </symbol>
      <symbol id="sm-650">
         <name>__aeabi_memcpy4</name>
         <value>0xff5</value>
         <object_component_ref idref="oc-5e"/>
      </symbol>
      <symbol id="sm-65f">
         <name>__aeabi_memset</name>
         <value>0x133f</value>
         <object_component_ref idref="oc-10c"/>
      </symbol>
      <symbol id="sm-660">
         <name>memset</name>
         <value>0x1345</value>
         <object_component_ref idref="oc-10c"/>
      </symbol>
      <symbol id="sm-661">
         <name>__aeabi_memset8</name>
         <value>0x133f</value>
         <object_component_ref idref="oc-10c"/>
      </symbol>
      <symbol id="sm-662">
         <name>__aeabi_memset4</name>
         <value>0x133f</value>
         <object_component_ref idref="oc-10c"/>
      </symbol>
      <symbol id="sm-663">
         <name>__aeabi_memclr8</name>
         <value>0x133d</value>
         <object_component_ref idref="oc-10c"/>
      </symbol>
      <symbol id="sm-664">
         <name>__aeabi_memclr4</name>
         <value>0x133d</value>
         <object_component_ref idref="oc-10c"/>
      </symbol>
      <symbol id="sm-665">
         <name>__aeabi_memclr</name>
         <value>0x133d</value>
         <object_component_ref idref="oc-10c"/>
      </symbol>
      <symbol id="sm-674">
         <name>__aeabi_uidivmod</name>
         <value>0x1da1</value>
         <object_component_ref idref="oc-24c"/>
      </symbol>
      <symbol id="sm-675">
         <name>__aeabi_uidiv</name>
         <value>0x1da1</value>
         <object_component_ref idref="oc-24c"/>
      </symbol>
      <symbol id="sm-68c">
         <name>__TI_zero_init</name>
         <value>0x2397</value>
         <object_component_ref idref="oc-70"/>
      </symbol>
      <symbol id="sm-6a3">
         <name>__TI_decompress_none</name>
         <value>0x237d</value>
         <object_component_ref idref="oc-1b"/>
      </symbol>
      <symbol id="sm-6c6">
         <name>__TI_decompress_lzss</name>
         <value>0x15f1</value>
         <object_component_ref idref="oc-15"/>
      </symbol>
      <symbol id="sm-6d6">
         <name>memcmp</name>
         <value>0x211f</value>
         <object_component_ref idref="oc-305"/>
      </symbol>
      <symbol id="sm-6e9">
         <name>__stack</name>
         <value>0x20007790</value>
         <object_component_ref idref="oc-24"/>
      </symbol>
      <symbol id="sm-6ea">
         <name>_c_int00_noargs</name>
         <value>0x1fc5</value>
         <object_component_ref idref="oc-7c"/>
      </symbol>
      <symbol id="sm-6f4">
         <name>__aeabi_idiv0</name>
         <value>0x17ef</value>
         <object_component_ref idref="oc-352"/>
      </symbol>
      <symbol id="sm-6f5">
         <name>__aeabi_ldiv0</name>
         <value>0x17ef</value>
         <object_component_ref idref="oc-352"/>
      </symbol>
      <symbol id="sm-71d">
         <name>__TI_auto_init_nobinit_nopinit</name>
         <value>0x1c91</value>
         <object_component_ref idref="oc-1ff"/>
      </symbol>
      <symbol id="sm-727">
         <name>_system_pre_init</name>
         <value>0x2417</value>
         <object_component_ref idref="oc-112"/>
      </symbol>
      <symbol id="sm-733">
         <name>C$$EXIT</name>
         <value>0x241b</value>
         <object_component_ref idref="oc-1f3"/>
      </symbol>
      <symbol id="sm-734">
         <name>abort</name>
         <value>0x241b</value>
         <object_component_ref idref="oc-1f3"/>
      </symbol>
      <symbol id="sm-785">
         <name>GPIOPinConfigure</name>
         <value>0x1bb9</value>
         <object_component_ref idref="oc-26f"/>
      </symbol>
      <symbol id="sm-786">
         <name>GPIOPinTypeGPIOInput</name>
         <value>0x22e9</value>
         <object_component_ref idref="oc-2a6"/>
      </symbol>
      <symbol id="sm-787">
         <name>GPIOPinTypeUART</name>
         <value>0x22fb</value>
         <object_component_ref idref="oc-275"/>
      </symbol>
      <symbol id="sm-788">
         <name>GPIOPinTypeGPIOOutput</name>
         <value>0x2231</value>
         <object_component_ref idref="oc-2a0"/>
      </symbol>
      <symbol id="sm-789">
         <name>GPIODirModeSet</name>
         <value>0x2055</value>
         <object_component_ref idref="oc-368"/>
      </symbol>
      <symbol id="sm-78a">
         <name>GPIOPinWrite</name>
         <value>0x23ef</value>
         <object_component_ref idref="oc-30b"/>
      </symbol>
      <symbol id="sm-78b">
         <name>GPIOPadConfigSet</name>
         <value>0x45b</value>
         <object_component_ref idref="oc-2ac"/>
      </symbol>
      <symbol id="sm-7bb">
         <name>IntEnable</name>
         <value>0x1589</value>
         <object_component_ref idref="oc-293"/>
      </symbol>
      <symbol id="sm-7bc">
         <name>IntMasterEnable</name>
         <value>0x231f</value>
         <object_component_ref idref="oc-1d8"/>
      </symbol>
      <symbol id="sm-7e8">
         <name>SysCtlClockSet</name>
         <value>0x9b1</value>
         <object_component_ref idref="oc-1ba"/>
      </symbol>
      <symbol id="sm-7e9">
         <name>SysCtlDelay</name>
         <value>0x23fb</value>
         <object_component_ref idref="oc-266"/>
      </symbol>
      <symbol id="sm-7ea">
         <name>SysCtlPeripheralEnable</name>
         <value>0x1f91</value>
         <object_component_ref idref="oc-269"/>
      </symbol>
      <symbol id="sm-83a">
         <name>UARTCharPutNonBlocking</name>
         <value>0x2361</value>
         <object_component_ref idref="oc-ba"/>
      </symbol>
      <symbol id="sm-83b">
         <name>UARTIntEnable</name>
         <value>0x23e7</value>
         <object_component_ref idref="oc-299"/>
      </symbol>
      <symbol id="sm-83c">
         <name>UARTCharsAvail</name>
         <value>0x236f</value>
         <object_component_ref idref="oc-d2"/>
      </symbol>
      <symbol id="sm-83d">
         <name>UARTClockSourceSet</name>
         <value>0x2401</value>
         <object_component_ref idref="oc-27b"/>
      </symbol>
      <symbol id="sm-83e">
         <name>UARTFIFOEnable</name>
         <value>0x23d3</value>
         <object_component_ref idref="oc-28d"/>
      </symbol>
      <symbol id="sm-83f">
         <name>UARTIntClear</name>
         <value>0x2413</value>
         <object_component_ref idref="oc-ae"/>
      </symbol>
      <symbol id="sm-840">
         <name>UARTIntStatus</name>
         <value>0x23dd</value>
         <object_component_ref idref="oc-a8"/>
      </symbol>
      <symbol id="sm-841">
         <name>UARTCharGet</name>
         <value>0x23c9</value>
         <object_component_ref idref="oc-b4"/>
      </symbol>
      <symbol id="sm-842">
         <name>UARTFIFOLevelSet</name>
         <value>0x2407</value>
         <object_component_ref idref="oc-287"/>
      </symbol>
      <symbol id="sm-84c">
         <name>CPUcpsie</name>
         <value>0x238b</value>
         <object_component_ref idref="oc-2e5"/>
      </symbol>
      <symbol id="sm-84d">
         <name>__TI_static_base__</name>
         <value>0x0</value>
      </symbol>
      <symbol id="sm-850">
         <name>__mpu_init</name>
         <value>0x0</value>
      </symbol>
      <symbol id="sm-851">
         <name>_system_post_cinit</name>
         <value>0x0</value>
      </symbol>
   </symbol_table>
   <title>Link successful</title>
</link_info>
