<?xml version="1.0" encoding="ISO-8859-1" ?>
<link_info>
   <banner>TI ARM Linker Unix v20.2.2.LTS</banner>
   <copyright>Copyright (c) 1996-2018 Texas Instruments Incorporated</copyright>
   <link_time>0x627cd7c0</link_time>
   <link_errors>0x0</link_errors>
   <output_file>lab1.out</output_file>
   <entry_point>
      <name>_c_int00_noargs</name>
      <address>0x1c45</address>
   </entry_point>
   <input_file_list>
      <input_file id="fl-2">
         <path>./</path>
         <kind>object</kind>
         <file>freertos_demo.obj</file>
         <name>freertos_demo.obj</name>
      </input_file>
      <input_file id="fl-3">
         <path>./</path>
         <kind>object</kind>
         <file>startup_ccs.obj</file>
         <name>startup_ccs.obj</name>
      </input_file>
      <input_file id="fl-4">
         <path>./Config_Register/</path>
         <kind>object</kind>
         <file>Config_Register.obj</file>
         <name>Config_Register.obj</name>
      </input_file>
      <input_file id="fl-5">
         <path>./FSM/</path>
         <kind>object</kind>
         <file>FSM.obj</file>
         <name>FSM.obj</name>
      </input_file>
      <input_file id="fl-6">
         <path>./LAB/1_TASK/</path>
         <kind>object</kind>
         <file>lab1.obj</file>
         <name>lab1.obj</name>
      </input_file>
      <input_file id="fl-7">
         <path>./LAB/1_TASK/</path>
         <kind>object</kind>
         <file>lab2.obj</file>
         <name>lab2.obj</name>
      </input_file>
      <input_file id="fl-8">
         <path>./LAB/1_TASK/</path>
         <kind>object</kind>
         <file>lab3.obj</file>
         <name>lab3.obj</name>
      </input_file>
      <input_file id="fl-9">
         <path>./LAB/2_QUEUE/</path>
         <kind>object</kind>
         <file>lab1.obj</file>
         <name>lab1.obj</name>
      </input_file>
      <input_file id="fl-a">
         <path>./LAB/2_QUEUE/</path>
         <kind>object</kind>
         <file>lab2.obj</file>
         <name>lab2.obj</name>
      </input_file>
      <input_file id="fl-b">
         <path>./LAB/2_QUEUE/</path>
         <kind>object</kind>
         <file>lab3.obj</file>
         <name>lab3.obj</name>
      </input_file>
      <input_file id="fl-c">
         <path>./LAB/3_Interrupt/</path>
         <kind>object</kind>
         <file>lab1.obj</file>
         <name>lab1.obj</name>
      </input_file>
      <input_file id="fl-d">
         <path>./LAB/3_Interrupt/</path>
         <kind>object</kind>
         <file>lab2.obj</file>
         <name>lab2.obj</name>
      </input_file>
      <input_file id="fl-e">
         <path>./LAB/3_Interrupt/</path>
         <kind>object</kind>
         <file>lab3.obj</file>
         <name>lab3.obj</name>
      </input_file>
      <input_file id="fl-f">
         <path>./drivers/</path>
         <kind>object</kind>
         <file>buttons.obj</file>
         <name>buttons.obj</name>
      </input_file>
      <input_file id="fl-10">
         <path>./drivers/</path>
         <kind>object</kind>
         <file>rgb.obj</file>
         <name>rgb.obj</name>
      </input_file>
      <input_file id="fl-11">
         <path>./third_party/FreeRTOS/Source/</path>
         <kind>object</kind>
         <file>list.obj</file>
         <name>list.obj</name>
      </input_file>
      <input_file id="fl-12">
         <path>./third_party/FreeRTOS/Source/</path>
         <kind>object</kind>
         <file>queue.obj</file>
         <name>queue.obj</name>
      </input_file>
      <input_file id="fl-13">
         <path>./third_party/FreeRTOS/Source/</path>
         <kind>object</kind>
         <file>tasks.obj</file>
         <name>tasks.obj</name>
      </input_file>
      <input_file id="fl-14">
         <path>./third_party/FreeRTOS/Source/</path>
         <kind>object</kind>
         <file>timers.obj</file>
         <name>timers.obj</name>
      </input_file>
      <input_file id="fl-15">
         <path>./third_party/FreeRTOS/Source/portable/CCS/ARM_CM4F/</path>
         <kind>object</kind>
         <file>port.obj</file>
         <name>port.obj</name>
      </input_file>
      <input_file id="fl-16">
         <path>./third_party/FreeRTOS/Source/portable/CCS/ARM_CM4F/</path>
         <kind>object</kind>
         <file>portasm.obj</file>
         <name>portasm.obj</name>
      </input_file>
      <input_file id="fl-17">
         <path>./third_party/FreeRTOS/Source/portable/MemMang/</path>
         <kind>object</kind>
         <file>heap_2.obj</file>
         <name>heap_2.obj</name>
      </input_file>
      <input_file id="fl-18">
         <path>./utils/</path>
         <kind>object</kind>
         <file>uartstdio.obj</file>
         <name>uartstdio.obj</name>
      </input_file>
      <input_file id="fl-19">
         <path>./utils/</path>
         <kind>object</kind>
         <file>ustdlib.obj</file>
         <name>ustdlib.obj</name>
      </input_file>
      <input_file id="fl-1e">
         <kind>object</kind>
         <file>&lt;internal&gt;</file>
         <name>&lt;internal&gt;</name>
      </input_file>
      <input_file id="fl-d4">
         <path>/home/nghia/ti/ccs1020/ccs/tools/compiler/ti-cgt-arm_20.2.2.LTS/lib/</path>
         <kind>archive</kind>
         <file>rtsv7M4_T_le_v4SPD16_eabi.lib</file>
         <name>fs_toull_t2.asm.obj</name>
      </input_file>
      <input_file id="fl-d5">
         <path>/home/nghia/ti/ccs1020/ccs/tools/compiler/ti-cgt-arm_20.2.2.LTS/lib/</path>
         <kind>archive</kind>
         <file>rtsv7M4_T_le_v4SPD16_eabi.lib</file>
         <name>memcpy_t2.asm.obj</name>
      </input_file>
      <input_file id="fl-d6">
         <path>/home/nghia/ti/ccs1020/ccs/tools/compiler/ti-cgt-arm_20.2.2.LTS/lib/</path>
         <kind>archive</kind>
         <file>rtsv7M4_T_le_v4SPD16_eabi.lib</file>
         <name>memset_t2.asm.obj</name>
      </input_file>
      <input_file id="fl-d7">
         <path>/home/nghia/ti/ccs1020/ccs/tools/compiler/ti-cgt-arm_20.2.2.LTS/lib/</path>
         <kind>archive</kind>
         <file>rtsv7M4_T_le_v4SPD16_eabi.lib</file>
         <name>u_divt2.asm.obj</name>
      </input_file>
      <input_file id="fl-d8">
         <path>/home/nghia/ti/ccs1020/ccs/tools/compiler/ti-cgt-arm_20.2.2.LTS/lib/</path>
         <kind>archive</kind>
         <file>rtsv7M4_T_le_v4SPD16_eabi.lib</file>
         <name>copy_zero_init.c.obj</name>
      </input_file>
      <input_file id="fl-d9">
         <path>/home/nghia/ti/ccs1020/ccs/tools/compiler/ti-cgt-arm_20.2.2.LTS/lib/</path>
         <kind>archive</kind>
         <file>rtsv7M4_T_le_v4SPD16_eabi.lib</file>
         <name>copy_decompress_none.c.obj</name>
      </input_file>
      <input_file id="fl-da">
         <path>/home/nghia/ti/ccs1020/ccs/tools/compiler/ti-cgt-arm_20.2.2.LTS/lib/</path>
         <kind>archive</kind>
         <file>rtsv7M4_T_le_v4SPD16_eabi.lib</file>
         <name>copy_decompress_lzss.c.obj</name>
      </input_file>
      <input_file id="fl-db">
         <path>/home/nghia/ti/ccs1020/ccs/tools/compiler/ti-cgt-arm_20.2.2.LTS/lib/</path>
         <kind>archive</kind>
         <file>rtsv7M4_T_le_v4SPD16_eabi.lib</file>
         <name>boot_cortex_m.c.obj</name>
      </input_file>
      <input_file id="fl-dc">
         <path>/home/nghia/ti/ccs1020/ccs/tools/compiler/ti-cgt-arm_20.2.2.LTS/lib/</path>
         <kind>archive</kind>
         <file>rtsv7M4_T_le_v4SPD16_eabi.lib</file>
         <name>div0.asm.obj</name>
      </input_file>
      <input_file id="fl-dd">
         <path>/home/nghia/ti/ccs1020/ccs/tools/compiler/ti-cgt-arm_20.2.2.LTS/lib/</path>
         <kind>archive</kind>
         <file>rtsv7M4_T_le_v4SPD16_eabi.lib</file>
         <name>autoinit.c.obj</name>
      </input_file>
      <input_file id="fl-de">
         <path>/home/nghia/ti/ccs1020/ccs/tools/compiler/ti-cgt-arm_20.2.2.LTS/lib/</path>
         <kind>archive</kind>
         <file>rtsv7M4_T_le_v4SPD16_eabi.lib</file>
         <name>pre_init.c.obj</name>
      </input_file>
      <input_file id="fl-df">
         <path>/home/nghia/ti/ccs1020/ccs/tools/compiler/ti-cgt-arm_20.2.2.LTS/lib/</path>
         <kind>archive</kind>
         <file>rtsv7M4_T_le_v4SPD16_eabi.lib</file>
         <name>cpy_tbl.c.obj</name>
      </input_file>
      <input_file id="fl-e0">
         <path>/home/nghia/ti/ccs1020/ccs/tools/compiler/ti-cgt-arm_20.2.2.LTS/lib/</path>
         <kind>archive</kind>
         <file>rtsv7M4_T_le_v4SPD16_eabi.lib</file>
         <name>exit.c.obj</name>
      </input_file>
      <input_file id="fl-e1">
         <path>/home/nghia/ti/ccs1020/ccs/tools/compiler/ti-cgt-arm_20.2.2.LTS/lib/</path>
         <kind>archive</kind>
         <file>rtsv7M4_T_le_v4SPD16_eabi.lib</file>
         <name>_lock.c.obj</name>
      </input_file>
      <input_file id="fl-e2">
         <path>/home/nghia/ti/ccs1020/ccs/tools/compiler/ti-cgt-arm_20.2.2.LTS/lib/</path>
         <kind>archive</kind>
         <file>rtsv7M4_T_le_v4SPD16_eabi.lib</file>
         <name>args_main.c.obj</name>
      </input_file>
      <input_file id="fl-e3">
         <path>/home/nghia/ti/SW-TM4C-2.1.4.178/driverlib/ccs/Debug/</path>
         <kind>archive</kind>
         <file>driverlib.lib</file>
         <name>gpio.obj</name>
      </input_file>
      <input_file id="fl-e4">
         <path>/home/nghia/ti/SW-TM4C-2.1.4.178/driverlib/ccs/Debug/</path>
         <kind>archive</kind>
         <file>driverlib.lib</file>
         <name>interrupt.obj</name>
      </input_file>
      <input_file id="fl-e5">
         <path>/home/nghia/ti/SW-TM4C-2.1.4.178/driverlib/ccs/Debug/</path>
         <kind>archive</kind>
         <file>driverlib.lib</file>
         <name>sysctl.obj</name>
      </input_file>
      <input_file id="fl-e6">
         <path>/home/nghia/ti/SW-TM4C-2.1.4.178/driverlib/ccs/Debug/</path>
         <kind>archive</kind>
         <file>driverlib.lib</file>
         <name>systick.obj</name>
      </input_file>
      <input_file id="fl-e7">
         <path>/home/nghia/ti/SW-TM4C-2.1.4.178/driverlib/ccs/Debug/</path>
         <kind>archive</kind>
         <file>driverlib.lib</file>
         <name>timer.obj</name>
      </input_file>
      <input_file id="fl-e8">
         <path>/home/nghia/ti/SW-TM4C-2.1.4.178/driverlib/ccs/Debug/</path>
         <kind>archive</kind>
         <file>driverlib.lib</file>
         <name>uart.obj</name>
      </input_file>
      <input_file id="fl-e9">
         <path>/home/nghia/ti/SW-TM4C-2.1.4.178/driverlib/ccs/Debug/</path>
         <kind>archive</kind>
         <file>driverlib.lib</file>
         <name>cpu.obj</name>
      </input_file>
   </input_file_list>
   <object_component_list>
      <object_component id="oc-12">
         <name>.intvecs</name>
         <load_address>0x0</load_address>
         <run_address>0x0</run_address>
         <size>0x26c</size>
         <input_file_ref idref="fl-3"/>
      </object_component>
      <object_component id="oc-298">
         <name>.text:UARTvprintf</name>
         <load_address>0x26c</load_address>
         <run_address>0x26c</run_address>
         <size>0x1ee</size>
         <input_file_ref idref="fl-18"/>
      </object_component>
      <object_component id="oc-27a">
         <name>.text:GPIOPadConfigSet</name>
         <load_address>0x45a</load_address>
         <run_address>0x45a</run_address>
         <size>0x132</size>
         <input_file_ref idref="fl-e3"/>
      </object_component>
      <object_component id="oc-417">
         <name>.text:xQueueGenericReceive</name>
         <load_address>0x58c</load_address>
         <run_address>0x58c</run_address>
         <size>0x118</size>
         <input_file_ref idref="fl-12"/>
      </object_component>
      <object_component id="oc-a1">
         <name>.text:xTaskIncrementTick</name>
         <load_address>0x6a4</load_address>
         <run_address>0x6a4</run_address>
         <size>0x10c</size>
         <input_file_ref idref="fl-13"/>
      </object_component>
      <object_component id="oc-22c">
         <name>.text:xTaskGenericCreate</name>
         <load_address>0x7b0</load_address>
         <run_address>0x7b0</run_address>
         <size>0x100</size>
         <input_file_ref idref="fl-13"/>
      </object_component>
      <object_component id="oc-15e">
         <name>.text:SysCtlClockSet</name>
         <load_address>0x8b0</load_address>
         <run_address>0x8b0</run_address>
         <size>0xf4</size>
         <input_file_ref idref="fl-e5"/>
      </object_component>
      <object_component id="oc-471">
         <name>.text:xQueueGenericSend</name>
         <load_address>0x9a4</load_address>
         <run_address>0x9a4</run_address>
         <size>0xe8</size>
         <input_file_ref idref="fl-12"/>
      </object_component>
      <object_component id="oc-3a4">
         <name>.text:xTaskResumeAll</name>
         <load_address>0xa8c</load_address>
         <run_address>0xa8c</run_address>
         <size>0xe4</size>
         <input_file_ref idref="fl-13"/>
      </object_component>
      <object_component id="oc-3f">
         <name>.text</name>
         <load_address>0xb70</load_address>
         <run_address>0xb70</run_address>
         <size>0xd2</size>
         <input_file_ref idref="fl-16"/>
      </object_component>
      <object_component id="oc-33">
         <name>.text:FaultISR</name>
         <load_address>0xc42</load_address>
         <run_address>0xc42</run_address>
         <size>0x2</size>
         <input_file_ref idref="fl-3"/>
      </object_component>
      <object_component id="oc-335">
         <name>.text:pvPortMalloc</name>
         <load_address>0xc44</load_address>
         <run_address>0xc44</run_address>
         <size>0xac</size>
         <input_file_ref idref="fl-17"/>
      </object_component>
      <object_component id="oc-38a">
         <name>.text:prvProcessReceivedCommands</name>
         <load_address>0xcf0</load_address>
         <run_address>0xcf0</run_address>
         <size>0xa4</size>
         <input_file_ref idref="fl-14"/>
      </object_component>
      <object_component id="oc-5e">
         <name>.text</name>
         <load_address>0xd94</load_address>
         <run_address>0xd94</run_address>
         <size>0x9c</size>
         <input_file_ref idref="fl-d5"/>
      </object_component>
      <object_component id="oc-490">
         <name>.text:vTaskPriorityInherit</name>
         <load_address>0xe30</load_address>
         <run_address>0xe30</run_address>
         <size>0x90</size>
         <input_file_ref idref="fl-13"/>
      </object_component>
      <object_component id="oc-9a">
         <name>.text:vTaskSwitchContext</name>
         <load_address>0xec0</load_address>
         <run_address>0xec0</run_address>
         <size>0x8c</size>
         <input_file_ref idref="fl-13"/>
      </object_component>
      <object_component id="oc-164">
         <name>.text:Uart_Init</name>
         <load_address>0xf4c</load_address>
         <run_address>0xf4c</run_address>
         <size>0x88</size>
         <input_file_ref idref="fl-4"/>
      </object_component>
      <object_component id="oc-3ea">
         <name>.text:xQueueGenericReset</name>
         <load_address>0xfd4</load_address>
         <run_address>0xfd4</run_address>
         <size>0x84</size>
         <input_file_ref idref="fl-12"/>
      </object_component>
      <object_component id="oc-f2">
         <name>.text</name>
         <load_address>0x1058</load_address>
         <run_address>0x1058</run_address>
         <size>0x7a</size>
         <input_file_ref idref="fl-d6"/>
      </object_component>
      <object_component id="oc-39">
         <name>.text:IntDefaultHandler</name>
         <load_address>0x10d2</load_address>
         <run_address>0x10d2</run_address>
         <size>0x2</size>
         <input_file_ref idref="fl-3"/>
      </object_component>
      <object_component id="oc-4d6">
         <name>.text:xTaskPriorityDisinherit</name>
         <load_address>0x10d4</load_address>
         <run_address>0x10d4</run_address>
         <size>0x78</size>
         <input_file_ref idref="fl-13"/>
      </object_component>
      <object_component id="oc-43c">
         <name>.text:xTaskRemoveFromEventList</name>
         <load_address>0x114c</load_address>
         <run_address>0x114c</run_address>
         <size>0x74</size>
         <input_file_ref idref="fl-13"/>
      </object_component>
      <object_component id="oc-4c4">
         <name>.text:prvCopyDataToQueue</name>
         <load_address>0x11c0</load_address>
         <run_address>0x11c0</run_address>
         <size>0x72</size>
         <input_file_ref idref="fl-12"/>
      </object_component>
      <object_component id="oc-2d">
         <name>.text:NmiSR</name>
         <load_address>0x1232</load_address>
         <run_address>0x1232</run_address>
         <size>0x2</size>
         <input_file_ref idref="fl-3"/>
      </object_component>
      <object_component id="oc-384">
         <name>.text:prvProcessTimerOrBlockTask</name>
         <load_address>0x1234</load_address>
         <run_address>0x1234</run_address>
         <size>0x70</size>
         <input_file_ref idref="fl-14"/>
      </object_component>
      <object_component id="oc-212">
         <name>.text:IntEnable</name>
         <load_address>0x12a4</load_address>
         <run_address>0x12a4</run_address>
         <size>0x68</size>
         <input_file_ref idref="fl-e4"/>
      </object_component>
      <object_component id="oc-15">
         <name>.text:decompress:lzss:__TI_decompress_lzss</name>
         <load_address>0x130c</load_address>
         <run_address>0x130c</run_address>
         <size>0x68</size>
         <input_file_ref idref="fl-da"/>
      </object_component>
      <object_component id="oc-457">
         <name>.text:vTaskPlaceOnEventListRestricted</name>
         <load_address>0x1374</load_address>
         <run_address>0x1374</run_address>
         <size>0x68</size>
         <input_file_ref idref="fl-13"/>
      </object_component>
      <object_component id="oc-170">
         <name>.text:vTaskStartScheduler</name>
         <load_address>0x13dc</load_address>
         <run_address>0x13dc</run_address>
         <size>0x68</size>
         <input_file_ref idref="fl-13"/>
      </object_component>
      <object_component id="oc-496">
         <name>.text:vTaskPlaceOnEventList</name>
         <load_address>0x1444</load_address>
         <run_address>0x1444</run_address>
         <size>0x64</size>
         <input_file_ref idref="fl-13"/>
      </object_component>
      <object_component id="oc-45d">
         <name>.text:prvUnlockQueue</name>
         <load_address>0x14a8</load_address>
         <run_address>0x14a8</run_address>
         <size>0x62</size>
         <input_file_ref idref="fl-12"/>
      </object_component>
      <object_component id="oc-3c5">
         <name>.text</name>
         <load_address>0x150a</load_address>
         <run_address>0x150a</run_address>
         <size>0x2</size>
         <input_file_ref idref="fl-dc"/>
      </object_component>
      <object_component id="oc-200">
         <name>.text:UARTStdioConfig</name>
         <load_address>0x150c</load_address>
         <run_address>0x150c</run_address>
         <size>0x60</size>
         <input_file_ref idref="fl-18"/>
      </object_component>
      <object_component id="oc-2bd">
         <name>.text:prvInitialiseTaskLists</name>
         <load_address>0x156c</load_address>
         <run_address>0x156c</run_address>
         <size>0x60</size>
         <input_file_ref idref="fl-13"/>
      </object_component>
      <object_component id="oc-450">
         <name>.text:prvSwitchTimerLists</name>
         <load_address>0x15cc</load_address>
         <run_address>0x15cc</run_address>
         <size>0x60</size>
         <input_file_ref idref="fl-14"/>
      </object_component>
      <object_component id="oc-2ca">
         <name>.text:prvCheckForValidListAndQueue</name>
         <load_address>0x162c</load_address>
         <run_address>0x162c</run_address>
         <size>0x5c</size>
         <input_file_ref idref="fl-14"/>
      </object_component>
      <object_component id="oc-477">
         <name>.text:xQueueGenericSendFromISR</name>
         <load_address>0x1688</load_address>
         <run_address>0x1688</run_address>
         <size>0x5c</size>
         <input_file_ref idref="fl-12"/>
      </object_component>
      <object_component id="oc-2e7">
         <name>.text:prvCheckTasksWaitingTermination</name>
         <load_address>0x16e4</load_address>
         <run_address>0x16e4</run_address>
         <size>0x58</size>
         <input_file_ref idref="fl-13"/>
      </object_component>
      <object_component id="oc-2ab">
         <name>.text:prvInitialiseTCBVariables</name>
         <load_address>0x173c</load_address>
         <run_address>0x173c</run_address>
         <size>0x56</size>
         <input_file_ref idref="fl-13"/>
      </object_component>
      <object_component id="oc-116">
         <name>.text:vApplicationStackOverflowHook</name>
         <load_address>0x1792</load_address>
         <run_address>0x1792</run_address>
         <size>0x2</size>
         <input_file_ref idref="fl-2"/>
      </object_component>
      <object_component id="oc-484">
         <name>.text:xTaskCheckForTimeOut</name>
         <load_address>0x1794</load_address>
         <run_address>0x1794</run_address>
         <size>0x54</size>
         <input_file_ref idref="fl-13"/>
      </object_component>
      <object_component id="oc-4ae">
         <name>.text:prvAddCurrentTaskToDelayedList</name>
         <load_address>0x17e8</load_address>
         <run_address>0x17e8</run_address>
         <size>0x4c</size>
         <input_file_ref idref="fl-13"/>
      </object_component>
      <object_component id="oc-1ee">
         <name>.text:GPIOPinConfigure</name>
         <load_address>0x1834</load_address>
         <run_address>0x1834</run_address>
         <size>0x48</size>
         <input_file_ref idref="fl-e3"/>
      </object_component>
      <object_component id="oc-329">
         <name>.text:UARTwrite</name>
         <load_address>0x187c</load_address>
         <run_address>0x187c</run_address>
         <size>0x48</size>
         <input_file_ref idref="fl-18"/>
      </object_component>
      <object_component id="oc-3fe">
         <name>.text:prvProcessExpiredTimer</name>
         <load_address>0x18c4</load_address>
         <run_address>0x18c4</run_address>
         <size>0x48</size>
         <input_file_ref idref="fl-14"/>
      </object_component>
      <object_component id="oc-4a">
         <name>.text:UART0IntHandler</name>
         <load_address>0x190c</load_address>
         <run_address>0x190c</run_address>
         <size>0x44</size>
         <input_file_ref idref="fl-2"/>
      </object_component>
      <object_component id="oc-183">
         <name>.text:__TI_auto_init_nobinit_nopinit:__TI_auto_init_nobinit_nopinit</name>
         <load_address>0x1950</load_address>
         <run_address>0x1950</run_address>
         <size>0x44</size>
         <input_file_ref idref="fl-dd"/>
      </object_component>
      <object_component id="oc-40b">
         <name>.text:prvInsertTimerInActiveList</name>
         <load_address>0x1994</load_address>
         <run_address>0x1994</run_address>
         <size>0x44</size>
         <input_file_ref idref="fl-14"/>
      </object_component>
      <object_component id="oc-33b">
         <name>.text:vPortFree</name>
         <load_address>0x19d8</load_address>
         <run_address>0x19d8</run_address>
         <size>0x44</size>
         <input_file_ref idref="fl-17"/>
      </object_component>
      <object_component id="oc-411">
         <name>.text:xTimerGenericCommand</name>
         <load_address>0x1a1c</load_address>
         <run_address>0x1a1c</run_address>
         <size>0x44</size>
         <input_file_ref idref="fl-14"/>
      </object_component>
      <object_component id="oc-32f">
         <name>.text</name>
         <load_address>0x1a60</load_address>
         <run_address>0x1a60</run_address>
         <size>0x40</size>
         <input_file_ref idref="fl-d7"/>
      </object_component>
      <object_component id="oc-404">
         <name>.text:vQueueWaitForMessageRestricted</name>
         <load_address>0x1aa0</load_address>
         <run_address>0x1aa0</run_address>
         <size>0x40</size>
         <input_file_ref idref="fl-12"/>
      </object_component>
      <object_component id="oc-238">
         <name>.text:xPortStartScheduler</name>
         <load_address>0x1ae0</load_address>
         <run_address>0x1ae0</run_address>
         <size>0x40</size>
         <input_file_ref idref="fl-15"/>
      </object_component>
      <object_component id="oc-232">
         <name>.text:xTimerCreateTimerTask</name>
         <load_address>0x1b20</load_address>
         <run_address>0x1b20</run_address>
         <size>0x40</size>
         <input_file_ref idref="fl-14"/>
      </object_component>
      <object_component id="oc-368">
         <name>.text:xQueueGenericCreate</name>
         <load_address>0x1b60</load_address>
         <run_address>0x1b60</run_address>
         <size>0x3c</size>
         <input_file_ref idref="fl-12"/>
      </object_component>
      <object_component id="oc-2a5">
         <name>.text:prvAllocateTCBAndStack</name>
         <load_address>0x1b9c</load_address>
         <run_address>0x1b9c</run_address>
         <size>0x3a</size>
         <input_file_ref idref="fl-13"/>
      </object_component>
      <object_component id="oc-464">
         <name>.text:vListInsert</name>
         <load_address>0x1bd6</load_address>
         <run_address>0x1bd6</run_address>
         <size>0x38</size>
         <input_file_ref idref="fl-11"/>
      </object_component>
      <object_component id="oc-132">
         <name>.text:vApplicationTickHook</name>
         <load_address>0x1c0e</load_address>
         <run_address>0x1c0e</run_address>
         <size>0x2</size>
         <input_file_ref idref="fl-2"/>
      </object_component>
      <object_component id="oc-1e8">
         <name>.text:SysCtlPeripheralEnable</name>
         <load_address>0x1c10</load_address>
         <run_address>0x1c10</run_address>
         <size>0x34</size>
         <input_file_ref idref="fl-e5"/>
      </object_component>
      <object_component id="oc-7c">
         <name>.text:_c_int00_noargs:_c_int00_noargs</name>
         <load_address>0x1c44</load_address>
         <run_address>0x1c44</run_address>
         <size>0x34</size>
         <input_file_ref idref="fl-db"/>
      </object_component>
      <object_component id="oc-3cb">
         <name>.text:prvHeapInit</name>
         <load_address>0x1c78</load_address>
         <run_address>0x1c78</run_address>
         <size>0x30</size>
         <input_file_ref idref="fl-17"/>
      </object_component>
      <object_component id="oc-44">
         <name>.text:xPortSysTickHandler</name>
         <load_address>0x1ca8</load_address>
         <run_address>0x1ca8</run_address>
         <size>0x2c</size>
         <input_file_ref idref="fl-15"/>
      </object_component>
      <object_component id="oc-274">
         <name>.text:GPIODirModeSet</name>
         <load_address>0x1cd4</load_address>
         <run_address>0x1cd4</run_address>
         <size>0x2a</size>
         <input_file_ref idref="fl-e3"/>
      </object_component>
      <object_component id="oc-120">
         <name>.text:prvResetNextTaskUnblockTime</name>
         <load_address>0x1d00</load_address>
         <run_address>0x1d00</run_address>
         <size>0x28</size>
         <input_file_ref idref="fl-13"/>
      </object_component>
      <object_component id="oc-3fc">
         <name>.text:prvSampleTimeNow</name>
         <load_address>0x1d28</load_address>
         <run_address>0x1d28</run_address>
         <size>0x28</size>
         <input_file_ref idref="fl-14"/>
      </object_component>
      <object_component id="oc-2b1">
         <name>.text:pxPortInitialiseStack</name>
         <load_address>0x1d50</load_address>
         <run_address>0x1d50</run_address>
         <size>0x28</size>
         <input_file_ref idref="fl-15"/>
      </object_component>
      <object_component id="oc-49c">
         <name>.text:prvCopyDataFromQueue</name>
         <load_address>0x1d78</load_address>
         <run_address>0x1d78</run_address>
         <size>0x26</size>
         <input_file_ref idref="fl-12"/>
      </object_component>
      <object_component id="oc-37e">
         <name>.text:prvGetNextExpireTime</name>
         <load_address>0x1da0</load_address>
         <run_address>0x1da0</run_address>
         <size>0x20</size>
         <input_file_ref idref="fl-14"/>
      </object_component>
      <object_component id="oc-126">
         <name>.text:uxListRemove</name>
         <load_address>0x1dc0</load_address>
         <run_address>0x1dc0</run_address>
         <size>0x20</size>
         <input_file_ref idref="fl-11"/>
      </object_component>
      <object_component id="oc-36e">
         <name>.text:vQueueAddToRegistry</name>
         <load_address>0x1de0</load_address>
         <run_address>0x1de0</run_address>
         <size>0x20</size>
         <input_file_ref idref="fl-12"/>
      </object_component>
      <object_component id="oc-46b">
         <name>.text:xTaskGetSchedulerState</name>
         <load_address>0x1e00</load_address>
         <run_address>0x1e00</run_address>
         <size>0x20</size>
         <input_file_ref idref="fl-13"/>
      </object_component>
      <object_component id="oc-fe">
         <name>.text:main</name>
         <load_address>0x1e20</load_address>
         <run_address>0x1e20</run_address>
         <size>0x1c</size>
         <input_file_ref idref="fl-2"/>
      </object_component>
      <object_component id="oc-4be">
         <name>.text:prvIsQueueFull</name>
         <load_address>0x1e3c</load_address>
         <run_address>0x1e3c</run_address>
         <size>0x1c</size>
         <input_file_ref idref="fl-12"/>
      </object_component>
      <object_component id="oc-2b7">
         <name>.text:vPortEnterCritical</name>
         <load_address>0x1e58</load_address>
         <run_address>0x1e58</run_address>
         <size>0x1c</size>
         <input_file_ref idref="fl-15"/>
      </object_component>
      <object_component id="oc-21e">
         <name>.text:UARTprintf</name>
         <load_address>0x1e74</load_address>
         <run_address>0x1e74</run_address>
         <size>0x1a</size>
         <input_file_ref idref="fl-18"/>
      </object_component>
      <object_component id="oc-48a">
         <name>.text:prvIsQueueEmpty</name>
         <load_address>0x1e8e</load_address>
         <run_address>0x1e8e</run_address>
         <size>0x1a</size>
         <input_file_ref idref="fl-12"/>
      </object_component>
      <object_component id="oc-4a2">
         <name>.text:pvTaskIncrementMutexHeldCount</name>
         <load_address>0x1ea8</load_address>
         <run_address>0x1ea8</run_address>
         <size>0x18</size>
         <input_file_ref idref="fl-13"/>
      </object_component>
      <object_component id="oc-12c">
         <name>.text:vListInsertEnd</name>
         <load_address>0x1ec0</load_address>
         <run_address>0x1ec0</run_address>
         <size>0x18</size>
         <input_file_ref idref="fl-11"/>
      </object_component>
      <object_component id="oc-2c3">
         <name>.text:vPortExitCritical</name>
         <load_address>0x1ed8</load_address>
         <run_address>0x1ed8</run_address>
         <size>0x18</size>
         <input_file_ref idref="fl-15"/>
      </object_component>
      <object_component id="oc-47e">
         <name>.text:vTaskSetTimeOutState</name>
         <load_address>0x1ef0</load_address>
         <run_address>0x1ef0</run_address>
         <size>0x18</size>
         <input_file_ref idref="fl-13"/>
      </object_component>
      <object_component id="oc-351">
         <name>.text:vListInitialise</name>
         <load_address>0x1f08</load_address>
         <run_address>0x1f08</run_address>
         <size>0x16</size>
         <input_file_ref idref="fl-11"/>
      </object_component>
      <object_component id="oc-2d0">
         <name>.text:prvTimerTask</name>
         <load_address>0x1f1e</load_address>
         <run_address>0x1f1e</run_address>
         <size>0x14</size>
         <input_file_ref idref="fl-14"/>
      </object_component>
      <object_component id="oc-2dd">
         <name>.text:vPortSetupTimerInterrupt</name>
         <load_address>0x1f34</load_address>
         <run_address>0x1f34</run_address>
         <size>0x14</size>
         <input_file_ref idref="fl-15"/>
      </object_component>
      <object_component id="oc-1f4">
         <name>.text:GPIOPinTypeUART</name>
         <load_address>0x1f48</load_address>
         <run_address>0x1f48</run_address>
         <size>0x12</size>
         <input_file_ref idref="fl-e3"/>
      </object_component>
      <object_component id="oc-3aa">
         <name>.text:prvDeleteTCB</name>
         <load_address>0x1f5a</load_address>
         <run_address>0x1f5a</run_address>
         <size>0x12</size>
         <input_file_ref idref="fl-13"/>
      </object_component>
      <object_component id="oc-16a">
         <name>.text:IntMasterEnable</name>
         <load_address>0x1f6c</load_address>
         <run_address>0x1f6c</run_address>
         <size>0x10</size>
         <input_file_ref idref="fl-e4"/>
      </object_component>
      <object_component id="oc-349">
         <name>.text:prvTaskExitError</name>
         <load_address>0x1f7c</load_address>
         <run_address>0x1f7c</run_address>
         <size>0x10</size>
         <input_file_ref idref="fl-15"/>
      </object_component>
      <object_component id="oc-2ed">
         <name>.text:vApplicationIdleHook</name>
         <load_address>0x1f8c</load_address>
         <run_address>0x1f8c</run_address>
         <size>0x10</size>
         <input_file_ref idref="fl-2"/>
      </object_component>
      <object_component id="oc-39e">
         <name>.text:vTaskSuspendAll</name>
         <load_address>0x1f9c</load_address>
         <run_address>0x1f9c</run_address>
         <size>0x10</size>
         <input_file_ref idref="fl-13"/>
      </object_component>
      <object_component id="oc-ba">
         <name>.text:UARTCharPutNonBlocking</name>
         <load_address>0x1fac</load_address>
         <run_address>0x1fac</run_address>
         <size>0xe</size>
         <input_file_ref idref="fl-e8"/>
      </object_component>
      <object_component id="oc-c0">
         <name>.text:UARTCharsAvail</name>
         <load_address>0x1fba</load_address>
         <run_address>0x1fba</run_address>
         <size>0xe</size>
         <input_file_ref idref="fl-e8"/>
      </object_component>
      <object_component id="oc-1b">
         <name>.text:decompress:none:__TI_decompress_none</name>
         <load_address>0x1fc8</load_address>
         <run_address>0x1fc8</run_address>
         <size>0xe</size>
         <input_file_ref idref="fl-d9"/>
      </object_component>
      <object_component id="oc-225">
         <name>.text:CPUcpsie</name>
         <load_address>0x1fd6</load_address>
         <run_address>0x1fd6</run_address>
         <size>0xc</size>
         <input_file_ref idref="fl-e9"/>
      </object_component>
      <object_component id="oc-70">
         <name>.text:decompress:ZI:__TI_zero_init</name>
         <load_address>0x1fe2</load_address>
         <run_address>0x1fe2</run_address>
         <size>0xc</size>
         <input_file_ref idref="fl-d8"/>
      </object_component>
      <object_component id="oc-23e">
         <name>.text:prvIdleTask</name>
         <load_address>0x1fee</load_address>
         <run_address>0x1fee</run_address>
         <size>0xc</size>
         <input_file_ref idref="fl-13"/>
      </object_component>
      <object_component id="oc-4b5">
         <name>.text:vTaskMissedYield</name>
         <load_address>0x1ffc</load_address>
         <run_address>0x1ffc</run_address>
         <size>0xc</size>
         <input_file_ref idref="fl-13"/>
      </object_component>
      <object_component id="oc-44a">
         <name>.text:xTaskGetTickCount</name>
         <load_address>0x2008</load_address>
         <run_address>0x2008</run_address>
         <size>0xc</size>
         <input_file_ref idref="fl-13"/>
      </object_component>
      <object_component id="oc-b4">
         <name>.text:UARTCharGet</name>
         <load_address>0x2014</load_address>
         <run_address>0x2014</run_address>
         <size>0xa</size>
         <input_file_ref idref="fl-e8"/>
      </object_component>
      <object_component id="oc-20c">
         <name>.text:UARTFIFOEnable</name>
         <load_address>0x201e</load_address>
         <run_address>0x201e</run_address>
         <size>0xa</size>
         <input_file_ref idref="fl-e8"/>
      </object_component>
      <object_component id="oc-a8">
         <name>.text:UARTIntStatus</name>
         <load_address>0x2028</load_address>
         <run_address>0x2028</run_address>
         <size>0xa</size>
         <input_file_ref idref="fl-e8"/>
      </object_component>
      <object_component id="oc-218">
         <name>.text:UARTIntEnable</name>
         <load_address>0x2032</load_address>
         <run_address>0x2032</run_address>
         <size>0x8</size>
         <input_file_ref idref="fl-e8"/>
      </object_component>
      <object_component id="oc-27">
         <name>.text:ResetISR</name>
         <load_address>0x203a</load_address>
         <run_address>0x203a</run_address>
         <size>0x6</size>
         <input_file_ref idref="fl-3"/>
      </object_component>
      <object_component id="oc-1e5">
         <name>.text:SysCtlDelay</name>
         <load_address>0x2040</load_address>
         <run_address>0x2040</run_address>
         <size>0x6</size>
         <input_file_ref idref="fl-e5"/>
      </object_component>
      <object_component id="oc-1fa">
         <name>.text:UARTClockSourceSet</name>
         <load_address>0x2046</load_address>
         <run_address>0x2046</run_address>
         <size>0x6</size>
         <input_file_ref idref="fl-e8"/>
      </object_component>
      <object_component id="oc-206">
         <name>.text:UARTFIFOLevelSet</name>
         <load_address>0x204c</load_address>
         <run_address>0x204c</run_address>
         <size>0x6</size>
         <input_file_ref idref="fl-e8"/>
      </object_component>
      <object_component id="oc-342">
         <name>.text:vListInitialiseItem</name>
         <load_address>0x2052</load_address>
         <run_address>0x2052</run_address>
         <size>0x6</size>
         <input_file_ref idref="fl-11"/>
      </object_component>
      <object_component id="oc-ae">
         <name>.text:UARTIntClear</name>
         <load_address>0x2058</load_address>
         <run_address>0x2058</run_address>
         <size>0x4</size>
         <input_file_ref idref="fl-e8"/>
      </object_component>
      <object_component id="oc-f8">
         <name>.text:_system_pre_init</name>
         <load_address>0x205c</load_address>
         <run_address>0x205c</run_address>
         <size>0x4</size>
         <input_file_ref idref="fl-de"/>
      </object_component>
      <object_component id="oc-177">
         <name>.text:abort:abort</name>
         <load_address>0x2060</load_address>
         <run_address>0x2060</run_address>
         <size>0x4</size>
         <input_file_ref idref="fl-e0"/>
      </object_component>
      <object_component id="oc-26f">
         <name>.const:g_pui32GPIOBaseAddrs</name>
         <load_address>0x2064</load_address>
         <run_address>0x2064</run_address>
         <size>0x90</size>
         <input_file_ref idref="fl-e3"/>
      </object_component>
      <object_component id="oc-292">
         <name>.const</name>
         <load_address>0x20f4</load_address>
         <run_address>0x20f4</run_address>
         <size>0x70</size>
         <input_file_ref idref="fl-e4"/>
      </object_component>
      <object_component id="oc-285">
         <name>.const:g_ui32UARTBase</name>
         <load_address>0x2164</load_address>
         <run_address>0x2164</run_address>
         <size>0xc</size>
         <input_file_ref idref="fl-18"/>
      </object_component>
      <object_component id="oc-282">
         <name>.const:g_ui32UARTPeriph</name>
         <load_address>0x2170</load_address>
         <run_address>0x2170</run_address>
         <size>0xc</size>
         <input_file_ref idref="fl-18"/>
      </object_component>
      <object_component id="oc-97">
         <name>.const</name>
         <load_address>0x217c</load_address>
         <run_address>0x217c</run_address>
         <size>0x4</size>
         <input_file_ref idref="fl-15"/>
      </object_component>
      <object_component id="oc-509">
         <name>.cinit..data.load</name>
         <load_address>0x2180</load_address>
         <run_address>0x2180</run_address>
         <size>0x10</size>
      </object_component>
      <object_component id="oc-507">
         <name>__TI_handler_table</name>
         <load_address>0x2190</load_address>
         <run_address>0x2190</run_address>
         <size>0xc</size>
      </object_component>
      <object_component id="oc-50a">
         <name>.cinit..bss.load</name>
         <load_address>0x21a0</load_address>
         <run_address>0x21a0</run_address>
         <size>0x8</size>
      </object_component>
      <object_component id="oc-508">
         <name>__TI_cinit_table</name>
         <load_address>0x21a8</load_address>
         <run_address>0x21a8</run_address>
         <size>0x10</size>
      </object_component>
      <object_component id="oc-3b1">
         <name>.data</name>
         <load_address>0x200079b8</load_address>
         <run_address>0x200079b8</run_address>
         <size>0x4</size>
         <input_file_ref idref="fl-2"/>
      </object_component>
      <object_component id="oc-94">
         <name>.data</name>
         <load_address>0x20007970</load_address>
         <run_address>0x20007970</run_address>
         <size>0x30</size>
         <input_file_ref idref="fl-13"/>
      </object_component>
      <object_component id="oc-2d6">
         <name>.data</name>
         <load_address>0x200079a8</load_address>
         <run_address>0x200079a8</run_address>
         <size>0x8</size>
         <input_file_ref idref="fl-14"/>
      </object_component>
      <object_component id="oc-2e3">
         <name>.data</name>
         <load_address>0x200079bc</load_address>
         <run_address>0x200079bc</run_address>
         <size>0x4</size>
         <input_file_ref idref="fl-15"/>
      </object_component>
      <object_component id="oc-3d1">
         <name>.data</name>
         <load_address>0x200079a0</load_address>
         <run_address>0x200079a0</run_address>
         <size>0x8</size>
         <input_file_ref idref="fl-17"/>
      </object_component>
      <object_component id="oc-288">
         <name>.data</name>
         <load_address>0x200079b0</load_address>
         <run_address>0x200079b0</run_address>
         <size>0x5</size>
         <input_file_ref idref="fl-18"/>
      </object_component>
      <object_component id="oc-11c">
         <name>.bss:pxReadyTasksLists</name>
         <uninitialized>true</uninitialized>
         <run_address>0x20007530</run_address>
         <size>0x140</size>
         <input_file_ref idref="fl-13"/>
      </object_component>
      <object_component id="oc-357">
         <name>.bss:xDelayedTaskList1</name>
         <uninitialized>true</uninitialized>
         <run_address>0x200076e8</run_address>
         <size>0x14</size>
         <input_file_ref idref="fl-13"/>
      </object_component>
      <object_component id="oc-35a">
         <name>.bss:xDelayedTaskList2</name>
         <uninitialized>true</uninitialized>
         <run_address>0x200076fc</run_address>
         <size>0x14</size>
         <input_file_ref idref="fl-13"/>
      </object_component>
      <object_component id="oc-138">
         <name>.bss</name>
         <uninitialized>true</uninitialized>
         <run_address>0x2000774c</run_address>
         <size>0x8</size>
         <input_file_ref idref="fl-13"/>
      </object_component>
      <object_component id="oc-35d">
         <name>.bss:xPendingReadyList</name>
         <uninitialized>true</uninitialized>
         <run_address>0x20007710</run_address>
         <size>0x14</size>
         <input_file_ref idref="fl-13"/>
      </object_component>
      <object_component id="oc-360">
         <name>.bss:xTasksWaitingTermination</name>
         <uninitialized>true</uninitialized>
         <run_address>0x20007738</run_address>
         <size>0x14</size>
         <input_file_ref idref="fl-13"/>
      </object_component>
      <object_component id="oc-363">
         <name>.bss:xSuspendedTaskList</name>
         <uninitialized>true</uninitialized>
         <run_address>0x20007724</run_address>
         <size>0x14</size>
         <input_file_ref idref="fl-13"/>
      </object_component>
      <object_component id="oc-374">
         <name>.bss:xActiveTimerList1</name>
         <uninitialized>true</uninitialized>
         <run_address>0x200076c0</run_address>
         <size>0x14</size>
         <input_file_ref idref="fl-14"/>
      </object_component>
      <object_component id="oc-377">
         <name>.bss:xActiveTimerList2</name>
         <uninitialized>true</uninitialized>
         <run_address>0x200076d4</run_address>
         <size>0x14</size>
         <input_file_ref idref="fl-14"/>
      </object_component>
      <object_component id="oc-37a">
         <name>.bss</name>
         <uninitialized>true</uninitialized>
         <run_address>0x20007754</run_address>
         <size>0x8</size>
         <input_file_ref idref="fl-14"/>
      </object_component>
      <object_component id="oc-42b">
         <name>.bss:ucHeap</name>
         <uninitialized>true</uninitialized>
         <run_address>0x20000000</run_address>
         <size>0x7530</size>
         <input_file_ref idref="fl-17"/>
      </object_component>
      <object_component id="oc-3d4">
         <name>.bss:xStart</name>
         <uninitialized>true</uninitialized>
         <run_address>0x20007764</run_address>
         <size>0x8</size>
         <input_file_ref idref="fl-17"/>
      </object_component>
      <object_component id="oc-3d7">
         <name>.bss:xEnd</name>
         <uninitialized>true</uninitialized>
         <run_address>0x2000775c</run_address>
         <size>0x8</size>
         <input_file_ref idref="fl-17"/>
      </object_component>
      <object_component id="oc-3f3">
         <name>.common:xQueueRegistry</name>
         <uninitialized>true</uninitialized>
         <run_address>0x20007670</run_address>
         <size>0x50</size>
      </object_component>
      <object_component id="oc-24">
         <name>.stack</name>
         <uninitialized>true</uninitialized>
         <run_address>0x20007770</run_address>
         <size>0x4</size>
         <input_file_ref idref="fl-db"/>
      </object_component>
      <object_component id="oc-50c">
         <name>.stack</name>
         <uninitialized>true</uninitialized>
         <run_address>0x20007770</run_address>
         <size>0x0</size>
      </object_component>
      <object_component id="oc-14c">
         <name>.debug_info</name>
         <load_address>0x0</load_address>
         <run_address>0x0</run_address>
         <size>0x55f</size>
         <input_file_ref idref="fl-2"/>
      </object_component>
      <object_component id="oc-3b2">
         <name>.debug_info</name>
         <load_address>0x55f</load_address>
         <run_address>0x55f</run_address>
         <size>0xf9</size>
         <input_file_ref idref="fl-2"/>
      </object_component>
      <object_component id="oc-133">
         <name>.debug_info</name>
         <load_address>0x658</load_address>
         <run_address>0x658</run_address>
         <size>0x155</size>
         <input_file_ref idref="fl-2"/>
      </object_component>
      <object_component id="oc-117">
         <name>.debug_info</name>
         <load_address>0x7ad</load_address>
         <run_address>0x7ad</run_address>
         <size>0x193</size>
         <input_file_ref idref="fl-2"/>
      </object_component>
      <object_component id="oc-2ee">
         <name>.debug_info</name>
         <load_address>0x940</load_address>
         <run_address>0x940</run_address>
         <size>0x155</size>
         <input_file_ref idref="fl-2"/>
      </object_component>
      <object_component id="oc-ff">
         <name>.debug_info</name>
         <load_address>0xa95</load_address>
         <run_address>0xa95</run_address>
         <size>0x188</size>
         <input_file_ref idref="fl-2"/>
      </object_component>
      <object_component id="oc-4b">
         <name>.debug_info</name>
         <load_address>0xc1d</load_address>
         <run_address>0xc1d</run_address>
         <size>0x217</size>
         <input_file_ref idref="fl-2"/>
      </object_component>
      <object_component id="oc-1c6">
         <name>.debug_info</name>
         <load_address>0xe34</load_address>
         <run_address>0xe34</run_address>
         <size>0x2ef</size>
         <input_file_ref idref="fl-2"/>
      </object_component>
      <object_component id="oc-d3">
         <name>.debug_info</name>
         <load_address>0x1123</load_address>
         <run_address>0x1123</run_address>
         <size>0x26b</size>
         <input_file_ref idref="fl-2"/>
      </object_component>
      <object_component id="oc-1bc">
         <name>.debug_info</name>
         <load_address>0x138e</load_address>
         <run_address>0x138e</run_address>
         <size>0x110</size>
         <input_file_ref idref="fl-2"/>
      </object_component>
      <object_component id="oc-cc">
         <name>.debug_info</name>
         <load_address>0x149e</load_address>
         <run_address>0x149e</run_address>
         <size>0x8b</size>
         <input_file_ref idref="fl-2"/>
      </object_component>
      <object_component id="oc-394">
         <name>.debug_info</name>
         <load_address>0x1529</load_address>
         <run_address>0x1529</run_address>
         <size>0x46</size>
         <input_file_ref idref="fl-2"/>
      </object_component>
      <object_component id="oc-1cb">
         <name>.debug_info</name>
         <load_address>0x156f</load_address>
         <run_address>0x156f</run_address>
         <size>0x46</size>
         <input_file_ref idref="fl-2"/>
      </object_component>
      <object_component id="oc-1b7">
         <name>.debug_info</name>
         <load_address>0x15b5</load_address>
         <run_address>0x15b5</run_address>
         <size>0x2c</size>
         <input_file_ref idref="fl-2"/>
      </object_component>
      <object_component id="oc-147">
         <name>.debug_info</name>
         <load_address>0x15e1</load_address>
         <run_address>0x15e1</run_address>
         <size>0x2a4</size>
         <input_file_ref idref="fl-2"/>
      </object_component>
      <object_component id="oc-d8">
         <name>.debug_info</name>
         <load_address>0x1885</load_address>
         <run_address>0x1885</run_address>
         <size>0xbb</size>
         <input_file_ref idref="fl-2"/>
      </object_component>
      <object_component id="oc-c7">
         <name>.debug_info</name>
         <load_address>0x1940</load_address>
         <run_address>0x1940</run_address>
         <size>0x53</size>
         <input_file_ref idref="fl-2"/>
      </object_component>
      <object_component id="oc-29f">
         <name>.debug_info</name>
         <load_address>0x1993</load_address>
         <run_address>0x1993</run_address>
         <size>0x2c</size>
         <input_file_ref idref="fl-2"/>
      </object_component>
      <object_component id="oc-1d0">
         <name>.debug_info</name>
         <load_address>0x19bf</load_address>
         <run_address>0x19bf</run_address>
         <size>0x14c</size>
         <input_file_ref idref="fl-2"/>
      </object_component>
      <object_component id="oc-52">
         <name>.debug_info</name>
         <load_address>0x1b0b</load_address>
         <run_address>0x1b0b</run_address>
         <size>0x36e</size>
         <input_file_ref idref="fl-3"/>
      </object_component>
      <object_component id="oc-13">
         <name>.debug_info</name>
         <load_address>0x1e79</load_address>
         <run_address>0x1e79</run_address>
         <size>0x107</size>
         <input_file_ref idref="fl-3"/>
      </object_component>
      <object_component id="oc-28">
         <name>.debug_info</name>
         <load_address>0x1f80</load_address>
         <run_address>0x1f80</run_address>
         <size>0x137</size>
         <input_file_ref idref="fl-3"/>
      </object_component>
      <object_component id="oc-2e">
         <name>.debug_info</name>
         <load_address>0x20b7</load_address>
         <run_address>0x20b7</run_address>
         <size>0x128</size>
         <input_file_ref idref="fl-3"/>
      </object_component>
      <object_component id="oc-3a">
         <name>.debug_info</name>
         <load_address>0x21df</load_address>
         <run_address>0x21df</run_address>
         <size>0x140</size>
         <input_file_ref idref="fl-3"/>
      </object_component>
      <object_component id="oc-34">
         <name>.debug_info</name>
         <load_address>0x231f</load_address>
         <run_address>0x231f</run_address>
         <size>0x12e</size>
         <input_file_ref idref="fl-3"/>
      </object_component>
      <object_component id="oc-59">
         <name>.debug_info</name>
         <load_address>0x244d</load_address>
         <run_address>0x244d</run_address>
         <size>0x84</size>
         <input_file_ref idref="fl-3"/>
      </object_component>
      <object_component id="oc-165">
         <name>.debug_info</name>
         <load_address>0x24d1</load_address>
         <run_address>0x24d1</run_address>
         <size>0x283</size>
         <input_file_ref idref="fl-4"/>
      </object_component>
      <object_component id="oc-1dc">
         <name>.debug_info</name>
         <load_address>0x2754</load_address>
         <run_address>0x2754</run_address>
         <size>0x324</size>
         <input_file_ref idref="fl-11"/>
      </object_component>
      <object_component id="oc-12d">
         <name>.debug_info</name>
         <load_address>0x2a78</load_address>
         <run_address>0x2a78</run_address>
         <size>0x263</size>
         <input_file_ref idref="fl-11"/>
      </object_component>
      <object_component id="oc-465">
         <name>.debug_info</name>
         <load_address>0x2cdb</load_address>
         <run_address>0x2cdb</run_address>
         <size>0x28e</size>
         <input_file_ref idref="fl-11"/>
      </object_component>
      <object_component id="oc-343">
         <name>.debug_info</name>
         <load_address>0x2f69</load_address>
         <run_address>0x2f69</run_address>
         <size>0x210</size>
         <input_file_ref idref="fl-11"/>
      </object_component>
      <object_component id="oc-352">
         <name>.debug_info</name>
         <load_address>0x3179</load_address>
         <run_address>0x3179</run_address>
         <size>0x208</size>
         <input_file_ref idref="fl-11"/>
      </object_component>
      <object_component id="oc-127">
         <name>.debug_info</name>
         <load_address>0x3381</load_address>
         <run_address>0x3381</run_address>
         <size>0x23b</size>
         <input_file_ref idref="fl-11"/>
      </object_component>
      <object_component id="oc-3f1">
         <name>.debug_info</name>
         <load_address>0x35bc</load_address>
         <run_address>0x35bc</run_address>
         <size>0x810</size>
         <input_file_ref idref="fl-12"/>
      </object_component>
      <object_component id="oc-45e">
         <name>.debug_info</name>
         <load_address>0x3dcc</load_address>
         <run_address>0x3dcc</run_address>
         <size>0x2dd</size>
         <input_file_ref idref="fl-12"/>
      </object_component>
      <object_component id="oc-48b">
         <name>.debug_info</name>
         <load_address>0x40a9</load_address>
         <run_address>0x40a9</run_address>
         <size>0x25d</size>
         <input_file_ref idref="fl-12"/>
      </object_component>
      <object_component id="oc-49d">
         <name>.debug_info</name>
         <load_address>0x4306</load_address>
         <run_address>0x4306</run_address>
         <size>0x25a</size>
         <input_file_ref idref="fl-12"/>
      </object_component>
      <object_component id="oc-418">
         <name>.debug_info</name>
         <load_address>0x4560</load_address>
         <run_address>0x4560</run_address>
         <size>0x586</size>
         <input_file_ref idref="fl-12"/>
      </object_component>
      <object_component id="oc-4bf">
         <name>.debug_info</name>
         <load_address>0x4ae6</load_address>
         <run_address>0x4ae6</run_address>
         <size>0x25b</size>
         <input_file_ref idref="fl-12"/>
      </object_component>
      <object_component id="oc-4c5">
         <name>.debug_info</name>
         <load_address>0x4d41</load_address>
         <run_address>0x4d41</run_address>
         <size>0x2c3</size>
         <input_file_ref idref="fl-12"/>
      </object_component>
      <object_component id="oc-472">
         <name>.debug_info</name>
         <load_address>0x5004</load_address>
         <run_address>0x5004</run_address>
         <size>0x4f6</size>
         <input_file_ref idref="fl-12"/>
      </object_component>
      <object_component id="oc-478">
         <name>.debug_info</name>
         <load_address>0x54fa</load_address>
         <run_address>0x54fa</run_address>
         <size>0x389</size>
         <input_file_ref idref="fl-12"/>
      </object_component>
      <object_component id="oc-3eb">
         <name>.debug_info</name>
         <load_address>0x5883</load_address>
         <run_address>0x5883</run_address>
         <size>0x2e1</size>
         <input_file_ref idref="fl-12"/>
      </object_component>
      <object_component id="oc-369">
         <name>.debug_info</name>
         <load_address>0x5b64</load_address>
         <run_address>0x5b64</run_address>
         <size>0x33f</size>
         <input_file_ref idref="fl-12"/>
      </object_component>
      <object_component id="oc-405">
         <name>.debug_info</name>
         <load_address>0x5ea3</load_address>
         <run_address>0x5ea3</run_address>
         <size>0x332</size>
         <input_file_ref idref="fl-12"/>
      </object_component>
      <object_component id="oc-36f">
         <name>.debug_info</name>
         <load_address>0x61d5</load_address>
         <run_address>0x61d5</run_address>
         <size>0x25a</size>
         <input_file_ref idref="fl-12"/>
      </object_component>
      <object_component id="oc-445">
         <name>.debug_info</name>
         <load_address>0x642f</load_address>
         <run_address>0x642f</run_address>
         <size>0x1cd</size>
         <input_file_ref idref="fl-12"/>
      </object_component>
      <object_component id="oc-112">
         <name>.debug_info</name>
         <load_address>0x65fc</load_address>
         <run_address>0x65fc</run_address>
         <size>0x835</size>
         <input_file_ref idref="fl-13"/>
      </object_component>
      <object_component id="oc-95">
         <name>.debug_info</name>
         <load_address>0x6e31</load_address>
         <run_address>0x6e31</run_address>
         <size>0x348</size>
         <input_file_ref idref="fl-13"/>
      </object_component>
      <object_component id="oc-11d">
         <name>.debug_info</name>
         <load_address>0x7179</load_address>
         <run_address>0x7179</run_address>
         <size>0x144</size>
         <input_file_ref idref="fl-13"/>
      </object_component>
      <object_component id="oc-358">
         <name>.debug_info</name>
         <load_address>0x72bd</load_address>
         <run_address>0x72bd</run_address>
         <size>0x144</size>
         <input_file_ref idref="fl-13"/>
      </object_component>
      <object_component id="oc-35b">
         <name>.debug_info</name>
         <load_address>0x7401</load_address>
         <run_address>0x7401</run_address>
         <size>0x144</size>
         <input_file_ref idref="fl-13"/>
      </object_component>
      <object_component id="oc-139">
         <name>.debug_info</name>
         <load_address>0x7545</load_address>
         <run_address>0x7545</run_address>
         <size>0x186</size>
         <input_file_ref idref="fl-13"/>
      </object_component>
      <object_component id="oc-35e">
         <name>.debug_info</name>
         <load_address>0x76cb</load_address>
         <run_address>0x76cb</run_address>
         <size>0x144</size>
         <input_file_ref idref="fl-13"/>
      </object_component>
      <object_component id="oc-361">
         <name>.debug_info</name>
         <load_address>0x780f</load_address>
         <run_address>0x780f</run_address>
         <size>0x152</size>
         <input_file_ref idref="fl-13"/>
      </object_component>
      <object_component id="oc-364">
         <name>.debug_info</name>
         <load_address>0x7961</load_address>
         <run_address>0x7961</run_address>
         <size>0x146</size>
         <input_file_ref idref="fl-13"/>
      </object_component>
      <object_component id="oc-121">
         <name>.debug_info</name>
         <load_address>0x7aa7</load_address>
         <run_address>0x7aa7</run_address>
         <size>0x20e</size>
         <input_file_ref idref="fl-13"/>
      </object_component>
      <object_component id="oc-a2">
         <name>.debug_info</name>
         <load_address>0x7cb5</load_address>
         <run_address>0x7cb5</run_address>
         <size>0x2f9</size>
         <input_file_ref idref="fl-13"/>
      </object_component>
      <object_component id="oc-3a5">
         <name>.debug_info</name>
         <load_address>0x7fae</load_address>
         <run_address>0x7fae</run_address>
         <size>0x2a6</size>
         <input_file_ref idref="fl-13"/>
      </object_component>
      <object_component id="oc-43d">
         <name>.debug_info</name>
         <load_address>0x8254</load_address>
         <run_address>0x8254</run_address>
         <size>0x2af</size>
         <input_file_ref idref="fl-13"/>
      </object_component>
      <object_component id="oc-4d7">
         <name>.debug_info</name>
         <load_address>0x8503</load_address>
         <run_address>0x8503</run_address>
         <size>0x290</size>
         <input_file_ref idref="fl-13"/>
      </object_component>
      <object_component id="oc-4af">
         <name>.debug_info</name>
         <load_address>0x8793</load_address>
         <run_address>0x8793</run_address>
         <size>0x269</size>
         <input_file_ref idref="fl-13"/>
      </object_component>
      <object_component id="oc-44b">
         <name>.debug_info</name>
         <load_address>0x89fc</load_address>
         <run_address>0x89fc</run_address>
         <size>0x201</size>
         <input_file_ref idref="fl-13"/>
      </object_component>
      <object_component id="oc-46c">
         <name>.debug_info</name>
         <load_address>0x8bfd</load_address>
         <run_address>0x8bfd</run_address>
         <size>0x213</size>
         <input_file_ref idref="fl-13"/>
      </object_component>
      <object_component id="oc-2a6">
         <name>.debug_info</name>
         <load_address>0x8e10</load_address>
         <run_address>0x8e10</run_address>
         <size>0x2f4</size>
         <input_file_ref idref="fl-13"/>
      </object_component>
      <object_component id="oc-2ac">
         <name>.debug_info</name>
         <load_address>0x9104</load_address>
         <run_address>0x9104</run_address>
         <size>0x2f0</size>
         <input_file_ref idref="fl-13"/>
      </object_component>
      <object_component id="oc-2be">
         <name>.debug_info</name>
         <load_address>0x93f4</load_address>
         <run_address>0x93f4</run_address>
         <size>0x275</size>
         <input_file_ref idref="fl-13"/>
      </object_component>
      <object_component id="oc-22d">
         <name>.debug_info</name>
         <load_address>0x9669</load_address>
         <run_address>0x9669</run_address>
         <size>0x4ab</size>
         <input_file_ref idref="fl-13"/>
      </object_component>
      <object_component id="oc-47f">
         <name>.debug_info</name>
         <load_address>0x9b14</load_address>
         <run_address>0x9b14</run_address>
         <size>0x224</size>
         <input_file_ref idref="fl-13"/>
      </object_component>
      <object_component id="oc-485">
         <name>.debug_info</name>
         <load_address>0x9d38</load_address>
         <run_address>0x9d38</run_address>
         <size>0x2f8</size>
         <input_file_ref idref="fl-13"/>
      </object_component>
      <object_component id="oc-9b">
         <name>.debug_info</name>
         <load_address>0xa030</load_address>
         <run_address>0xa030</run_address>
         <size>0x26f</size>
         <input_file_ref idref="fl-13"/>
      </object_component>
      <object_component id="oc-39f">
         <name>.debug_info</name>
         <load_address>0xa29f</load_address>
         <run_address>0xa29f</run_address>
         <size>0x1e4</size>
         <input_file_ref idref="fl-13"/>
      </object_component>
      <object_component id="oc-171">
         <name>.debug_info</name>
         <load_address>0xa483</load_address>
         <run_address>0xa483</run_address>
         <size>0x23b</size>
         <input_file_ref idref="fl-13"/>
      </object_component>
      <object_component id="oc-491">
         <name>.debug_info</name>
         <load_address>0xa6be</load_address>
         <run_address>0xa6be</run_address>
         <size>0x275</size>
         <input_file_ref idref="fl-13"/>
      </object_component>
      <object_component id="oc-458">
         <name>.debug_info</name>
         <load_address>0xa933</load_address>
         <run_address>0xa933</run_address>
         <size>0x342</size>
         <input_file_ref idref="fl-13"/>
      </object_component>
      <object_component id="oc-497">
         <name>.debug_info</name>
         <load_address>0xac75</load_address>
         <run_address>0xac75</run_address>
         <size>0x2d5</size>
         <input_file_ref idref="fl-13"/>
      </object_component>
      <object_component id="oc-4b6">
         <name>.debug_info</name>
         <load_address>0xaf4a</load_address>
         <run_address>0xaf4a</run_address>
         <size>0x1e6</size>
         <input_file_ref idref="fl-13"/>
      </object_component>
      <object_component id="oc-4a3">
         <name>.debug_info</name>
         <load_address>0xb130</load_address>
         <run_address>0xb130</run_address>
         <size>0x204</size>
         <input_file_ref idref="fl-13"/>
      </object_component>
      <object_component id="oc-3ab">
         <name>.debug_info</name>
         <load_address>0xb334</load_address>
         <run_address>0xb334</run_address>
         <size>0x223</size>
         <input_file_ref idref="fl-13"/>
      </object_component>
      <object_component id="oc-2e8">
         <name>.debug_info</name>
         <load_address>0xb557</load_address>
         <run_address>0xb557</run_address>
         <size>0x2b9</size>
         <input_file_ref idref="fl-13"/>
      </object_component>
      <object_component id="oc-23f">
         <name>.debug_info</name>
         <load_address>0xb810</load_address>
         <run_address>0xb810</run_address>
         <size>0x237</size>
         <input_file_ref idref="fl-13"/>
      </object_component>
      <object_component id="oc-1c1">
         <name>.debug_info</name>
         <load_address>0xba47</load_address>
         <run_address>0xba47</run_address>
         <size>0x169</size>
         <input_file_ref idref="fl-13"/>
      </object_component>
      <object_component id="oc-391">
         <name>.debug_info</name>
         <load_address>0xbbb0</load_address>
         <run_address>0xbbb0</run_address>
         <size>0x813</size>
         <input_file_ref idref="fl-14"/>
      </object_component>
      <object_component id="oc-375">
         <name>.debug_info</name>
         <load_address>0xc3c3</load_address>
         <run_address>0xc3c3</run_address>
         <size>0x127</size>
         <input_file_ref idref="fl-14"/>
      </object_component>
      <object_component id="oc-378">
         <name>.debug_info</name>
         <load_address>0xc4ea</load_address>
         <run_address>0xc4ea</run_address>
         <size>0x127</size>
         <input_file_ref idref="fl-14"/>
      </object_component>
      <object_component id="oc-37b">
         <name>.debug_info</name>
         <load_address>0xc611</load_address>
         <run_address>0xc611</run_address>
         <size>0x15f</size>
         <input_file_ref idref="fl-14"/>
      </object_component>
      <object_component id="oc-2d7">
         <name>.debug_info</name>
         <load_address>0xc770</load_address>
         <run_address>0xc770</run_address>
         <size>0x11b</size>
         <input_file_ref idref="fl-14"/>
      </object_component>
      <object_component id="oc-412">
         <name>.debug_info</name>
         <load_address>0xc88b</load_address>
         <run_address>0xc88b</run_address>
         <size>0x372</size>
         <input_file_ref idref="fl-14"/>
      </object_component>
      <object_component id="oc-2cb">
         <name>.debug_info</name>
         <load_address>0xcbfd</load_address>
         <run_address>0xcbfd</run_address>
         <size>0x237</size>
         <input_file_ref idref="fl-14"/>
      </object_component>
      <object_component id="oc-233">
         <name>.debug_info</name>
         <load_address>0xce34</load_address>
         <run_address>0xce34</run_address>
         <size>0x1ee</size>
         <input_file_ref idref="fl-14"/>
      </object_component>
      <object_component id="oc-37f">
         <name>.debug_info</name>
         <load_address>0xd022</load_address>
         <run_address>0xd022</run_address>
         <size>0x20b</size>
         <input_file_ref idref="fl-14"/>
      </object_component>
      <object_component id="oc-451">
         <name>.debug_info</name>
         <load_address>0xd22d</load_address>
         <run_address>0xd22d</run_address>
         <size>0x24d</size>
         <input_file_ref idref="fl-14"/>
      </object_component>
      <object_component id="oc-2d9">
         <name>.debug_info</name>
         <load_address>0xd47a</load_address>
         <run_address>0xd47a</run_address>
         <size>0x270</size>
         <input_file_ref idref="fl-14"/>
      </object_component>
      <object_component id="oc-40c">
         <name>.debug_info</name>
         <load_address>0xd6ea</load_address>
         <run_address>0xd6ea</run_address>
         <size>0x2d1</size>
         <input_file_ref idref="fl-14"/>
      </object_component>
      <object_component id="oc-3ff">
         <name>.debug_info</name>
         <load_address>0xd9bb</load_address>
         <run_address>0xd9bb</run_address>
         <size>0x287</size>
         <input_file_ref idref="fl-14"/>
      </object_component>
      <object_component id="oc-385">
         <name>.debug_info</name>
         <load_address>0xdc42</load_address>
         <run_address>0xdc42</run_address>
         <size>0x341</size>
         <input_file_ref idref="fl-14"/>
      </object_component>
      <object_component id="oc-38b">
         <name>.debug_info</name>
         <load_address>0xdf83</load_address>
         <run_address>0xdf83</run_address>
         <size>0x2dd</size>
         <input_file_ref idref="fl-14"/>
      </object_component>
      <object_component id="oc-2d1">
         <name>.debug_info</name>
         <load_address>0xe260</load_address>
         <run_address>0xe260</run_address>
         <size>0x222</size>
         <input_file_ref idref="fl-14"/>
      </object_component>
      <object_component id="oc-41e">
         <name>.debug_info</name>
         <load_address>0xe482</load_address>
         <run_address>0xe482</run_address>
         <size>0x1ce</size>
         <input_file_ref idref="fl-14"/>
      </object_component>
      <object_component id="oc-115">
         <name>.debug_info</name>
         <load_address>0xe650</load_address>
         <run_address>0xe650</run_address>
         <size>0x404</size>
         <input_file_ref idref="fl-15"/>
      </object_component>
      <object_component id="oc-98">
         <name>.debug_info</name>
         <load_address>0xea54</load_address>
         <run_address>0xea54</run_address>
         <size>0x172</size>
         <input_file_ref idref="fl-15"/>
      </object_component>
      <object_component id="oc-2e4">
         <name>.debug_info</name>
         <load_address>0xebc6</load_address>
         <run_address>0xebc6</run_address>
         <size>0x159</size>
         <input_file_ref idref="fl-15"/>
      </object_component>
      <object_component id="oc-45">
         <name>.debug_info</name>
         <load_address>0xed1f</load_address>
         <run_address>0xed1f</run_address>
         <size>0x244</size>
         <input_file_ref idref="fl-15"/>
      </object_component>
      <object_component id="oc-2de">
         <name>.debug_info</name>
         <load_address>0xef63</load_address>
         <run_address>0xef63</run_address>
         <size>0x235</size>
         <input_file_ref idref="fl-15"/>
      </object_component>
      <object_component id="oc-239">
         <name>.debug_info</name>
         <load_address>0xf198</load_address>
         <run_address>0xf198</run_address>
         <size>0x27d</size>
         <input_file_ref idref="fl-15"/>
      </object_component>
      <object_component id="oc-2c4">
         <name>.debug_info</name>
         <load_address>0xf415</load_address>
         <run_address>0xf415</run_address>
         <size>0x227</size>
         <input_file_ref idref="fl-15"/>
      </object_component>
      <object_component id="oc-2b8">
         <name>.debug_info</name>
         <load_address>0xf63c</load_address>
         <run_address>0xf63c</run_address>
         <size>0x229</size>
         <input_file_ref idref="fl-15"/>
      </object_component>
      <object_component id="oc-2b2">
         <name>.debug_info</name>
         <load_address>0xf865</load_address>
         <run_address>0xf865</run_address>
         <size>0x2de</size>
         <input_file_ref idref="fl-15"/>
      </object_component>
      <object_component id="oc-34a">
         <name>.debug_info</name>
         <load_address>0xfb43</load_address>
         <run_address>0xfb43</run_address>
         <size>0x217</size>
         <input_file_ref idref="fl-15"/>
      </object_component>
      <object_component id="oc-40">
         <name>.debug_info</name>
         <load_address>0xfd5a</load_address>
         <run_address>0xfd5a</run_address>
         <size>0x2a7</size>
         <input_file_ref idref="fl-16"/>
      </object_component>
      <object_component id="oc-3db">
         <name>.debug_info</name>
         <load_address>0x10001</load_address>
         <run_address>0x10001</run_address>
         <size>0x3cd</size>
         <input_file_ref idref="fl-17"/>
      </object_component>
      <object_component id="oc-42c">
         <name>.debug_info</name>
         <load_address>0x103ce</load_address>
         <run_address>0x103ce</run_address>
         <size>0x140</size>
         <input_file_ref idref="fl-17"/>
      </object_component>
      <object_component id="oc-3d5">
         <name>.debug_info</name>
         <load_address>0x1050e</load_address>
         <run_address>0x1050e</run_address>
         <size>0x140</size>
         <input_file_ref idref="fl-17"/>
      </object_component>
      <object_component id="oc-3d8">
         <name>.debug_info</name>
         <load_address>0x1064e</load_address>
         <run_address>0x1064e</run_address>
         <size>0x13c</size>
         <input_file_ref idref="fl-17"/>
      </object_component>
      <object_component id="oc-3d2">
         <name>.debug_info</name>
         <load_address>0x1078a</load_address>
         <run_address>0x1078a</run_address>
         <size>0x15a</size>
         <input_file_ref idref="fl-17"/>
      </object_component>
      <object_component id="oc-33c">
         <name>.debug_info</name>
         <load_address>0x108e4</load_address>
         <run_address>0x108e4</run_address>
         <size>0x2a0</size>
         <input_file_ref idref="fl-17"/>
      </object_component>
      <object_component id="oc-3cc">
         <name>.debug_info</name>
         <load_address>0x10b84</load_address>
         <run_address>0x10b84</run_address>
         <size>0x211</size>
         <input_file_ref idref="fl-17"/>
      </object_component>
      <object_component id="oc-336">
         <name>.debug_info</name>
         <load_address>0x10d95</load_address>
         <run_address>0x10d95</run_address>
         <size>0x383</size>
         <input_file_ref idref="fl-17"/>
      </object_component>
      <object_component id="oc-433">
         <name>.debug_info</name>
         <load_address>0x11118</load_address>
         <run_address>0x11118</run_address>
         <size>0x62</size>
         <input_file_ref idref="fl-17"/>
      </object_component>
      <object_component id="oc-28f">
         <name>.debug_info</name>
         <load_address>0x1117a</load_address>
         <run_address>0x1117a</run_address>
         <size>0x2e3</size>
         <input_file_ref idref="fl-18"/>
      </object_component>
      <object_component id="oc-289">
         <name>.debug_info</name>
         <load_address>0x1145d</load_address>
         <run_address>0x1145d</run_address>
         <size>0x124</size>
         <input_file_ref idref="fl-18"/>
      </object_component>
      <object_component id="oc-286">
         <name>.debug_info</name>
         <load_address>0x11581</load_address>
         <run_address>0x11581</run_address>
         <size>0x12c</size>
         <input_file_ref idref="fl-18"/>
      </object_component>
      <object_component id="oc-283">
         <name>.debug_info</name>
         <load_address>0x116ad</load_address>
         <run_address>0x116ad</run_address>
         <size>0x130</size>
         <input_file_ref idref="fl-18"/>
      </object_component>
      <object_component id="oc-32a">
         <name>.debug_info</name>
         <load_address>0x117dd</load_address>
         <run_address>0x117dd</run_address>
         <size>0x219</size>
         <input_file_ref idref="fl-18"/>
      </object_component>
      <object_component id="oc-299">
         <name>.debug_info</name>
         <load_address>0x119f6</load_address>
         <run_address>0x119f6</run_address>
         <size>0x34b</size>
         <input_file_ref idref="fl-18"/>
      </object_component>
      <object_component id="oc-21f">
         <name>.debug_info</name>
         <load_address>0x11d41</load_address>
         <run_address>0x11d41</run_address>
         <size>0x1e6</size>
         <input_file_ref idref="fl-18"/>
      </object_component>
      <object_component id="oc-28b">
         <name>.debug_info</name>
         <load_address>0x11f27</load_address>
         <run_address>0x11f27</run_address>
         <size>0x264</size>
         <input_file_ref idref="fl-18"/>
      </object_component>
      <object_component id="oc-201">
         <name>.debug_info</name>
         <load_address>0x1218b</load_address>
         <run_address>0x1218b</run_address>
         <size>0x27c</size>
         <input_file_ref idref="fl-18"/>
      </object_component>
      <object_component id="oc-5f">
         <name>.debug_info</name>
         <load_address>0x12407</load_address>
         <run_address>0x12407</run_address>
         <size>0x119</size>
         <input_file_ref idref="fl-d5"/>
      </object_component>
[...]
               <logical_group_ref idref="lg-a"/>
            </allocated_space>
            <available_space>
               <start_address>0x200079c0</start_address>
               <size>0x640</size>
            </available_space>
         </usage_details>
      </memory_area>
   </placement_map>
   <cptbl_list>
      <cptbl>
         <name>__TI_cinit_table</name>
         <cprec>
            <name>.data</name>
            <load_address>0x2180</load_address>
            <load_size>0x10</load_size>
            <run_address>0x20007970</run_address>
            <run_size>0x50</run_size>
            <compression>lzss</compression>
         </cprec>
         <cprec>
            <name>.bss</name>
            <load_address>0x21a0</load_address>
            <load_size>0x8</load_size>
            <run_address>0x20000000</run_address>
            <run_size>0x776c</run_size>
            <compression>zero_init</compression>
         </cprec>
      </cptbl>
   </cptbl_list>
   <handler_table>
      <handler_table_name>__TI_handler_table</handler_table_name>
      <handler>
         <index>0x0</index>
         <name>__TI_decompress_lzss</name>
      </handler>
      <handler>
         <index>0x1</index>
         <name>__TI_decompress_none</name>
      </handler>
      <handler>
         <index>0x2</index>
         <name>__TI_zero_init</name>
      </handler>
   </handler_table>
   <symbol_table>
      <symbol id="sm-1">
         <name>__STACK_TOP</name>
         <value>0x20007970</value>
      </symbol>
      <symbol id="sm-2">
         <name>__start___llvm_prf_cnts</name>
         <value>0x20000000</value>
      </symbol>
      <symbol id="sm-3">
         <name>__stop___llvm_prf_cnts</name>
         <value>0x20000000</value>
      </symbol>
      <symbol id="sm-4">
         <name>__TI_CINIT_Base</name>
         <value>0x21a8</value>
      </symbol>
      <symbol id="sm-5">
         <name>__TI_CINIT_Limit</name>
         <value>0x21b8</value>
      </symbol>
      <symbol id="sm-6">
         <name>__TI_Handler_Table_Base</name>
         <value>0x2190</value>
      </symbol>
      <symbol id="sm-7">
         <name>__TI_Handler_Table_Limit</name>
         <value>0x219c</value>
      </symbol>
      <symbol id="sm-8">
         <name>binit</name>
         <value>0xffffffff</value>
      </symbol>
      <symbol id="sm-9">
         <name>__binit__</name>
         <value>0xffffffff</value>
      </symbol>
      <symbol id="sm-a">
         <name>__STACK_SIZE</name>
         <value>0x200</value>
      </symbol>
      <symbol id="sm-b">
         <name>__STACK_END</name>
         <value>0x20007970</value>
      </symbol>
      <symbol id="sm-c">
         <name>__c_args__</name>
         <value>0xffffffff</value>
      </symbol>
      <symbol id="sm-d">
         <name>__TI_pprof_out_hndl</name>
         <value>0xffffffff</value>
      </symbol>
      <symbol id="sm-e">
         <name>__TI_prof_data_start</name>
         <value>0xffffffff</value>
      </symbol>
      <symbol id="sm-f">
         <name>__TI_prof_data_size</name>
         <value>0xffffffff</value>
      </symbol>
      <symbol id="sm-a0">
         <name>Idle</name>
         <value>0x200079b8</value>
         <object_component_ref idref="oc-3b1"/>
      </symbol>
      <symbol id="sm-a1">
         <name>vApplicationStackOverflowHook</name>
         <value>0x1793</value>
         <object_component_ref idref="oc-116"/>
      </symbol>
      <symbol id="sm-a2">
         <name>UART0IntHandler</name>
         <value>0x190d</value>
         <object_component_ref idref="oc-4a"/>
      </symbol>
      <symbol id="sm-a3">
         <name>vApplicationIdleHook</name>
         <value>0x1f8d</value>
         <object_component_ref idref="oc-2ed"/>
      </symbol>
      <symbol id="sm-a4">
         <name>main</name>
         <value>0x1e21</value>
         <object_component_ref idref="oc-fe"/>
      </symbol>
      <symbol id="sm-a5">
         <name>vApplicationTickHook</name>
         <value>0x1c0f</value>
         <object_component_ref idref="oc-132"/>
      </symbol>
      <symbol id="sm-db">
         <name>ResetISR</name>
         <value>0x203b</value>
         <object_component_ref idref="oc-27"/>
      </symbol>
      <symbol id="sm-dc">
         <name>g_pfnVectors</name>
         <value>0x0</value>
         <object_component_ref idref="oc-12"/>
      </symbol>
      <symbol id="sm-ed">
         <name>Uart_Init</name>
         <value>0xf4d</value>
         <object_component_ref idref="oc-164"/>
      </symbol>
      <symbol id="sm-129">
         <name>uxListRemove</name>
         <value>0x1dc1</value>
         <object_component_ref idref="oc-126"/>
      </symbol>
      <symbol id="sm-12a">
         <name>vListInsert</name>
         <value>0x1bd7</value>
         <object_component_ref idref="oc-464"/>
      </symbol>
      <symbol id="sm-12b">
         <name>vListInitialiseItem</name>
         <value>0x2053</value>
         <object_component_ref idref="oc-342"/>
      </symbol>
      <symbol id="sm-12c">
         <name>vListInsertEnd</name>
         <value>0x1ec1</value>
         <object_component_ref idref="oc-12c"/>
      </symbol>
      <symbol id="sm-12d">
         <name>vListInitialise</name>
         <value>0x1f09</value>
         <object_component_ref idref="oc-351"/>
      </symbol>
      <symbol id="sm-1d6">
         <name>xQueueRegistry</name>
         <value>0x20007670</value>
      </symbol>
      <symbol id="sm-1d7">
         <name>xQueueGenericSendFromISR</name>
         <value>0x1689</value>
         <object_component_ref idref="oc-477"/>
      </symbol>
      <symbol id="sm-1d8">
         <name>vQueueAddToRegistry</name>
         <value>0x1de1</value>
         <object_component_ref idref="oc-36e"/>
      </symbol>
      <symbol id="sm-1d9">
         <name>xQueueGenericCreate</name>
         <value>0x1b61</value>
         <object_component_ref idref="oc-368"/>
      </symbol>
      <symbol id="sm-1da">
         <name>xQueueGenericSend</name>
         <value>0x9a5</value>
         <object_component_ref idref="oc-471"/>
      </symbol>
      <symbol id="sm-1db">
         <name>xQueueGenericReset</name>
         <value>0xfd5</value>
         <object_component_ref idref="oc-3ea"/>
      </symbol>
      <symbol id="sm-1dc">
         <name>xQueueGenericReceive</name>
         <value>0x58d</value>
         <object_component_ref idref="oc-417"/>
      </symbol>
      <symbol id="sm-1dd">
         <name>vQueueWaitForMessageRestricted</name>
         <value>0x1aa1</value>
         <object_component_ref idref="oc-404"/>
      </symbol>
      <symbol id="sm-3a5">
         <name>vTaskSuspendAll</name>
         <value>0x1f9d</value>
         <object_component_ref idref="oc-39e"/>
      </symbol>
      <symbol id="sm-3a6">
         <name>vTaskPriorityInherit</name>
         <value>0xe31</value>
         <object_component_ref idref="oc-490"/>
      </symbol>
      <symbol id="sm-3a7">
         <name>vTaskPlaceOnEventList</name>
         <value>0x1445</value>
         <object_component_ref idref="oc-496"/>
      </symbol>
      <symbol id="sm-3a8">
         <name>xTaskCheckForTimeOut</name>
         <value>0x1795</value>
         <object_component_ref idref="oc-484"/>
      </symbol>
      <symbol id="sm-3a9">
         <name>xTaskPriorityDisinherit</name>
         <value>0x10d5</value>
         <object_component_ref idref="oc-4d6"/>
      </symbol>
      <symbol id="sm-3aa">
         <name>vTaskStartScheduler</name>
         <value>0x13dd</value>
         <object_component_ref idref="oc-170"/>
      </symbol>
      <symbol id="sm-3ab">
         <name>pvTaskIncrementMutexHeldCount</name>
         <value>0x1ea9</value>
         <object_component_ref idref="oc-4a2"/>
      </symbol>
      <symbol id="sm-3ac">
         <name>vTaskMissedYield</name>
         <value>0x1ffd</value>
         <object_component_ref idref="oc-4b5"/>
      </symbol>
      <symbol id="sm-3ad">
         <name>xTaskResumeAll</name>
         <value>0xa8d</value>
         <object_component_ref idref="oc-3a4"/>
      </symbol>
      <symbol id="sm-3ae">
         <name>xTaskGetTickCount</name>
         <value>0x2009</value>
         <object_component_ref idref="oc-44a"/>
      </symbol>
      <symbol id="sm-3af">
         <name>xTaskGenericCreate</name>
         <value>0x7b1</value>
         <object_component_ref idref="oc-22c"/>
      </symbol>
      <symbol id="sm-3b0">
         <name>pxCurrentTCB</name>
         <value>0x20007970</value>
         <object_component_ref idref="oc-94"/>
      </symbol>
      <symbol id="sm-3b1">
         <name>vTaskPlaceOnEventListRestricted</name>
         <value>0x1375</value>
         <object_component_ref idref="oc-457"/>
      </symbol>
      <symbol id="sm-3b2">
         <name>vTaskSetTimeOutState</name>
         <value>0x1ef1</value>
         <object_component_ref idref="oc-47e"/>
      </symbol>
      <symbol id="sm-3b3">
         <name>xTaskIncrementTick</name>
         <value>0x6a5</value>
         <object_component_ref idref="oc-a1"/>
      </symbol>
      <symbol id="sm-3b4">
         <name>vTaskSwitchContext</name>
         <value>0xec1</value>
         <object_component_ref idref="oc-9a"/>
      </symbol>
      <symbol id="sm-3b5">
         <name>xTaskGetSchedulerState</name>
         <value>0x1e01</value>
         <object_component_ref idref="oc-46b"/>
      </symbol>
      <symbol id="sm-3b6">
         <name>xTaskRemoveFromEventList</name>
         <value>0x114d</value>
         <object_component_ref idref="oc-43c"/>
      </symbol>
      <symbol id="sm-479">
         <name>xTimerCreateTimerTask</name>
         <value>0x1b21</value>
         <object_component_ref idref="oc-232"/>
      </symbol>
      <symbol id="sm-47a">
         <name>xTimerGenericCommand</name>
         <value>0x1a1d</value>
         <object_component_ref idref="oc-411"/>
      </symbol>
      <symbol id="sm-4d4">
         <name>ulMaxSyscallInterruptPriority</name>
         <value>0x217c</value>
         <object_component_ref idref="oc-97"/>
      </symbol>
      <symbol id="sm-4d5">
         <name>vPortSetupTimerInterrupt</name>
         <value>0x1f35</value>
         <object_component_ref idref="oc-2dd"/>
      </symbol>
      <symbol id="sm-4d6">
         <name>xPortSysTickHandler</name>
         <value>0x1ca9</value>
         <object_component_ref idref="oc-44"/>
      </symbol>
      <symbol id="sm-4d7">
         <name>pxPortInitialiseStack</name>
         <value>0x1d51</value>
         <object_component_ref idref="oc-2b1"/>
      </symbol>
      <symbol id="sm-4d8">
         <name>vPortExitCritical</name>
         <value>0x1ed9</value>
         <object_component_ref idref="oc-2c3"/>
      </symbol>
      <symbol id="sm-4d9">
         <name>xPortStartScheduler</name>
         <value>0x1ae1</value>
         <object_component_ref idref="oc-238"/>
      </symbol>
      <symbol id="sm-4da">
         <name>vPortEnterCritical</name>
         <value>0x1e59</value>
         <object_component_ref idref="oc-2b7"/>
      </symbol>
      <symbol id="sm-4e9">
         <name>vPortStartFirstTask</name>
         <value>0xc19</value>
         <object_component_ref idref="oc-3f"/>
      </symbol>
      <symbol id="sm-4ea">
         <name>ulPortGetIPSR</name>
         <value>0xb81</value>
         <object_component_ref idref="oc-3f"/>
      </symbol>
      <symbol id="sm-4eb">
         <name>vPortEnableVFP</name>
         <value>0xc35</value>
         <object_component_ref idref="oc-3f"/>
      </symbol>
      <symbol id="sm-4ec">
         <name>xPortPendSVHandler</name>
         <value>0xb99</value>
         <object_component_ref idref="oc-3f"/>
      </symbol>
      <symbol id="sm-4ed">
         <name>vPortSVCHandler</name>
         <value>0xbf9</value>
         <object_component_ref idref="oc-3f"/>
      </symbol>
      <symbol id="sm-542">
         <name>pvPortMalloc</name>
         <value>0xc45</value>
         <object_component_ref idref="oc-335"/>
      </symbol>
      <symbol id="sm-543">
         <name>vPortFree</name>
         <value>0x19d9</value>
         <object_component_ref idref="oc-33b"/>
      </symbol>
      <symbol id="sm-5b1">
         <name>UARTStdioConfig</name>
         <value>0x150d</value>
         <object_component_ref idref="oc-200"/>
      </symbol>
      <symbol id="sm-5b2">
         <name>UARTwrite</name>
         <value>0x187d</value>
         <object_component_ref idref="oc-329"/>
      </symbol>
      <symbol id="sm-5b3">
         <name>UARTprintf</name>
         <value>0x1e75</value>
         <object_component_ref idref="oc-21e"/>
      </symbol>
      <symbol id="sm-5b4">
         <name>UARTvprintf</name>
         <value>0x26d</value>
         <object_component_ref idref="oc-298"/>
      </symbol>
      <symbol id="sm-5d1">
         <name>memcpy</name>
         <value>0xd95</value>
         <object_component_ref idref="oc-5e"/>
      </symbol>
      <symbol id="sm-5d2">
         <name>__aeabi_memcpy</name>
         <value>0xd95</value>
         <object_component_ref idref="oc-5e"/>
      </symbol>
      <symbol id="sm-5d3">
         <name>__aeabi_memcpy8</name>
         <value>0xd95</value>
         <object_component_ref idref="oc-5e"/>
      </symbol>
      <symbol id="sm-5d4">
         <name>__aeabi_memcpy4</name>
         <value>0xd95</value>
         <object_component_ref idref="oc-5e"/>
      </symbol>
      <symbol id="sm-5e3">
         <name>__aeabi_memset</name>
         <value>0x105b</value>
         <object_component_ref idref="oc-f2"/>
      </symbol>
      <symbol id="sm-5e4">
         <name>memset</name>
         <value>0x1061</value>
         <object_component_ref idref="oc-f2"/>
      </symbol>
      <symbol id="sm-5e5">
         <name>__aeabi_memset8</name>
         <value>0x105b</value>
         <object_component_ref idref="oc-f2"/>
      </symbol>
      <symbol id="sm-5e6">
         <name>__aeabi_memset4</name>
         <value>0x105b</value>
         <object_component_ref idref="oc-f2"/>
      </symbol>
      <symbol id="sm-5e7">
         <name>__aeabi_memclr8</name>
         <value>0x1059</value>
         <object_component_ref idref="oc-f2"/>
      </symbol>
      <symbol id="sm-5e8">
         <name>__aeabi_memclr4</name>
         <value>0x1059</value>
         <object_component_ref idref="oc-f2"/>
      </symbol>
      <symbol id="sm-5e9">
         <name>__aeabi_memclr</name>
         <value>0x1059</value>
         <object_component_ref idref="oc-f2"/>
      </symbol>
      <symbol id="sm-5f8">
         <name>__aeabi_uidivmod</name>
         <value>0x1a61</value>
         <object_component_ref idref="oc-32f"/>
      </symbol>
      <symbol id="sm-5f9">
         <name>__aeabi_uidiv</name>
         <value>0x1a61</value>
         <object_component_ref idref="oc-32f"/>
      </symbol>
      <symbol id="sm-610">
         <name>__TI_zero_init</name>
         <value>0x1fe3</value>
         <object_component_ref idref="oc-70"/>
      </symbol>
      <symbol id="sm-627">
         <name>__TI_decompress_none</name>
         <value>0x1fc9</value>
         <object_component_ref idref="oc-1b"/>
      </symbol>
      <symbol id="sm-64a">
         <name>__TI_decompress_lzss</name>
         <value>0x130d</value>
         <object_component_ref idref="oc-15"/>
      </symbol>
      <symbol id="sm-65d">
         <name>__stack</name>
         <value>0x20007770</value>
         <object_component_ref idref="oc-24"/>
      </symbol>
      <symbol id="sm-65e">
         <name>_c_int00_noargs</name>
         <value>0x1c45</value>
         <object_component_ref idref="oc-7c"/>
      </symbol>
      <symbol id="sm-668">
         <name>__aeabi_idiv0</name>
         <value>0x150b</value>
         <object_component_ref idref="oc-3c5"/>
      </symbol>
      <symbol id="sm-669">
         <name>__aeabi_ldiv0</name>
         <value>0x150b</value>
         <object_component_ref idref="oc-3c5"/>
      </symbol>
      <symbol id="sm-691">
         <name>__TI_auto_init_nobinit_nopinit</name>
         <value>0x1951</value>
         <object_component_ref idref="oc-183"/>
      </symbol>
      <symbol id="sm-69b">
         <name>_system_pre_init</name>
         <value>0x205d</value>
         <object_component_ref idref="oc-f8"/>
      </symbol>
      <symbol id="sm-6a7">
         <name>C$$EXIT</name>
         <value>0x2061</value>
         <object_component_ref idref="oc-177"/>
      </symbol>
      <symbol id="sm-6a8">
         <name>abort</name>
         <value>0x2061</value>
         <object_component_ref idref="oc-177"/>
      </symbol>
      <symbol id="sm-6e1">
         <name>GPIOPinConfigure</name>
         <value>0x1835</value>
         <object_component_ref idref="oc-1ee"/>
      </symbol>
      <symbol id="sm-6e2">
         <name>GPIOPinTypeUART</name>
         <value>0x1f49</value>
         <object_component_ref idref="oc-1f4"/>
      </symbol>
      <symbol id="sm-6e3">
         <name>GPIODirModeSet</name>
         <value>0x1cd5</value>
         <object_component_ref idref="oc-274"/>
      </symbol>
      <symbol id="sm-6e4">
         <name>GPIOPadConfigSet</name>
         <value>0x45b</value>
         <object_component_ref idref="oc-27a"/>
      </symbol>
      <symbol id="sm-714">
         <name>IntEnable</name>
         <value>0x12a5</value>
         <object_component_ref idref="oc-212"/>
      </symbol>
      <symbol id="sm-715">
         <name>IntMasterEnable</name>
         <value>0x1f6d</value>
         <object_component_ref idref="oc-16a"/>
      </symbol>
      <symbol id="sm-741">
         <name>SysCtlClockSet</name>
         <value>0x8b1</value>
         <object_component_ref idref="oc-15e"/>
      </symbol>
      <symbol id="sm-742">
         <name>SysCtlDelay</name>
         <value>0x2041</value>
         <object_component_ref idref="oc-1e5"/>
      </symbol>
      <symbol id="sm-743">
         <name>SysCtlPeripheralEnable</name>
         <value>0x1c11</value>
         <object_component_ref idref="oc-1e8"/>
      </symbol>
      <symbol id="sm-793">
         <name>UARTCharPutNonBlocking</name>
         <value>0x1fad</value>
         <object_component_ref idref="oc-ba"/>
      </symbol>
      <symbol id="sm-794">
         <name>UARTIntEnable</name>
         <value>0x2033</value>
         <object_component_ref idref="oc-218"/>
      </symbol>
      <symbol id="sm-795">
         <name>UARTCharsAvail</name>
         <value>0x1fbb</value>
         <object_component_ref idref="oc-c0"/>
      </symbol>
      <symbol id="sm-796">
         <name>UARTClockSourceSet</name>
         <value>0x2047</value>
         <object_component_ref idref="oc-1fa"/>
      </symbol>
      <symbol id="sm-797">
         <name>UARTFIFOEnable</name>
         <value>0x201f</value>
         <object_component_ref idref="oc-20c"/>
      </symbol>
      <symbol id="sm-798">
         <name>UARTIntClear</name>
         <value>0x2059</value>
         <object_component_ref idref="oc-ae"/>
      </symbol>
      <symbol id="sm-799">
         <name>UARTIntStatus</name>
         <value>0x2029</value>
         <object_component_ref idref="oc-a8"/>
      </symbol>
      <symbol id="sm-79a">
         <name>UARTCharGet</name>
         <value>0x2015</value>
         <object_component_ref idref="oc-b4"/>
      </symbol>
      <symbol id="sm-79b">
         <name>UARTFIFOLevelSet</name>
         <value>0x204d</value>
         <object_component_ref idref="oc-206"/>
      </symbol>
      <symbol id="sm-7a5">
         <name>CPUcpsie</name>
         <value>0x1fd7</value>
         <object_component_ref idref="oc-225"/>
      </symbol>
      <symbol id="sm-7a6">
         <name>__TI_static_base__</name>
         <value>0x0</value>
      </symbol>
      <symbol id="sm-7a9">
         <name>__mpu_init</name>
         <value>0x0</value>
      </symbol>
      <symbol id="sm-7aa">
         <name>_system_post_cinit</name>
         <value>0x0</value>
      </symbol>
   </symbol_table>
   <title>Link successful</title>
</link_info>
